--------- beginning of system
D/ActivityThread( 2619): SVC-SERVICE_ARGS handled : 0 / ServiceArgsData{token=android.os.BinderProxy@2ffa6d64 startId=64 args=Intent { act=cn.egame.terminal.sdk.RECEIVER_CMD cmp=com.halfbrick.fruitninja/cn.egame.terminal.sdk.EgameCoreService (has extras) }}
W/ResourcesManager( 1595): Asset path '/system/framework/android.test.runner.jar' does not exist or contains no resources.
D/PMS     (  832): userActivityNoUpdateLocked: eventTime=56117508, event=2, flags=0x0, uid=1000
D/PMN     (  832): onUserActivity: event=2, uid=1000
D/PMS     (  832): updateUserActivitySummaryLocked: mWakefulness=Awake, mUserActivitySummary=0x1,56117509,4,7000,3600000, nextTimeout=59710508 (in 3592999 ms)
D/PMS     (  832): mDisplayPowerRequest.policy = 3
D/WifiDisplayAdapter(  832): getWifiDisplayStatusLocked: result=WifiDisplayStatus{featureState=2, scanState=0, activeDisplayState=0, activeDisplay=null, displays=[], sessionInfo=WifiDisplaySessionInfo: C/O:Client,GId:,Pp:,SId:0,IP:}
D/PMS     (  832): isWfdEnabled() mWfdStatus=WifiDisplayStatus{featureState=2, scanState=0, activeDisplayState=0, activeDisplay=null, displays=[], sessionInfo=WifiDisplaySessionInfo: C/O:Client,GId:,Pp:,SId:0,IP:}, return false
D/XAN-DPC (  832): requestPowerState: policy=BRIGHT, useProximitySensor=false, screenBrightness=142, screenAutoBrightnessAdjustment=0.0, useAutoBrightness=true, blockScreenOn=false, lowPowerMode=false, dozeScreenBrightness=-1, useOverrideBrightness=false, screenAutoBrightnessPercentage=100, dozeScreenState=UNKNOWN, waitForNegativeProximity=false
I/PMS     (  832): setBrightness mButtonLight 0.
D/PMS     (  832): acquireHCC(ccca1c3): CPU_MIN_NUM PrismScroll_2 0x8000 1595 10057 null
D/PMS     (  832): updateWakeLockSummaryLocked: mWakefulness=Awake, mWakeLockSummary=0x23
D/PMS     (  832): updateUserActivitySummaryLocked: mWakefulness=Awake, mUserActivitySummary=0x1,56117587,1,7000,3600000, nextTimeout=59710508 (in 3592921 ms)
D/PMS     (  832): mDisplayPowerRequest.policy = 3
D/WifiDisplayAdapter(  832): getWifiDisplayStatusLocked: result=WifiDisplayStatus{featureState=2, scanState=0, activeDisplayState=0, activeDisplay=null, displays=[], sessionInfo=WifiDisplaySessionInfo: C/O:Client,GId:,Pp:,SId:0,IP:}
D/PMS     (  832): isWfdEnabled() mWfdStatus=WifiDisplayStatus{featureState=2, scanState=0, activeDisplayState=0, activeDisplay=null, displays=[], sessionInfo=WifiDisplaySessionInfo: C/O:Client,GId:,Pp:,SId:0,IP:}, return false
D/XAN-DPC (  832): requestPowerState: policy=BRIGHT, useProximitySensor=false, screenBrightness=142, screenAutoBrightnessAdjustment=0.0, useAutoBrightness=true, blockScreenOn=false, lowPowerMode=false, dozeScreenBrightness=-1, useOverrideBrightness=false, screenAutoBrightnessPercentage=100, dozeScreenState=UNKNOWN, waitForNegativeProximity=false
I/PMS     (  832): setBrightness mButtonLight 0.
D/PMS     (  832): acquireHCC(2c3c7a40): CPU_MIN_FREQ PrismScroll_2 0x2000 1595 10057 null
D/PMS     (  832): updateWakeLockSummaryLocked: mWakefulness=Awake, mWakeLockSummary=0x23
D/PMS     (  832): updateUserActivitySummaryLocked: mWakefulness=Awake, mUserActivitySummary=0x1,56117589,1,7000,3600000, nextTimeout=59710508 (in 3592919 ms)
D/PMS     (  832): mDisplayPowerRequest.policy = 3
D/WifiDisplayAdapter(  832): getWifiDisplayStatusLocked: result=WifiDisplayStatus{featureState=2, scanState=0, activeDisplayState=0, activeDisplay=null, displays=[], sessionInfo=WifiDisplaySessionInfo: C/O:Client,GId:,Pp:,SId:0,IP:}
D/PMS     (  832): isWfdEnabled() mWfdStatus=WifiDisplayStatus{featureState=2, scanState=0, activeDisplayState=0, activeDisplay=null, displays=[], sessionInfo=WifiDisplaySessionInfo: C/O:Client,GId:,Pp:,SId:0,IP:}, return false
D/XAN-DPC (  832): requestPowerState: policy=BRIGHT, useProximitySensor=false, screenBrightness=142, screenAutoBrightnessAdjustment=0.0, useAutoBrightness=true, blockScreenOn=false, lowPowerMode=false, dozeScreenBrightness=-1, useOverrideBrightness=false, screenAutoBrightnessPercentage=100, dozeScreenState=UNKNOWN, waitForNegativeProximity=false
I/PMS     (  832): setBrightness mButtonLight 0.
D/PMS     (  832): acquireHCC(107fbd79): CPU_MIN_NUM PrismLaunchActivity_4 0x8000 1595 10057 null
I/ActivityManager(  832): START u0 {act=android.intent.action.MAIN cat=[android.intent.category.LAUNCHER] flg=0x10200000 cmp=com.example.testbitmap/.MainActivity} from uid 10057 pid 1595 on display 0
D/PMS     (  832): updateWakeLockSummaryLocked: mWakefulness=Awake, mWakeLockSummary=0x23
D/PMS     (  832): updateUserActivitySummaryLocked: mWakefulness=Awake, mUserActivitySummary=0x1,56117602,1,7000,3600000, nextTimeout=59710508 (in 3592905 ms)
D/PMS     (  832): mDisplayPowerRequest.policy = 3
D/WifiDisplayAdapter(  832): getWifiDisplayStatusLocked: result=WifiDisplayStatus{featureState=2, scanState=0, activeDisplayState=0, activeDisplay=null, displays=[], sessionInfo=WifiDisplaySessionInfo: C/O:Client,GId:,Pp:,SId:0,IP:}
D/PMS     (  832): isWfdEnabled() mWfdStatus=WifiDisplayStatus{featureState=2, scanState=0, activeDisplayState=0, activeDisplay=null, displays=[], sessionInfo=WifiDisplaySessionInfo: C/O:Client,GId:,Pp:,SId:0,IP:}, return false
D/XAN-DPC (  832): requestPowerState: policy=BRIGHT, useProximitySensor=false, screenBrightness=142, screenAutoBrightnessAdjustment=0.0, useAutoBrightness=true, blockScreenOn=false, lowPowerMode=false, dozeScreenBrightness=-1, useOverrideBrightness=false, screenAutoBrightnessPercentage=100, dozeScreenState=UNKNOWN, waitForNegativeProximity=false
I/PMS     (  832): setBrightness mButtonLight 0.
D/PMS     (  832): acquireHCC(248efa6c): CPU_MIN_NUM ActivityManager-MultiCore-Num 0x8000 832 1000 null
D/PMS     (  832): updateWakeLockSummaryLocked: mWakefulness=Awake, mWakeLockSummary=0x23
D/PMS     (  832): updateUserActivitySummaryLocked: mWakefulness=Awake, mUserActivitySummary=0x1,56117608,1,7000,3600000, nextTimeout=59710508 (in 3592900 ms)
D/PMS     (  832): mDisplayPowerRequest.policy = 3
D/WifiDisplayAdapter(  832): getWifiDisplayStatusLocked: result=WifiDisplayStatus{featureState=2, scanState=0, activeDisplayState=0, activeDisplay=null, displays=[], sessionInfo=WifiDisplaySessionInfo: C/O:Client,GId:,Pp:,SId:0,IP:}
D/PMS     (  832): isWfdEnabled() mWfdStatus=WifiDisplayStatus{featureState=2, scanState=0, activeDisplayState=0, activeDisplay=null, displays=[], sessionInfo=WifiDisplaySessionInfo: C/O:Client,GId:,Pp:,SId:0,IP:}, return false
D/XAN-DPC (  832): requestPowerState: policy=BRIGHT, useProximitySensor=false, screenBrightness=142, screenAutoBrightnessAdjustment=0.0, useAutoBrightness=true, blockScreenOn=false, lowPowerMode=false, dozeScreenBrightness=-1, useOverrideBrightness=false, screenAutoBrightnessPercentage=100, dozeScreenState=UNKNOWN, waitForNegativeProximity=false
I/PMS     (  832): setBrightness mButtonLight 0.
D/PMS     (  832): acquireHCC(3cb5b835): CPU_MIN_FREQ ActivityManager-MultiCore-Freq 0x2000 832 1000 null
D/PMS     (  832): updateWakeLockSummaryLocked: mWakefulness=Awake, mWakeLockSummary=0x23
D/PMS     (  832): updateUserActivitySummaryLocked: mWakefulness=Awake, mUserActivitySummary=0x1,56117609,1,7000,3600000, nextTimeout=59710508 (in 3592899 ms)
D/PMS     (  832): mDisplayPowerRequest.policy = 3
D/WifiDisplayAdapter(  832): getWifiDisplayStatusLocked: result=WifiDisplayStatus{featureState=2, scanState=0, activeDisplayState=0, activeDisplay=null, displays=[], sessionInfo=WifiDisplaySessionInfo: C/O:Client,GId:,Pp:,SId:0,IP:}
D/PMS     (  832): isWfdEnabled() mWfdStatus=WifiDisplayStatus{featureState=2, scanState=0, activeDisplayState=0, activeDisplay=null, displays=[], sessionInfo=WifiDisplaySessionInfo: C/O:Client,GId:,Pp:,SId:0,IP:}, return false
D/XAN-DPC (  832): requestPowerState: policy=BRIGHT, useProximitySensor=false, screenBrightness=142, screenAutoBrightnessAdjustment=0.0, useAutoBrightness=true, blockScreenOn=false, lowPowerMode=false, dozeScreenBrightness=-1, useOverrideBrightness=false, screenAutoBrightnessPercentage=100, dozeScreenState=UNKNOWN, waitForNegativeProximity=false
I/PMS     (  832): setBrightness mButtonLight 0.
D/PMS     (  832): acquireHCC(257dc4ca): CPU_MIN_FREQ PrismLaunchActivity_4 0x2000 1595 10057 null
D/PMS     (  832): updateWakeLockSummaryLocked: mWakefulness=Awake, mWakeLockSummary=0x23
D/PMS     (  832): updateUserActivitySummaryLocked: mWakefulness=Awake, mUserActivitySummary=0x1,56117610,1,7000,3600000, nextTimeout=59710508 (in 3592898 ms)
D/PMS     (  832): mDisplayPowerRequest.policy = 3
D/WifiDisplayAdapter(  832): getWifiDisplayStatusLocked: result=WifiDisplayStatus{featureState=2, scanState=0, activeDisplayState=0, activeDisplay=null, displays=[], sessionInfo=WifiDisplaySessionInfo: C/O:Client,GId:,Pp:,SId:0,IP:}
D/PMS     (  832): isWfdEnabled() mWfdStatus=WifiDisplayStatus{featureState=2, scanState=0, activeDisplayState=0, activeDisplay=null, displays=[], sessionInfo=WifiDisplaySessionInfo: C/O:Client,GId:,Pp:,SId:0,IP:}, return false
D/XAN-DPC (  832): requestPowerState: policy=BRIGHT, useProximitySensor=false, screenBrightness=142, screenAutoBrightnessAdjustment=0.0, useAutoBrightness=true, blockScreenOn=false, lowPowerMode=false, dozeScreenBrightness=-1, useOverrideBrightness=false, screenAutoBrightnessPercentage=100, dozeScreenState=UNKNOWN, waitForNegativeProximity=false
I/PMS     (  832): setBrightness mButtonLight 0.
D/PMS     (  832): acquireWakeLockInternal: lock=1070796789, flags=0x1, tag="ActivityManager-Launch", ws=null, uid=1000, pid=832
D/PMS     (  832): acquireWL(6be863b): PARTIAL_WAKE_LOCK  ActivityManager-Launch 0x1 832 1000 null
D/PMS     (  832): updateWakeLockSummaryLocked: mWakefulness=Awake, mWakeLockSummary=0x23
D/PMS     (  832): updateUserActivitySummaryLocked: mWakefulness=Awake, mUserActivitySummary=0x1,56117611,1,7000,3600000, nextTimeout=59710508 (in 3592896 ms)
D/PMS     (  832): mDisplayPowerRequest.policy = 3
D/WifiDisplayAdapter(  832): getWifiDisplayStatusLocked: result=WifiDisplayStatus{featureState=2, scanState=0, activeDisplayState=0, activeDisplay=null, displays=[], sessionInfo=WifiDisplaySessionInfo: C/O:Client,GId:,Pp:,SId:0,IP:}
D/PMS     (  832): isWfdEnabled() mWfdStatus=WifiDisplayStatus{featureState=2, scanState=0, activeDisplayState=0, activeDisplay=null, displays=[], sessionInfo=WifiDisplaySessionInfo: C/O:Client,GId:,Pp:,SId:0,IP:}, return false
D/XAN-DPC (  832): requestPowerState: policy=BRIGHT, useProximitySensor=false, screenBrightness=142, screenAutoBrightnessAdjustment=0.0, useAutoBrightness=true, blockScreenOn=false, lowPowerMode=false, dozeScreenBrightness=-1, useOverrideBrightness=false, screenAutoBrightnessPercentage=100, dozeScreenState=UNKNOWN, waitForNegativeProximity=false
I/PMS     (  832): setBrightness mButtonLight 0.
D/PMN     (  832): onWakeLockAcquired: flags=1, tag="ActivityManager-Launch", packageName=android, ownerUid=1000, ownerPid=832, workSource=null
V/WindowManager(  832): Changing focus from Window{30edbf03 u0 com.htc.launcher/com.htc.launcher.Launcher} to null Callers=com.android.server.wm.WindowManagerService.setFocusedApp:4590 com.android.server.am.ActivityManagerService.setFocusedActivityLocked:2819 com.android.server.am.ActivityStackSupervisor.startActivityUncheckedLockedImpl:2397 com.android.server.am.ActivityStackSupervisor.startActivityUncheckedLocked:1661 
I/WindowManager(  832): Losing focus: Window{30edbf03 u0 com.htc.launcher/com.htc.launcher.Launcher}
D/PMS     (  832): releaseHCC(ccca1c3): CPU_MIN_NUM PrismScroll_2 0x8000 null
D/PMS     (  832): updateWakeLockSummaryLocked: mWakefulness=Awake, mWakeLockSummary=0x23
D/PMS     (  832): updateUserActivitySummaryLocked: mWakefulness=Awake, mUserActivitySummary=0x1,56117618,1,7000,3600000, nextTimeout=59710508 (in 3592890 ms)
D/PMS     (  832): mDisplayPowerRequest.policy = 3
D/WifiDisplayAdapter(  832): getWifiDisplayStatusLocked: result=WifiDisplayStatus{featureState=2, scanState=0, activeDisplayState=0, activeDisplay=null, displays=[], sessionInfo=WifiDisplaySessionInfo: C/O:Client,GId:,Pp:,SId:0,IP:}
D/PMS     (  832): isWfdEnabled() mWfdStatus=WifiDisplayStatus{featureState=2, scanState=0, activeDisplayState=0, activeDisplay=null, displays=[], sessionInfo=WifiDisplaySessionInfo: C/O:Client,GId:,Pp:,SId:0,IP:}, return false
V/ActivityManager(  832): Broadcast: Intent { act=com.htc.launcher.intent.ACTION_LAUNCHER_PAUSE flg=0x10 } ordered=false userid=0 callerApp=ProcessRecord{259f0431 1595:com.htc.launcher/u0a57}
D/XAN-DPC (  832): requestPowerState: policy=BRIGHT, useProximitySensor=false, screenBrightness=142, screenAutoBrightnessAdjustment=0.0, useAutoBrightness=true, blockScreenOn=false, lowPowerMode=false, dozeScreenBrightness=-1, useOverrideBrightness=false, screenAutoBrightnessPercentage=100, dozeScreenState=UNKNOWN, waitForNegativeProximity=false
I/PMS     (  832): setBrightness mButtonLight 0.
D/PMS     (  832): releaseHCC(2c3c7a40): CPU_MIN_FREQ PrismScroll_2 0x2000 null
D/PMS     (  832): updateWakeLockSummaryLocked: mWakefulness=Awake, mWakeLockSummary=0x23
D/PMS     (  832): updateUserActivitySummaryLocked: mWakefulness=Awake, mUserActivitySummary=0x1,56117619,1,7000,3600000, nextTimeout=59710508 (in 3592889 ms)
D/PMS     (  832): mDisplayPowerRequest.policy = 3
D/WifiDisplayAdapter(  832): getWifiDisplayStatusLocked: result=WifiDisplayStatus{featureState=2, scanState=0, activeDisplayState=0, activeDisplay=null, displays=[], sessionInfo=WifiDisplaySessionInfo: C/O:Client,GId:,Pp:,SId:0,IP:}
D/PMS     (  832): isWfdEnabled() mWfdStatus=WifiDisplayStatus{featureState=2, scanState=0, activeDisplayState=0, activeDisplay=null, displays=[], sessionInfo=WifiDisplaySessionInfo: C/O:Client,GId:,Pp:,SId:0,IP:}, return false
D/XAN-DPC (  832): requestPowerState: policy=BRIGHT, useProximitySensor=false, screenBrightness=142, screenAutoBrightnessAdjustment=0.0, useAutoBrightness=true, blockScreenOn=false, lowPowerMode=false, dozeScreenBrightness=-1, useOverrideBrightness=false, screenAutoBrightnessPercentage=100, dozeScreenState=UNKNOWN, waitForNegativeProximity=false
I/PMS     (  832): setBrightness mButtonLight 0.
D/ActivityThread( 1595): ACT-AM_ON_PAUSE_CALLED ActivityRecord{9825271 token=android.os.BinderProxy@3601b856 {com.htc.launcher/com.htc.launcher.Launcher}}
I/ActivityManager(  832): Start proc com.example.testbitmap for activity com.example.testbitmap/.MainActivity: pid=10882 uid=10184 gids={50184, 9997} abi=arm64-v8a
D/ActivityThread( 1595): ACT-PAUSE_ACTIVITY handled : 1 / android.os.BinderProxy@3601b856
V/ActivityThread( 1595): Finishing stop of ActivityRecord{9825271 token=android.os.BinderProxy@3601b856 {com.htc.launcher/com.htc.launcher.Launcher}}: show=true win=com.android.internal.policy.impl.PhoneWindow@3bd41d20
D/ActivityThread( 1595): ACT-STOP_ACTIVITY_SHOW handled : 0 / android.os.BinderProxy@3601b856
V/ActivityManager(  832): Broadcast sticky: Intent { act=android.intent.action.SIG_STR flg=0x20000010 (has extras) } ordered=false userid=-1 callerApp=ProcessRecord{3e00014 832:system/1000}
D/ActivityThread(10882): BIND_APPLICATION handled : 0 / AppBindData{appInfo=ApplicationInfo{1f67d4af com.example.testbitmap}}
V/ActivityThread(10882): Handling launch of ActivityRecord{305d10bc token=android.os.BinderProxy@20219845 {com.example.testbitmap/com.example.testbitmap.MainActivity}}
V/ActivityThread(10882): ActivityRecord{305d10bc token=android.os.BinderProxy@20219845 {com.example.testbitmap/com.example.testbitmap.MainActivity}}: app=android.app.Application@1ce70ccb, appName=com.example.testbitmap, pkg=com.example.testbitmap, comp={com.example.testbitmap/com.example.testbitmap.MainActivity}, dir=/data/app/com.example.testbitmap-1/base.apk
D/ActivityManager(  832): SVC-mBroadcastQueues: com.android.server.am.BroadcastQueue@3a382d9
D/ActivityManager(  832): SVC-mBroadcastQueues: com.android.server.am.BroadcastQueue@2b53049e
W/ActivityManager(  832):   Force finishing activity com.example.testbitmap/.MainActivity
V/WindowManager(  832): Changing focus from null to Window{30edbf03 u0 com.htc.launcher/com.htc.launcher.Launcher} Callers=com.android.server.wm.WindowManagerService.moveStackWindowsLocked:5706 com.android.server.wm.WindowManagerService.moveTaskToTop:5749 com.android.server.am.ActivityStack.moveHomeStackTaskToTop:3986 com.android.server.am.ActivityStackSupervisor.moveHomeStackTaskToTop:451 
I/WindowManager(  832): Gaining focus: Window{30edbf03 u0 com.htc.launcher/com.htc.launcher.Launcher}
D/ActivityManager(  832): screenshot for ActivityRecord{36b4babe u0 com.example.testbitmap/.MainActivity t104 f}, bitmap=null, time = 0
E/ActivityManager(  832): Invalid thumbnail dimensions: 540x960
D/PMS     (  832): acquireWakeLockInternal: lock=1070796789, flags=0x1, tag="ActivityManager-Launch", ws=null, uid=1000, pid=832
D/PMS     (  832): acquireWL(6be863b): PARTIAL_WAKE_LOCK  ActivityManager-Launch 0x1 832 1000 null
D/PMS     (  832): updateWakeLockSummaryLocked: mWakefulness=Awake, mWakeLockSummary=0x23
D/PMS     (  832): updateUserActivitySummaryLocked: mWakefulness=Awake, mUserActivitySummary=0x1,56117691,1,7000,3600000, nextTimeout=59710508 (in 3592817 ms)
D/PMS     (  832): mDisplayPowerRequest.policy = 3
D/WifiDisplayAdapter(  832): getWifiDisplayStatusLocked: result=WifiDisplayStatus{featureState=2, scanState=0, activeDisplayState=0, activeDisplay=null, displays=[], sessionInfo=WifiDisplaySessionInfo: C/O:Client,GId:,Pp:,SId:0,IP:}
V/InputMethodManagerService(  832): windowGainedFocus: android.os.BinderProxy@1e8c5e4c controlFlags=#0 softInputMode=#20 windowFlags=#d810900
D/PMS     (  832): isWfdEnabled() mWfdStatus=WifiDisplayStatus{featureState=2, scanState=0, activeDisplayState=0, activeDisplay=null, displays=[], sessionInfo=WifiDisplaySessionInfo: C/O:Client,GId:,Pp:,SId:0,IP:}, return false
W/InputMethodManagerService(  832): Window already focused, ignoring focus gain of: com.android.internal.view.IInputMethodClient$Stub$Proxy@211b6396 attribute=null, token = android.os.BinderProxy@1bc6c3b2, client pid=1595, inputType=0x(null)
D/XAN-DPC (  832): requestPowerState: policy=BRIGHT, useProximitySensor=false, screenBrightness=142, screenAutoBrightnessAdjustment=0.0, useAutoBrightness=true, blockScreenOn=false, lowPowerMode=false, dozeScreenBrightness=-1, useOverrideBrightness=false, screenAutoBrightnessPercentage=100, dozeScreenState=UNKNOWN, waitForNegativeProximity=false
I/PMS     (  832): setBrightness mButtonLight 0.
V/WindowManager(  832): Changing focus from Window{30edbf03 u0 com.htc.launcher/com.htc.launcher.Launcher} to Window{18dd1dc9 u0 Application Error: com.example.testbitmap} Callers=com.android.server.wm.WindowManagerService.addWindow:2921 com.android.server.wm.Session.addToDisplay:168 android.view.ViewRootImpl.setView:657 android.view.WindowManagerGlobal.addView:274 
I/WindowManager(  832): Gaining focus: Window{18dd1dc9 u0 Application Error: com.example.testbitmap}
V/ActivityManager(  832): Broadcast: Intent { act=android.intent.action.DROPBOX_ENTRY_ADDED flg=0x10 (has extras) } ordered=false userid=0 callerApp=ProcessRecord{3e00014 832:system/1000}
W/ActivityManager(  832): getTasks: caller 10115 does not hold GET_TASKS; limiting output
D/ActivityThread( 2619): SVC-SERVICE_ARGS handled : 0 / ServiceArgsData{token=android.os.BinderProxy@2ffa6d64 startId=65 args=Intent { act=cn.egame.terminal.sdk.RECEIVER_CMD cmp=com.halfbrick.fruitninja/cn.egame.terminal.sdk.EgameCoreService (has extras) }}
D/PMS     (  832): releaseHCC(248efa6c): CPU_MIN_NUM ActivityManager-MultiCore-Num 0x8000 null
D/PMS     (  832): updateWakeLockSummaryLocked: mWakefulness=Awake, mWakeLockSummary=0x23
D/PMS     (  832): updateUserActivitySummaryLocked: mWakefulness=Awake, mUserActivitySummary=0x1,56117928,1,7000,3600000, nextTimeout=59710508 (in 3592580 ms)
D/PMS     (  832): mDisplayPowerRequest.policy = 3
D/WifiDisplayAdapter(  832): getWifiDisplayStatusLocked: result=WifiDisplayStatus{featureState=2, scanState=0, activeDisplayState=0, activeDisplay=null, displays=[], sessionInfo=WifiDisplaySessionInfo: C/O:Client,GId:,Pp:,SId:0,IP:}
D/PMS     (  832): isWfdEnabled() mWfdStatus=WifiDisplayStatus{featureState=2, scanState=0, activeDisplayState=0, activeDisplay=null, displays=[], sessionInfo=WifiDisplaySessionInfo: C/O:Client,GId:,Pp:,SId:0,IP:}, return false
D/XAN-DPC (  832): requestPowerState: policy=BRIGHT, useProximitySensor=false, screenBrightness=142, screenAutoBrightnessAdjustment=0.0, useAutoBrightness=true, blockScreenOn=false, lowPowerMode=false, dozeScreenBrightness=-1, useOverrideBrightness=false, screenAutoBrightnessPercentage=100, dozeScreenState=UNKNOWN, waitForNegativeProximity=false
I/PMS     (  832): setBrightness mButtonLight 0.
D/PMS     (  832): releaseHCC(3cb5b835): CPU_MIN_FREQ ActivityManager-MultiCore-Freq 0x2000 null
D/PMS     (  832): updateWakeLockSummaryLocked: mWakefulness=Awake, mWakeLockSummary=0x23
D/PMS     (  832): updateUserActivitySummaryLocked: mWakefulness=Awake, mUserActivitySummary=0x1,56117929,1,7000,3600000, nextTimeout=59710508 (in 3592579 ms)
D/PMS     (  832): mDisplayPowerRequest.policy = 3
D/WifiDisplayAdapter(  832): getWifiDisplayStatusLocked: result=WifiDisplayStatus{featureState=2, scanState=0, activeDisplayState=0, activeDisplay=null, displays=[], sessionInfo=WifiDisplaySessionInfo: C/O:Client,GId:,Pp:,SId:0,IP:}
D/PMS     (  832): isWfdEnabled() mWfdStatus=WifiDisplayStatus{featureState=2, scanState=0, activeDisplayState=0, activeDisplay=null, displays=[], sessionInfo=WifiDisplaySessionInfo: C/O:Client,GId:,Pp:,SId:0,IP:}, return false
D/XAN-DPC (  832): requestPowerState: policy=BRIGHT, useProximitySensor=false, screenBrightness=142, screenAutoBrightnessAdjustment=0.0, useAutoBrightness=true, blockScreenOn=false, lowPowerMode=false, dozeScreenBrightness=-1, useOverrideBrightness=false, screenAutoBrightnessPercentage=100, dozeScreenState=UNKNOWN, waitForNegativeProximity=false
I/PMS     (  832): setBrightness mButtonLight 0.
I/thermal_repeater(  372): oh, queryMdThermalInfo (0)Bad file number
I/thermal_repeater(  372): [recvMdThermalInfo] ret=29, strLen=127,  2, 32767, -127, -1, 32767, 2
W/ActivityManager(  832): Activity pause timeout for ActivityRecord{36b4babe u0 com.example.testbitmap/.MainActivity t104 f}
V/ActivityManager(  832): Broadcast: Intent { act=com.htc.intent.action.NOTIFY_ENTER_HOME flg=0x10 } ordered=false userid=-1 callerApp=null
V/ActivityThread( 1595): Performing resume of ActivityRecord{9825271 token=android.os.BinderProxy@3601b856 {com.htc.launcher/com.htc.launcher.Launcher}}
V/ActivityManager(  832): Broadcast: Intent { act=com.htc.launcher.intent.ACTION_LAUNCHER_RESUME flg=0x10 } ordered=false userid=0 callerApp=ProcessRecord{259f0431 1595:com.htc.launcher/u0a57}
D/ActivityThread( 1595): ACT-AM_ON_RESUME_CALLED ActivityRecord{9825271 token=android.os.BinderProxy@3601b856 {com.htc.launcher/com.htc.launcher.Launcher}}
V/ActivityThread( 1595): Resume ActivityRecord{9825271 token=android.os.BinderProxy@3601b856 {com.htc.launcher/com.htc.launcher.Launcher}} started activity: false, hideForNow: false, finished: false
V/ActivityThread( 1595): Resuming ActivityRecord{9825271 token=android.os.BinderProxy@3601b856 {com.htc.launcher/com.htc.launcher.Launcher}} with isForward=true
V/ActivityThread( 1595): Scheduling idle handler for ActivityRecord{9825271 token=android.os.BinderProxy@3601b856 {com.htc.launcher/com.htc.launcher.Launcher}}
D/ActivityThread( 1595): ACT-RESUME_ACTIVITY handled : 1 / android.os.BinderProxy@3601b856
D/PMS     (  832): releaseWL(6be863b): PARTIAL_WAKE_LOCK  ActivityManager-Launch 0x1 null
D/PMN     (  832): onWakeLockReleased: flags=1, tag="ActivityManager-Launch", packageName=android, ownerUid=1000, ownerPid=832, workSource=null
D/PMS     (  832): updateWakeLockSummaryLocked: mWakefulness=Awake, mWakeLockSummary=0x23
D/PMS     (  832): updateUserActivitySummaryLocked: mWakefulness=Awake, mUserActivitySummary=0x1,56118220,1,7000,3600000, nextTimeout=59710508 (in 3592288 ms)
D/PMS     (  832): mDisplayPowerRequest.policy = 3
D/WifiDisplayAdapter(  832): getWifiDisplayStatusLocked: result=WifiDisplayStatus{featureState=2, scanState=0, activeDisplayState=0, activeDisplay=null, displays=[], sessionInfo=WifiDisplaySessionInfo: C/O:Client,GId:,Pp:,SId:0,IP:}
D/PMS     (  832): isWfdEnabled() mWfdStatus=WifiDisplayStatus{featureState=2, scanState=0, activeDisplayState=0, activeDisplay=null, displays=[], sessionInfo=WifiDisplaySessionInfo: C/O:Client,GId:,Pp:,SId:0,IP:}, return false
D/XAN-DPC (  832): requestPowerState: policy=BRIGHT, useProximitySensor=false, screenBrightness=142, screenAutoBrightnessAdjustment=0.0, useAutoBrightness=true, blockScreenOn=false, lowPowerMode=false, dozeScreenBrightness=-1, useOverrideBrightness=false, screenAutoBrightnessPercentage=100, dozeScreenState=UNKNOWN, waitForNegativeProximity=false
I/PMS     (  832): setBrightness mButtonLight 0.
D/AlarmManager(  832): rebatchAllAlarmsLocked begin oldBatches count = 28
D/AlarmManager(  832): rebatchAllAlarmsLocked  batch.size() = 1
D/AlarmManager(  832): rebatchAllAlarmsLocked  batch.size() = 2
V/AlarmManager(  832): isAlarmNeedAlign : screen on, Skip
D/AlarmManager(  832): set alarm to RTC 113686239
D/AlarmManager(  832): rebatchAllAlarmsLocked  batch.size() = 1
D/AlarmManager(  832): rebatchAllAlarmsLocked  batch.size() = 1
V/AlarmManager(  832): isAlarmNeedAlign : screen on, Skip
D/AlarmManager(  832): rebatchAllAlarmsLocked  batch.size() = 1
D/AlarmManager(  832): rebatchAllAlarmsLocked  batch.size() = 1
D/AlarmManager(  832): rebatchAllAlarmsLocked  batch.size() = 1
D/AlarmManager(  832): rebatchAllAlarmsLocked  batch.size() = 1
D/AlarmManager(  832): rebatchAllAlarmsLocked  batch.size() = 1
D/AlarmManager(  832): rebatchAllAlarmsLocked  batch.size() = 1
D/AlarmManager(  832): rebatchAllAlarmsLocked  batch.size() = 1
D/AlarmManager(  832): rebatchAllAlarmsLocked  batch.size() = 1
D/AlarmManager(  832): rebatchAllAlarmsLocked  batch.size() = 1
D/AlarmManager(  832): rebatchAllAlarmsLocked  batch.size() = 1
D/AlarmManager(  832): rebatchAllAlarmsLocked  batch.size() = 4
V/AlarmManager(  832): isAlarmNeedAlign : screen on, Skip
V/AlarmManager(  832): isAlarmNeedAlign : screen on, Skip
D/AlarmManager(  832): rebatchAllAlarmsLocked  batch.size() = 1
D/AlarmManager(  832): rebatchAllAlarmsLocked  batch.size() = 1
D/AlarmManager(  832): rebatchAllAlarmsLocked  batch.size() = 1
D/AlarmManager(  832): rebatchAllAlarmsLocked  batch.size() = 3
D/AlarmManager(  832): rebatchAllAlarmsLocked  batch.size() = 1
D/AlarmManager(  832): rebatchAllAlarmsLocked  batch.size() = 1
D/AlarmManager(  832): rebatchAllAlarmsLocked  batch.size() = 2
V/AlarmManager(  832): isAlarmNeedAlign : screen on, Skip
V/AlarmManager(  832): isAlarmNeedAlign : screen on, Skip
D/AlarmManager(  832): rebatchAllAlarmsLocked  batch.size() = 1
D/AlarmManager(  832): rebatchAllAlarmsLocked  batch.size() = 1
D/AlarmManager(  832): rebatchAllAlarmsLocked  batch.size() = 5
V/AlarmManager(  832): isAlarmNeedAlign : screen on, Skip
V/AlarmManager(  832): isAlarmNeedAlign : screen on, Skip
V/AlarmManager(  832): isAlarmNeedAlign : screen on, Skip
D/AlarmManager(  832): rebatchAllAlarmsLocked  batch.size() = 1
D/AlarmManager(  832): rebatchAllAlarmsLocked  batch.size() = 4
V/AlarmManager(  832): isAlarmNeedAlign : screen on, Skip
D/AlarmManager(  832): rebatchAllAlarmsLocked  batch.size() = 1
D/AlarmManager(  832): rebatchAllAlarmsLocked end
D/AlarmManager(  832): rebatchAllAlarmsLocked begin oldBatches count = 28
D/AlarmManager(  832): rebatchAllAlarmsLocked  batch.size() = 2
V/AlarmManager(  832): isAlarmNeedAlign : screen on, Skip
D/AlarmManager(  832): set alarm to RTC 113670097
D/AlarmManager(  832): set alarm to RTC 113686239
D/AlarmManager(  832): rebatchAllAlarmsLocked  batch.size() = 1
D/AlarmManager(  832): rebatchAllAlarmsLocked  batch.size() = 1
D/AlarmManager(  832): rebatchAllAlarmsLocked  batch.size() = 1
V/AlarmManager(  832): isAlarmNeedAlign : screen on, Skip
D/AlarmManager(  832): rebatchAllAlarmsLocked  batch.size() = 1
D/AlarmManager(  832): rebatchAllAlarmsLocked  batch.size() = 1
D/AlarmManager(  832): rebatchAllAlarmsLocked  batch.size() = 1
D/AlarmManager(  832): rebatchAllAlarmsLocked  batch.size() = 1
D/AlarmManager(  832): rebatchAllAlarmsLocked  batch.size() = 1
D/AlarmManager(  832): rebatchAllAlarmsLocked  batch.size() = 1
D/AlarmManager(  832): rebatchAllAlarmsLocked  batch.size() = 1
D/AlarmManager(  832): rebatchAllAlarmsLocked  batch.size() = 1
D/AlarmManager(  832): rebatchAllAlarmsLocked  batch.size() = 1
D/AlarmManager(  832): rebatchAllAlarmsLocked  batch.size() = 1
D/AlarmManager(  832): rebatchAllAlarmsLocked  batch.size() = 4
V/AlarmManager(  832): isAlarmNeedAlign : screen on, Skip
V/AlarmManager(  832): isAlarmNeedAlign : screen on, Skip
D/AlarmManager(  832): rebatchAllAlarmsLocked  batch.size() = 1
D/AlarmManager(  832): rebatchAllAlarmsLocked  batch.size() = 1
D/AlarmManager(  832): rebatchAllAlarmsLocked  batch.size() = 1
D/AlarmManager(  832): rebatchAllAlarmsLocked  batch.size() = 3
D/AlarmManager(  832): rebatchAllAlarmsLocked  batch.size() = 3
V/AlarmManager(  832): isAlarmNeedAlign : screen on, Skip
V/AlarmManager(  832): isAlarmNeedAlign : screen on, Skip
D/AlarmManager(  832): rebatchAllAlarmsLocked  batch.size() = 1
D/AlarmManager(  832): rebatchAllAlarmsLocked  batch.size() = 1
D/AlarmManager(  832): rebatchAllAlarmsLocked  batch.size() = 1
D/AlarmManager(  832): rebatchAllAlarmsLocked  batch.size() = 1
D/AlarmManager(  832): rebatchAllAlarmsLocked  batch.size() = 5
V/AlarmManager(  832): isAlarmNeedAlign : screen on, Skip
V/AlarmManager(  832): isAlarmNeedAlign : screen on, Skip
V/AlarmManager(  832): isAlarmNeedAlign : screen on, Skip
D/AlarmManager(  832): rebatchAllAlarmsLocked  batch.size() = 2
D/AlarmManager(  832): rebatchAllAlarmsLocked  batch.size() = 2
V/AlarmManager(  832): isAlarmNeedAlign : screen on, Skip
D/AlarmManager(  832): rebatchAllAlarmsLocked  batch.size() = 1
D/AlarmManager(  832): rebatchAllAlarmsLocked end
V/AlarmManager(  832): isAlarmNeedAlign : screen on, Skip
D/AlarmManager(  832): rebatchAllAlarmsLocked begin oldBatches count = 27
D/AlarmManager(  832): rebatchAllAlarmsLocked  batch.size() = 2
V/AlarmManager(  832): isAlarmNeedAlign : screen on, Skip
D/AlarmManager(  832): set alarm to RTC 113670097
D/AlarmManager(  832): set alarm to RTC 113686239
D/AlarmManager(  832): rebatchAllAlarmsLocked  batch.size() = 1
D/AlarmManager(  832): rebatchAllAlarmsLocked  batch.size() = 1
D/AlarmManager(  832): rebatchAllAlarmsLocked  batch.size() = 1
D/AlarmManager(  832): rebatchAllAlarmsLocked  batch.size() = 1
D/AlarmManager(  832): rebatchAllAlarmsLocked  batch.size() = 1
D/AlarmManager(  832): rebatchAllAlarmsLocked  batch.size() = 1
D/AlarmManager(  832): rebatchAllAlarmsLocked  batch.size() = 1
D/AlarmManager(  832): rebatchAllAlarmsLocked  batch.size() = 1
D/AlarmManager(  832): rebatchAllAlarmsLocked  batch.size() = 1
D/AlarmManager(  832): rebatchAllAlarmsLocked  batch.size() = 1
D/AlarmManager(  832): rebatchAllAlarmsLocked  batch.size() = 1
D/AlarmManager(  832): rebatchAllAlarmsLocked  batch.size() = 1
D/AlarmManager(  832): rebatchAllAlarmsLocked  batch.size() = 4
V/AlarmManager(  832): isAlarmNeedAlign : screen on, Skip
V/AlarmManager(  832): isAlarmNeedAlign : screen on, Skip
D/AlarmManager(  832): rebatchAllAlarmsLocked  batch.size() = 1
D/AlarmManager(  832): rebatchAllAlarmsLocked  batch.size() = 1
D/AlarmManager(  832): rebatchAllAlarmsLocked  batch.size() = 1
D/AlarmManager(  832): rebatchAllAlarmsLocked  batch.size() = 3
D/AlarmManager(  832): rebatchAllAlarmsLocked  batch.size() = 1
D/AlarmManager(  832): rebatchAllAlarmsLocked  batch.size() = 1
D/AlarmManager(  832): rebatchAllAlarmsLocked  batch.size() = 3
V/AlarmManager(  832): isAlarmNeedAlign : screen on, Skip
V/AlarmManager(  832): isAlarmNeedAlign : screen on, Skip
D/AlarmManager(  832): rebatchAllAlarmsLocked  batch.size() = 1
D/AlarmManager(  832): rebatchAllAlarmsLocked  batch.size() = 1
D/AlarmManager(  832): rebatchAllAlarmsLocked  batch.size() = 5
V/AlarmManager(  832): isAlarmNeedAlign : screen on, Skip
V/AlarmManager(  832): isAlarmNeedAlign : screen on, Skip
V/AlarmManager(  832): isAlarmNeedAlign : screen on, Skip
D/AlarmManager(  832): rebatchAllAlarmsLocked  batch.size() = 1
D/AlarmManager(  832): rebatchAllAlarmsLocked  batch.size() = 4
V/AlarmManager(  832): isAlarmNeedAlign : screen on, Skip
D/AlarmManager(  832): rebatchAllAlarmsLocked  batch.size() = 1
D/AlarmManager(  832): rebatchAllAlarmsLocked end
D/PMS     (  832): releaseHCC(107fbd79): CPU_MIN_NUM PrismLaunchActivity_4 0x8000 null
D/PMS     (  832): updateWakeLockSummaryLocked: mWakefulness=Awake, mWakeLockSummary=0x23
D/PMS     (  832): updateUserActivitySummaryLocked: mWakefulness=Awake, mUserActivitySummary=0x1,56118615,1,7000,3600000, nextTimeout=59710508 (in 3591893 ms)
D/PMS     (  832): mDisplayPowerRequest.policy = 3
D/WifiDisplayAdapter(  832): getWifiDisplayStatusLocked: result=WifiDisplayStatus{featureState=2, scanState=0, activeDisplayState=0, activeDisplay=null, displays=[], sessionInfo=WifiDisplaySessionInfo: C/O:Client,GId:,Pp:,SId:0,IP:}
D/PMS     (  832): isWfdEnabled() mWfdStatus=WifiDisplayStatus{featureState=2, scanState=0, activeDisplayState=0, activeDisplay=null, displays=[], sessionInfo=WifiDisplaySessionInfo: C/O:Client,GId:,Pp:,SId:0,IP:}, return false
D/XAN-DPC (  832): requestPowerState: policy=BRIGHT, useProximitySensor=false, screenBrightness=142, screenAutoBrightnessAdjustment=0.0, useAutoBrightness=true, blockScreenOn=false, lowPowerMode=false, dozeScreenBrightness=-1, useOverrideBrightness=false, screenAutoBrightnessPercentage=100, dozeScreenState=UNKNOWN, waitForNegativeProximity=false
I/PMS     (  832): setBrightness mButtonLight 0.
D/PMS     (  832): releaseHCC(257dc4ca): CPU_MIN_FREQ PrismLaunchActivity_4 0x2000 null
D/PMS     (  832): updateWakeLockSummaryLocked: mWakefulness=Awake, mWakeLockSummary=0x23
D/PMS     (  832): updateUserActivitySummaryLocked: mWakefulness=Awake, mUserActivitySummary=0x1,56118616,1,7000,3600000, nextTimeout=59710508 (in 3591892 ms)
D/PMS     (  832): mDisplayPowerRequest.policy = 3
D/WifiDisplayAdapter(  832): getWifiDisplayStatusLocked: result=WifiDisplayStatus{featureState=2, scanState=0, activeDisplayState=0, activeDisplay=null, displays=[], sessionInfo=WifiDisplaySessionInfo: C/O:Client,GId:,Pp:,SId:0,IP:}
D/PMS     (  832): isWfdEnabled() mWfdStatus=WifiDisplayStatus{featureState=2, scanState=0, activeDisplayState=0, activeDisplay=null, displays=[], sessionInfo=WifiDisplaySessionInfo: C/O:Client,GId:,Pp:,SId:0,IP:}, return false
D/XAN-DPC (  832): requestPowerState: policy=BRIGHT, useProximitySensor=false, screenBrightness=142, screenAutoBrightnessAdjustment=0.0, useAutoBrightness=true, blockScreenOn=false, lowPowerMode=false, dozeScreenBrightness=-1, useOverrideBrightness=false, screenAutoBrightnessPercentage=100, dozeScreenState=UNKNOWN, waitForNegativeProximity=false
I/PMS     (  832): setBrightness mButtonLight 0.
W/ActivityManager(  832): getTasks: caller 10115 does not hold GET_TASKS; limiting output
W/ActivityManager(  832): getTasks: caller 10115 does not hold GET_TASKS; limiting output
V/ActivityManager(  832): Broadcast sticky: Intent { act=android.net.wifi.RSSI_CHANGED flg=0x4000010 (has extras) } ordered=false userid=-1 callerApp=ProcessRecord{3e00014 832:system/1000}
D/TaskPersister(  832): removeObsoleteFile: deleting file=103_task_thumbnail.png
W/ActivityManager(  832): getTasks: caller 10115 does not hold GET_TASKS; limiting output
V/AlarmManager(  832): isAlarmNeedAlign : screen on, Skip
D/AlarmManager(  832): set alarm to RTC 113730097
D/AlarmManager(  832): set alarm to RTC 113706239
D/AlarmManager(  832): wakeup alarm = Alarm{91b35e7 type 0 when 1458292193338 com.halfbrick.fruitninja}; package = com.halfbrick.fruitninja
V/ActivityManager(  832): Broadcast: Intent { act=com.skynet.push.message.send.return flg=0x114 (has extras) } ordered=true userid=0 callerApp=null
D/PMS     (  832): acquireWakeLockInternal: lock=108703641, flags=0x1, tag="*alarm*", ws=WorkSource{10115}, uid=1000, pid=832
D/PMS     (  832): acquireWL(2ac8594): PARTIAL_WAKE_LOCK  *alarm* 0x1 832 1000 WorkSource{10115}
D/PMS     (  832): updateWakeLockSummaryLocked: mWakefulness=Awake, mWakeLockSummary=0x23
D/PMS     (  832): updateUserActivitySummaryLocked: mWakefulness=Awake, mUserActivitySummary=0x1,56120788,1,7000,3600000, nextTimeout=59710508 (in 3589720 ms)
D/PMS     (  832): mDisplayPowerRequest.policy = 3
D/WifiDisplayAdapter(  832): getWifiDisplayStatusLocked: result=WifiDisplayStatus{featureState=2, scanState=0, activeDisplayState=0, activeDisplay=null, displays=[], sessionInfo=WifiDisplaySessionInfo: C/O:Client,GId:,Pp:,SId:0,IP:}
D/PMS     (  832): isWfdEnabled() mWfdStatus=WifiDisplayStatus{featureState=2, scanState=0, activeDisplayState=0, activeDisplay=null, displays=[], sessionInfo=WifiDisplaySessionInfo: C/O:Client,GId:,Pp:,SId:0,IP:}, return false
D/XAN-DPC (  832): requestPowerState: policy=BRIGHT, useProximitySensor=false, screenBrightness=142, screenAutoBrightnessAdjustment=0.0, useAutoBrightness=true, blockScreenOn=false, lowPowerMode=false, dozeScreenBrightness=-1, useOverrideBrightness=false, screenAutoBrightnessPercentage=100, dozeScreenState=UNKNOWN, waitForNegativeProximity=false
I/PMS     (  832): setBrightness mButtonLight 0.
D/PMN     (  832): onWakeLockAcquired: flags=1, tag="*alarm*", packageName=android, ownerUid=1000, ownerPid=832, workSource=WorkSource{10115}
V/AlarmManager(  832): sending alarm PendingIntent{3a941c77: PendingIntentRecord{257526f0 com.halfbrick.fruitninja broadcastIntent}}, i=com.skynet.push.message.send.return, t=0, cnt=1, w=1458292193338, Int=60000
V/ActivityManager(  832): Broadcast: Intent { act=com.android.server.WifiManager.action.START_SCAN flg=0x114 (has extras) } ordered=true userid=0 callerApp=null
V/AlarmManager(  832): sending alarm PendingIntent{3f95aca8: PendingIntentRecord{1f45e3c1 android broadcastIntent}}, i=com.android.server.WifiManager.action.START_SCAN, t=1, cnt=1, w=1458292209480, Int=20000
D/ActivityThread( 3970): BDC-Calling finishReceiver: IIntentReceiver=2f4a5278
D/AlarmManager(  832): onSendFinished begin
D/PMS     (  832): updateWakeLockWorkSourceInternal: lock=108703641 [*alarm*], ws=WorkSource{1000}
D/PMN     (  832): onWakeLockChanging: flags=1, tag="*alarm*", packageName=android, ownerUid=1000, ownerPid=832, workSource=WorkSource{1000}
D/ActivityThread(  832): BDC-Calling finishReceiver: IIntentReceiver=200693b6
D/AlarmManager(  832): onSendFinished begin
D/PMS     (  832): releaseWL(2ac8594): PARTIAL_WAKE_LOCK  *alarm* 0x1 WorkSource{1000}
D/PMN     (  832): onWakeLockReleased: flags=1, tag="*alarm*", packageName=android, ownerUid=1000, ownerPid=832, workSource=WorkSource{1000}
D/PMS     (  832): updateWakeLockSummaryLocked: mWakefulness=Awake, mWakeLockSummary=0x23
D/PMS     (  832): updateUserActivitySummaryLocked: mWakefulness=Awake, mUserActivitySummary=0x1,56120799,1,7000,3600000, nextTimeout=59710508 (in 3589708 ms)
D/PMS     (  832): mDisplayPowerRequest.policy = 3
D/WifiDisplayAdapter(  832): getWifiDisplayStatusLocked: result=WifiDisplayStatus{featureState=2, scanState=0, activeDisplayState=0, activeDisplay=null, displays=[], sessionInfo=WifiDisplaySessionInfo: C/O:Client,GId:,Pp:,SId:0,IP:}
D/PMS     (  832): isWfdEnabled() mWfdStatus=WifiDisplayStatus{featureState=2, scanState=0, activeDisplayState=0, activeDisplay=null, displays=[], sessionInfo=WifiDisplaySessionInfo: C/O:Client,GId:,Pp:,SId:0,IP:}, return false
D/XAN-DPC (  832): requestPowerState: policy=BRIGHT, useProximitySensor=false, screenBrightness=142, screenAutoBrightnessAdjustment=0.0, useAutoBrightness=true, blockScreenOn=false, lowPowerMode=false, dozeScreenBrightness=-1, useOverrideBrightness=false, screenAutoBrightnessPercentage=100, dozeScreenState=UNKNOWN, waitForNegativeProximity=false
I/PMS     (  832): setBrightness mButtonLight 0.
D/SocketClient(  347): SocketClient sendData done: 600 Iface linkstate wlan0 up
D/NetworkManagementService(  832): onEvent:600 Iface linkstate wlan0 up:5
D/SocketClient(  347): SocketClient sendData done: 600 Iface linkstate wlan0 up
D/NetworkManagementService(  832): onEvent:600 Iface linkstate wlan0 up:5
D/PMS     (  832): releaseWL(149e2249): PARTIAL_WAKE_LOCK  i 0x1 null
D/PMN     (  832): onWakeLockReleased: flags=1, tag="i", packageName=com.tencent.android.qqdownloader, ownerUid=10153, ownerPid=13748, workSource=null
D/PMS     (  832): updateWakeLockSummaryLocked: mWakefulness=Awake, mWakeLockSummary=0x23
D/PMS     (  832): updateUserActivitySummaryLocked: mWakefulness=Awake, mUserActivitySummary=0x1,56122861,1,7000,3600000, nextTimeout=59710508 (in 3587647 ms)
D/PMS     (  832): mDisplayPowerRequest.policy = 3
D/WifiDisplayAdapter(  832): getWifiDisplayStatusLocked: result=WifiDisplayStatus{featureState=2, scanState=0, activeDisplayState=0, activeDisplay=null, displays=[], sessionInfo=WifiDisplaySessionInfo: C/O:Client,GId:,Pp:,SId:0,IP:}
D/PMS     (  832): isWfdEnabled() mWfdStatus=WifiDisplayStatus{featureState=2, scanState=0, activeDisplayState=0, activeDisplay=null, displays=[], sessionInfo=WifiDisplaySessionInfo: C/O:Client,GId:,Pp:,SId:0,IP:}, return false
D/XAN-DPC (  832): requestPowerState: policy=BRIGHT, useProximitySensor=false, screenBrightness=142, screenAutoBrightnessAdjustment=0.0, useAutoBrightness=true, blockScreenOn=false, lowPowerMode=false, dozeScreenBrightness=-1, useOverrideBrightness=false, screenAutoBrightnessPercentage=100, dozeScreenState=UNKNOWN, waitForNegativeProximity=false
I/PMS     (  832): setBrightness mButtonLight 0.
V/ActivityManager(  832): Broadcast sticky: Intent { act=android.net.wifi.RSSI_CHANGED flg=0x4000010 (has extras) } ordered=false userid=-1 callerApp=ProcessRecord{3e00014 832:system/1000}
D/PMS     (  832): acquireWakeLockInternal: lock=413149245, flags=0x1, tag="i", ws=null, uid=10153, pid=13748
D/PMS     (  832): acquireWL(24a1e832): PARTIAL_WAKE_LOCK  i 0x1 13748 10153 null
D/PMS     (  832): updateWakeLockSummaryLocked: mWakefulness=Awake, mWakeLockSummary=0x23
D/PMS     (  832): updateUserActivitySummaryLocked: mWakefulness=Awake, mUserActivitySummary=0x1,56122882,1,7000,3600000, nextTimeout=59710508 (in 3587626 ms)
D/PMS     (  832): mDisplayPowerRequest.policy = 3
D/WifiDisplayAdapter(  832): getWifiDisplayStatusLocked: result=WifiDisplayStatus{featureState=2, scanState=0, activeDisplayState=0, activeDisplay=null, displays=[], sessionInfo=WifiDisplaySessionInfo: C/O:Client,GId:,Pp:,SId:0,IP:}
D/PMS     (  832): isWfdEnabled() mWfdStatus=WifiDisplayStatus{featureState=2, scanState=0, activeDisplayState=0, activeDisplay=null, displays=[], sessionInfo=WifiDisplaySessionInfo: C/O:Client,GId:,Pp:,SId:0,IP:}, return false
D/XAN-DPC (  832): requestPowerState: policy=BRIGHT, useProximitySensor=false, screenBrightness=142, screenAutoBrightnessAdjustment=0.0, useAutoBrightness=true, blockScreenOn=false, lowPowerMode=false, dozeScreenBrightness=-1, useOverrideBrightness=false, screenAutoBrightnessPercentage=100, dozeScreenState=UNKNOWN, waitForNegativeProximity=false
I/PMS     (  832): setBrightness mButtonLight 0.
D/PMN     (  832): onWakeLockAcquired: flags=1, tag="i", packageName=com.tencent.android.qqdownloader, ownerUid=10153, ownerPid=13748, workSource=null
D/SocketClient(  347): SocketClient sendData done: 
I/thermal_repeater(  372): oh, queryMdThermalInfo (0)Bad file number
I/thermal_repeater(  372): [recvMdThermalInfo] ret=29, strLen=127,  2, 32767, -127, -1, 32767, 2
D/PMS     (  832): releaseWL(139d9a05): PARTIAL_WAKE_LOCK  i 0x1 null
D/PMN     (  832): onWakeLockReleased: flags=1, tag="i", packageName=com.tencent.android.qqdownloader, ownerUid=10153, ownerPid=13748, workSource=null
D/PMS     (  832): updateWakeLockSummaryLocked: mWakefulness=Awake, mWakeLockSummary=0x23
D/PMS     (  832): updateUserActivitySummaryLocked: mWakefulness=Awake, mUserActivitySummary=0x1,56123812,1,7000,3600000, nextTimeout=59710508 (in 3586695 ms)
D/PMS     (  832): mDisplayPowerRequest.policy = 3
D/WifiDisplayAdapter(  832): getWifiDisplayStatusLocked: result=WifiDisplayStatus{featureState=2, scanState=0, activeDisplayState=0, activeDisplay=null, displays=[], sessionInfo=WifiDisplaySessionInfo: C/O:Client,GId:,Pp:,SId:0,IP:}
D/PMS     (  832): isWfdEnabled() mWfdStatus=WifiDisplayStatus{featureState=2, scanState=0, activeDisplayState=0, activeDisplay=null, displays=[], sessionInfo=WifiDisplaySessionInfo: C/O:Client,GId:,Pp:,SId:0,IP:}, return false
D/XAN-DPC (  832): requestPowerState: policy=BRIGHT, useProximitySensor=false, screenBrightness=142, screenAutoBrightnessAdjustment=0.0, useAutoBrightness=true, blockScreenOn=false, lowPowerMode=false, dozeScreenBrightness=-1, useOverrideBrightness=false, screenAutoBrightnessPercentage=100, dozeScreenState=UNKNOWN, waitForNegativeProximity=false
I/PMS     (  832): setBrightness mButtonLight 0.
W/ActivityManager(  832): getTasks: caller 10115 does not hold GET_TASKS; limiting output
D/ActivityThread( 3632): SVC-UNBIND_SERVICE handled : 0 / BindServiceData{token=android.os.BinderProxy@3ee85fd8 intent=Intent { cmp=com.android.defcontainer/.DefaultContainerService }}
D/ActivityThread( 3632): SVC-Destroying service: com.android.defcontainer.DefaultContainerService@34d62d6d
D/ActivityThread( 3632): SVC-STOP_SERVICE handled : 0 / android.os.BinderProxy@3ee85fd8
W/ActivityManager(  832): getTasks: caller 10115 does not hold GET_TASKS; limiting output
V/ActivityManager(  832): Broadcast: Intent { act=com.tencent.android.qqdownloader.action.CAN_UPDATE_APP_SUM_CHANGED flg=0x10 } ordered=false userid=0 callerApp=ProcessRecord{223a562e 13748:com.tencent.android.qqdownloader/u0a153}
D/PMS     (  832): releaseWL(24a1e832): PARTIAL_WAKE_LOCK  i 0x1 null
D/PMN     (  832): onWakeLockReleased: flags=1, tag="i", packageName=com.tencent.android.qqdownloader, ownerUid=10153, ownerPid=13748, workSource=null
D/PMS     (  832): updateWakeLockSummaryLocked: mWakefulness=Awake, mWakeLockSummary=0x23
D/PMS     (  832): updateUserActivitySummaryLocked: mWakefulness=Awake, mUserActivitySummary=0x1,56125149,1,7000,3600000, nextTimeout=59710508 (in 3585358 ms)
D/PMS     (  832): mDisplayPowerRequest.policy = 3
D/WifiDisplayAdapter(  832): getWifiDisplayStatusLocked: result=WifiDisplayStatus{featureState=2, scanState=0, activeDisplayState=0, activeDisplay=null, displays=[], sessionInfo=WifiDisplaySessionInfo: C/O:Client,GId:,Pp:,SId:0,IP:}
D/PMS     (  832): isWfdEnabled() mWfdStatus=WifiDisplayStatus{featureState=2, scanState=0, activeDisplayState=0, activeDisplay=null, displays=[], sessionInfo=WifiDisplaySessionInfo: C/O:Client,GId:,Pp:,SId:0,IP:}, return false
D/XAN-DPC (  832): requestPowerState: policy=BRIGHT, useProximitySensor=false, screenBrightness=142, screenAutoBrightnessAdjustment=0.0, useAutoBrightness=true, blockScreenOn=false, lowPowerMode=false, dozeScreenBrightness=-1, useOverrideBrightness=false, screenAutoBrightnessPercentage=100, dozeScreenState=UNKNOWN, waitForNegativeProximity=false
I/PMS     (  832): setBrightness mButtonLight 0.
D/PMS     (  832): userActivityNoUpdateLocked: eventTime=56125511, event=2, flags=0x0, uid=1000
D/PMN     (  832): onUserActivity: event=2, uid=1000
D/PMS     (  832): updateUserActivitySummaryLocked: mWakefulness=Awake, mUserActivitySummary=0x1,56125516,4,7000,3600000, nextTimeout=59718511 (in 3592995 ms)
D/PMS     (  832): mDisplayPowerRequest.policy = 3
D/WifiDisplayAdapter(  832): getWifiDisplayStatusLocked: result=WifiDisplayStatus{featureState=2, scanState=0, activeDisplayState=0, activeDisplay=null, displays=[], sessionInfo=WifiDisplaySessionInfo: C/O:Client,GId:,Pp:,SId:0,IP:}
D/PMS     (  832): isWfdEnabled() mWfdStatus=WifiDisplayStatus{featureState=2, scanState=0, activeDisplayState=0, activeDisplay=null, displays=[], sessionInfo=WifiDisplaySessionInfo: C/O:Client,GId:,Pp:,SId:0,IP:}, return false
D/XAN-DPC (  832): requestPowerState: policy=BRIGHT, useProximitySensor=false, screenBrightness=142, screenAutoBrightnessAdjustment=0.0, useAutoBrightness=true, blockScreenOn=false, lowPowerMode=false, dozeScreenBrightness=-1, useOverrideBrightness=false, screenAutoBrightnessPercentage=100, dozeScreenState=UNKNOWN, waitForNegativeProximity=false
I/PMS     (  832): setBrightness mButtonLight 0.
V/WindowManager(  832): Changing focus from Window{18dd1dc9 u0 Application Error: com.example.testbitmap EXITING} to Window{30edbf03 u0 com.htc.launcher/com.htc.launcher.Launcher} Callers=com.android.server.wm.WindowManagerService.removeWindowLocked:3054 com.android.server.wm.WindowManagerService.removeWindow:2991 com.android.server.wm.Session.remove:187 android.view.ViewRootImpl.dispatchDetachedFromWindow:3480 
I/WindowManager(  832): Gaining focus: Window{30edbf03 u0 com.htc.launcher/com.htc.launcher.Launcher}
I/WindowManager(  832): Losing focus: Window{18dd1dc9 u0 Application Error: com.example.testbitmap EXITING}
V/InputMethodManagerService(  832): windowGainedFocus: android.os.BinderProxy@1e8c5e4c controlFlags=#0 softInputMode=#120 windowFlags=#d810900
W/InputMethodManagerService(  832): Window already focused, ignoring focus gain of: com.android.internal.view.IInputMethodClient$Stub$Proxy@146c0b39 attribute=null, token = android.os.BinderProxy@1bc6c3b2, client pid=1595, inputType=0x(null)
D/DisplayManagerService(  832): Display listener for pid 10882 died.
I/ActivityManager(  832): Recipient 10882
I/ActivityManager(  832): Process com.example.testbitmap (pid 10882) has died
