D/ActivityManager(  832): SVC-handleAppDiedLocked: app = ProcessRecord{482557e 10882:com.example.testbitmap/u0a184}, app.pid = 10882
D/ActivityManager(  832): SVC-mBroadcastQueues: com.android.server.am.BroadcastQueue@3a382d9
D/ActivityManager(  832): SVC-mBroadcastQueues: com.android.server.am.BroadcastQueue@2b53049e
W/ActivityManager(  832): getTasks: caller 10115 does not hold GET_TASKS; limiting output
V/ActivityManager(  832): Broadcast sticky: Intent { act=android.net.wifi.RSSI_CHANGED flg=0x4000010 (has extras) } ordered=false userid=-1 callerApp=ProcessRecord{3e00014 832:system/1000}
D/PMS     (  832): acquireWakeLockInternal: lock=37919379, flags=0x1, tag="BatteryServiceUpdateStats_3", ws=null, uid=1000, pid=832
D/PMS     (  832): acquireWL(3efefadf): PARTIAL_WAKE_LOCK  BatteryServiceUpdateStats_3 0x1 832 1000 null
D/PMS     (  832): updateWakeLockSummaryLocked: mWakefulness=Awake, mWakeLockSummary=0x23
D/PMS     (  832): updateUserActivitySummaryLocked: mWakefulness=Awake, mUserActivitySummary=0x1,56126017,1,7000,3600000, nextTimeout=59718511 (in 3592492 ms)
D/PMS     (  832): mDisplayPowerRequest.policy = 3
D/WifiDisplayAdapter(  832): getWifiDisplayStatusLocked: result=WifiDisplayStatus{featureState=2, scanState=0, activeDisplayState=0, activeDisplay=null, displays=[], sessionInfo=WifiDisplaySessionInfo: C/O:Client,GId:,Pp:,SId:0,IP:}
D/PMS     (  832): isWfdEnabled() mWfdStatus=WifiDisplayStatus{featureState=2, scanState=0, activeDisplayState=0, activeDisplay=null, displays=[], sessionInfo=WifiDisplaySessionInfo: C/O:Client,GId:,Pp:,SId:0,IP:}, return false
D/XAN-DPC (  832): requestPowerState: policy=BRIGHT, useProximitySensor=false, screenBrightness=142, screenAutoBrightnessAdjustment=0.0, useAutoBrightness=true, blockScreenOn=false, lowPowerMode=false, dozeScreenBrightness=-1, useOverrideBrightness=false, screenAutoBrightnessPercentage=100, dozeScreenState=UNKNOWN, waitForNegativeProximity=false
I/PMS     (  832): setBrightness mButtonLight 0.
D/PMN     (  832): onWakeLockAcquired: flags=1, tag="BatteryServiceUpdateStats_3", packageName=android, ownerUid=1000, ownerPid=832, workSource=null
I/BatteryService(  832): n_update end
D/PMS     (  832): releaseWL(3efefadf): PARTIAL_WAKE_LOCK  BatteryServiceUpdateStats_3 0x1 null
D/PMN     (  832): onWakeLockReleased: flags=1, tag="BatteryServiceUpdateStats_3", packageName=android, ownerUid=1000, ownerPid=832, workSource=null
D/PMS     (  832): updateWakeLockSummaryLocked: mWakefulness=Awake, mWakeLockSummary=0x23
D/PMS     (  832): updateUserActivitySummaryLocked: mWakefulness=Awake, mUserActivitySummary=0x1,56126035,1,7000,3600000, nextTimeout=59718511 (in 3592475 ms)
D/PMS     (  832): mDisplayPowerRequest.policy = 3
D/WifiDisplayAdapter(  832): getWifiDisplayStatusLocked: result=WifiDisplayStatus{featureState=2, scanState=0, activeDisplayState=0, activeDisplay=null, displays=[], sessionInfo=WifiDisplaySessionInfo: C/O:Client,GId:,Pp:,SId:0,IP:}
D/PMS     (  832): isWfdEnabled() mWfdStatus=WifiDisplayStatus{featureState=2, scanState=0, activeDisplayState=0, activeDisplay=null, displays=[], sessionInfo=WifiDisplaySessionInfo: C/O:Client,GId:,Pp:,SId:0,IP:}, return false
D/XAN-DPC (  832): requestPowerState: policy=BRIGHT, useProximitySensor=false, screenBrightness=142, screenAutoBrightnessAdjustment=0.0, useAutoBrightness=true, blockScreenOn=false, lowPowerMode=false, dozeScreenBrightness=-1, useOverrideBrightness=false, screenAutoBrightnessPercentage=100, dozeScreenState=UNKNOWN, waitForNegativeProximity=false
I/PMS     (  832): setBrightness mButtonLight 0.
D/PMS     (  832): userActivityNoUpdateLocked: eventTime=56126323, event=2, flags=0x0, uid=1000
D/PMN     (  832): onUserActivity: event=2, uid=1000
D/PMS     (  832): updateUserActivitySummaryLocked: mWakefulness=Awake, mUserActivitySummary=0x1,56126325,4,7000,3600000, nextTimeout=59719323 (in 3592998 ms)
D/PMS     (  832): mDisplayPowerRequest.policy = 3
D/WifiDisplayAdapter(  832): getWifiDisplayStatusLocked: result=WifiDisplayStatus{featureState=2, scanState=0, activeDisplayState=0, activeDisplay=null, displays=[], sessionInfo=WifiDisplaySessionInfo: C/O:Client,GId:,Pp:,SId:0,IP:}
D/PMS     (  832): isWfdEnabled() mWfdStatus=WifiDisplayStatus{featureState=2, scanState=0, activeDisplayState=0, activeDisplay=null, displays=[], sessionInfo=WifiDisplaySessionInfo: C/O:Client,GId:,Pp:,SId:0,IP:}, return false
D/XAN-DPC (  832): requestPowerState: policy=BRIGHT, useProximitySensor=false, screenBrightness=142, screenAutoBrightnessAdjustment=0.0, useAutoBrightness=true, blockScreenOn=false, lowPowerMode=false, dozeScreenBrightness=-1, useOverrideBrightness=false, screenAutoBrightnessPercentage=100, dozeScreenState=UNKNOWN, waitForNegativeProximity=false
I/PMS     (  832): setBrightness mButtonLight 0.
D/PMS     (  832): acquireHCC(2a7af32c): CPU_MIN_NUM PrismScroll_2 0x8000 1595 10057 null
D/PMS     (  832): updateWakeLockSummaryLocked: mWakefulness=Awake, mWakeLockSummary=0x23
D/PMS     (  832): updateUserActivitySummaryLocked: mWakefulness=Awake, mUserActivitySummary=0x1,56126391,1,7000,3600000, nextTimeout=59719323 (in 3592931 ms)
D/PMS     (  832): mDisplayPowerRequest.policy = 3
D/WifiDisplayAdapter(  832): getWifiDisplayStatusLocked: result=WifiDisplayStatus{featureState=2, scanState=0, activeDisplayState=0, activeDisplay=null, displays=[], sessionInfo=WifiDisplaySessionInfo: C/O:Client,GId:,Pp:,SId:0,IP:}
D/PMS     (  832): isWfdEnabled() mWfdStatus=WifiDisplayStatus{featureState=2, scanState=0, activeDisplayState=0, activeDisplay=null, displays=[], sessionInfo=WifiDisplaySessionInfo: C/O:Client,GId:,Pp:,SId:0,IP:}, return false
D/XAN-DPC (  832): requestPowerState: policy=BRIGHT, useProximitySensor=false, screenBrightness=142, screenAutoBrightnessAdjustment=0.0, useAutoBrightness=true, blockScreenOn=false, lowPowerMode=false, dozeScreenBrightness=-1, useOverrideBrightness=false, screenAutoBrightnessPercentage=100, dozeScreenState=UNKNOWN, waitForNegativeProximity=false
I/PMS     (  832): setBrightness mButtonLight 0.
D/PMS     (  832): acquireHCC(c7921f5): CPU_MIN_FREQ PrismScroll_2 0x2000 1595 10057 null
D/PMS     (  832): updateWakeLockSummaryLocked: mWakefulness=Awake, mWakeLockSummary=0x23
D/PMS     (  832): updateUserActivitySummaryLocked: mWakefulness=Awake, mUserActivitySummary=0x1,56126393,1,7000,3600000, nextTimeout=59719323 (in 3592930 ms)
D/PMS     (  832): mDisplayPowerRequest.policy = 3
D/WifiDisplayAdapter(  832): getWifiDisplayStatusLocked: result=WifiDisplayStatus{featureState=2, scanState=0, activeDisplayState=0, activeDisplay=null, displays=[], sessionInfo=WifiDisplaySessionInfo: C/O:Client,GId:,Pp:,SId:0,IP:}
D/PMS     (  832): isWfdEnabled() mWfdStatus=WifiDisplayStatus{featureState=2, scanState=0, activeDisplayState=0, activeDisplay=null, displays=[], sessionInfo=WifiDisplaySessionInfo: C/O:Client,GId:,Pp:,SId:0,IP:}, return false
D/XAN-DPC (  832): requestPowerState: policy=BRIGHT, useProximitySensor=false, screenBrightness=142, screenAutoBrightnessAdjustment=0.0, useAutoBrightness=true, blockScreenOn=false, lowPowerMode=false, dozeScreenBrightness=-1, useOverrideBrightness=false, screenAutoBrightnessPercentage=100, dozeScreenState=UNKNOWN, waitForNegativeProximity=false
I/PMS     (  832): setBrightness mButtonLight 0.
I/ActivityManager(  832): START u0 {act=android.intent.action.MAIN cat=[android.intent.category.LAUNCHER] flg=0x10200000 cmp=com.example.testbitmap/.MainActivity} from uid 10057 pid 1595 on display 0
D/PMS     (  832): acquireHCC(23a1618): CPU_MIN_NUM ActivityManager-MultiCore-Num 0x8000 832 1000 null
D/PMS     (  832): updateWakeLockSummaryLocked: mWakefulness=Awake, mWakeLockSummary=0x23
D/PMS     (  832): updateUserActivitySummaryLocked: mWakefulness=Awake, mUserActivitySummary=0x1,56126400,1,7000,3600000, nextTimeout=59719323 (in 3592923 ms)
D/PMS     (  832): mDisplayPowerRequest.policy = 3
D/WifiDisplayAdapter(  832): getWifiDisplayStatusLocked: result=WifiDisplayStatus{featureState=2, scanState=0, activeDisplayState=0, activeDisplay=null, displays=[], sessionInfo=WifiDisplaySessionInfo: C/O:Client,GId:,Pp:,SId:0,IP:}
D/PMS     (  832): isWfdEnabled() mWfdStatus=WifiDisplayStatus{featureState=2, scanState=0, activeDisplayState=0, activeDisplay=null, displays=[], sessionInfo=WifiDisplaySessionInfo: C/O:Client,GId:,Pp:,SId:0,IP:}, return false
D/XAN-DPC (  832): requestPowerState: policy=BRIGHT, useProximitySensor=false, screenBrightness=142, screenAutoBrightnessAdjustment=0.0, useAutoBrightness=true, blockScreenOn=false, lowPowerMode=false, dozeScreenBrightness=-1, useOverrideBrightness=false, screenAutoBrightnessPercentage=100, dozeScreenState=UNKNOWN, waitForNegativeProximity=false
I/PMS     (  832): setBrightness mButtonLight 0.
D/PMS     (  832): acquireHCC(1406e871): CPU_MIN_FREQ ActivityManager-MultiCore-Freq 0x2000 832 1000 null
D/PMS     (  832): updateWakeLockSummaryLocked: mWakefulness=Awake, mWakeLockSummary=0x23
D/PMS     (  832): updateUserActivitySummaryLocked: mWakefulness=Awake, mUserActivitySummary=0x1,56126401,1,7000,3600000, nextTimeout=59719323 (in 3592922 ms)
D/PMS     (  832): mDisplayPowerRequest.policy = 3
D/WifiDisplayAdapter(  832): getWifiDisplayStatusLocked: result=WifiDisplayStatus{featureState=2, scanState=0, activeDisplayState=0, activeDisplay=null, displays=[], sessionInfo=WifiDisplaySessionInfo: C/O:Client,GId:,Pp:,SId:0,IP:}
D/PMS     (  832): isWfdEnabled() mWfdStatus=WifiDisplayStatus{featureState=2, scanState=0, activeDisplayState=0, activeDisplay=null, displays=[], sessionInfo=WifiDisplaySessionInfo: C/O:Client,GId:,Pp:,SId:0,IP:}, return false
D/XAN-DPC (  832): requestPowerState: policy=BRIGHT, useProximitySensor=false, screenBrightness=142, screenAutoBrightnessAdjustment=0.0, useAutoBrightness=true, blockScreenOn=false, lowPowerMode=false, dozeScreenBrightness=-1, useOverrideBrightness=false, screenAutoBrightnessPercentage=100, dozeScreenState=UNKNOWN, waitForNegativeProximity=false
I/PMS     (  832): setBrightness mButtonLight 0.
D/PMS     (  832): acquireHCC(1a299656): CPU_MIN_NUM PrismLaunchActivity_4 0x8000 1595 10057 null
D/PMS     (  832): updateWakeLockSummaryLocked: mWakefulness=Awake, mWakeLockSummary=0x23
D/PMS     (  832): updateUserActivitySummaryLocked: mWakefulness=Awake, mUserActivitySummary=0x1,56126404,1,7000,3600000, nextTimeout=59719323 (in 3592919 ms)
D/PMS     (  832): mDisplayPowerRequest.policy = 3
D/WifiDisplayAdapter(  832): getWifiDisplayStatusLocked: result=WifiDisplayStatus{featureState=2, scanState=0, activeDisplayState=0, activeDisplay=null, displays=[], sessionInfo=WifiDisplaySessionInfo: C/O:Client,GId:,Pp:,SId:0,IP:}
D/PMS     (  832): isWfdEnabled() mWfdStatus=WifiDisplayStatus{featureState=2, scanState=0, activeDisplayState=0, activeDisplay=null, displays=[], sessionInfo=WifiDisplaySessionInfo: C/O:Client,GId:,Pp:,SId:0,IP:}, return false
D/XAN-DPC (  832): requestPowerState: policy=BRIGHT, useProximitySensor=false, screenBrightness=142, screenAutoBrightnessAdjustment=0.0, useAutoBrightness=true, blockScreenOn=false, lowPowerMode=false, dozeScreenBrightness=-1, useOverrideBrightness=false, screenAutoBrightnessPercentage=100, dozeScreenState=UNKNOWN, waitForNegativeProximity=false
I/PMS     (  832): setBrightness mButtonLight 0.
D/PMS     (  832): acquireWakeLockInternal: lock=1070796789, flags=0x1, tag="ActivityManager-Launch", ws=null, uid=1000, pid=832
D/PMS     (  832): acquireWL(2c0766d7): PARTIAL_WAKE_LOCK  ActivityManager-Launch 0x1 832 1000 null
D/PMS     (  832): updateWakeLockSummaryLocked: mWakefulness=Awake, mWakeLockSummary=0x23
D/PMS     (  832): updateUserActivitySummaryLocked: mWakefulness=Awake, mUserActivitySummary=0x1,56126404,1,7000,3600000, nextTimeout=59719323 (in 3592919 ms)
D/PMS     (  832): mDisplayPowerRequest.policy = 3
D/WifiDisplayAdapter(  832): getWifiDisplayStatusLocked: result=WifiDisplayStatus{featureState=2, scanState=0, activeDisplayState=0, activeDisplay=null, displays=[], sessionInfo=WifiDisplaySessionInfo: C/O:Client,GId:,Pp:,SId:0,IP:}
D/PMS     (  832): isWfdEnabled() mWfdStatus=WifiDisplayStatus{featureState=2, scanState=0, activeDisplayState=0, activeDisplay=null, displays=[], sessionInfo=WifiDisplaySessionInfo: C/O:Client,GId:,Pp:,SId:0,IP:}, return false
D/XAN-DPC (  832): requestPowerState: policy=BRIGHT, useProximitySensor=false, screenBrightness=142, screenAutoBrightnessAdjustment=0.0, useAutoBrightness=true, blockScreenOn=false, lowPowerMode=false, dozeScreenBrightness=-1, useOverrideBrightness=false, screenAutoBrightnessPercentage=100, dozeScreenState=UNKNOWN, waitForNegativeProximity=false
I/PMS     (  832): setBrightness mButtonLight 0.
D/PMN     (  832): onWakeLockAcquired: flags=1, tag="ActivityManager-Launch", packageName=android, ownerUid=1000, ownerPid=832, workSource=null
V/WindowManager(  832): Changing focus from Window{30edbf03 u0 com.htc.launcher/com.htc.launcher.Launcher} to null Callers=com.android.server.wm.WindowManagerService.setFocusedApp:4590 com.android.server.am.ActivityManagerService.setFocusedActivityLocked:2819 com.android.server.am.ActivityStackSupervisor.startActivityUncheckedLockedImpl:2397 com.android.server.am.ActivityStackSupervisor.startActivityUncheckedLocked:1661 
D/PMS     (  832): acquireHCC(18d09aad): CPU_MIN_FREQ PrismLaunchActivity_4 0x2000 1595 10057 null
I/WindowManager(  832): Losing focus: Window{30edbf03 u0 com.htc.launcher/com.htc.launcher.Launcher}
D/PMS     (  832): updateWakeLockSummaryLocked: mWakefulness=Awake, mWakeLockSummary=0x23
D/PMS     (  832): updateUserActivitySummaryLocked: mWakefulness=Awake, mUserActivitySummary=0x1,56126408,1,7000,3600000, nextTimeout=59719323 (in 3592914 ms)
D/PMS     (  832): mDisplayPowerRequest.policy = 3
D/WifiDisplayAdapter(  832): getWifiDisplayStatusLocked: result=WifiDisplayStatus{featureState=2, scanState=0, activeDisplayState=0, activeDisplay=null, displays=[], sessionInfo=WifiDisplaySessionInfo: C/O:Client,GId:,Pp:,SId:0,IP:}
D/PMS     (  832): isWfdEnabled() mWfdStatus=WifiDisplayStatus{featureState=2, scanState=0, activeDisplayState=0, activeDisplay=null, displays=[], sessionInfo=WifiDisplaySessionInfo: C/O:Client,GId:,Pp:,SId:0,IP:}, return false
D/XAN-DPC (  832): requestPowerState: policy=BRIGHT, useProximitySensor=false, screenBrightness=142, screenAutoBrightnessAdjustment=0.0, useAutoBrightness=true, blockScreenOn=false, lowPowerMode=false, dozeScreenBrightness=-1, useOverrideBrightness=false, screenAutoBrightnessPercentage=100, dozeScreenState=UNKNOWN, waitForNegativeProximity=false
I/PMS     (  832): setBrightness mButtonLight 0.
D/PMS     (  832): releaseHCC(2a7af32c): CPU_MIN_NUM PrismScroll_2 0x8000 null
V/ActivityManager(  832): Broadcast: Intent { act=com.htc.launcher.intent.ACTION_LAUNCHER_PAUSE flg=0x10 } ordered=false userid=0 callerApp=ProcessRecord{259f0431 1595:com.htc.launcher/u0a57}
D/PMS     (  832): updateWakeLockSummaryLocked: mWakefulness=Awake, mWakeLockSummary=0x23
D/PMS     (  832): updateUserActivitySummaryLocked: mWakefulness=Awake, mUserActivitySummary=0x1,56126414,1,7000,3600000, nextTimeout=59719323 (in 3592907 ms)
D/PMS     (  832): mDisplayPowerRequest.policy = 3
D/WifiDisplayAdapter(  832): getWifiDisplayStatusLocked: result=WifiDisplayStatus{featureState=2, scanState=0, activeDisplayState=0, activeDisplay=null, displays=[], sessionInfo=WifiDisplaySessionInfo: C/O:Client,GId:,Pp:,SId:0,IP:}
D/PMS     (  832): isWfdEnabled() mWfdStatus=WifiDisplayStatus{featureState=2, scanState=0, activeDisplayState=0, activeDisplay=null, displays=[], sessionInfo=WifiDisplaySessionInfo: C/O:Client,GId:,Pp:,SId:0,IP:}, return false
D/XAN-DPC (  832): requestPowerState: policy=BRIGHT, useProximitySensor=false, screenBrightness=142, screenAutoBrightnessAdjustment=0.0, useAutoBrightness=true, blockScreenOn=false, lowPowerMode=false, dozeScreenBrightness=-1, useOverrideBrightness=false, screenAutoBrightnessPercentage=100, dozeScreenState=UNKNOWN, waitForNegativeProximity=false
I/PMS     (  832): setBrightness mButtonLight 0.
D/ActivityThread( 1595): ACT-AM_ON_PAUSE_CALLED ActivityRecord{9825271 token=android.os.BinderProxy@3601b856 {com.htc.launcher/com.htc.launcher.Launcher}}
D/PMS     (  832): releaseHCC(c7921f5): CPU_MIN_FREQ PrismScroll_2 0x2000 null
D/PMS     (  832): updateWakeLockSummaryLocked: mWakefulness=Awake, mWakeLockSummary=0x23
D/PMS     (  832): updateUserActivitySummaryLocked: mWakefulness=Awake, mUserActivitySummary=0x1,56126420,1,7000,3600000, nextTimeout=59719323 (in 3592903 ms)
D/PMS     (  832): mDisplayPowerRequest.policy = 3
D/WifiDisplayAdapter(  832): getWifiDisplayStatusLocked: result=WifiDisplayStatus{featureState=2, scanState=0, activeDisplayState=0, activeDisplay=null, displays=[], sessionInfo=WifiDisplaySessionInfo: C/O:Client,GId:,Pp:,SId:0,IP:}
D/PMS     (  832): isWfdEnabled() mWfdStatus=WifiDisplayStatus{featureState=2, scanState=0, activeDisplayState=0, activeDisplay=null, displays=[], sessionInfo=WifiDisplaySessionInfo: C/O:Client,GId:,Pp:,SId:0,IP:}, return false
D/XAN-DPC (  832): requestPowerState: policy=BRIGHT, useProximitySensor=false, screenBrightness=142, screenAutoBrightnessAdjustment=0.0, useAutoBrightness=true, blockScreenOn=false, lowPowerMode=false, dozeScreenBrightness=-1, useOverrideBrightness=false, screenAutoBrightnessPercentage=100, dozeScreenState=UNKNOWN, waitForNegativeProximity=false
I/PMS     (  832): setBrightness mButtonLight 0.
I/ActivityManager(  832): Start proc com.example.testbitmap for activity com.example.testbitmap/.MainActivity: pid=10919 uid=10184 gids={50184, 9997} abi=arm64-v8a
D/ActivityThread( 1595): ACT-PAUSE_ACTIVITY handled : 1 / android.os.BinderProxy@3601b856
V/ActivityThread( 1595): Finishing stop of ActivityRecord{9825271 token=android.os.BinderProxy@3601b856 {com.htc.launcher/com.htc.launcher.Launcher}}: show=true win=com.android.internal.policy.impl.PhoneWindow@3bd41d20
D/ActivityThread( 1595): ACT-STOP_ACTIVITY_SHOW handled : 0 / android.os.BinderProxy@3601b856
D/ActivityThread(10919): BIND_APPLICATION handled : 0 / AppBindData{appInfo=ApplicationInfo{1f67d4af com.example.testbitmap}}
V/ActivityThread(10919): Handling launch of ActivityRecord{305d10bc token=android.os.BinderProxy@20219845 {com.example.testbitmap/com.example.testbitmap.MainActivity}}
V/ActivityThread(10919): ActivityRecord{305d10bc token=android.os.BinderProxy@20219845 {com.example.testbitmap/com.example.testbitmap.MainActivity}}: app=android.app.Application@1ce70ccb, appName=com.example.testbitmap, pkg=com.example.testbitmap, comp={com.example.testbitmap/com.example.testbitmap.MainActivity}, dir=/data/app/com.example.testbitmap-1/base.apk
D/ActivityManager(  832): SVC-mBroadcastQueues: com.android.server.am.BroadcastQueue@3a382d9
D/ActivityManager(  832): SVC-mBroadcastQueues: com.android.server.am.BroadcastQueue@2b53049e
W/ActivityManager(  832):   Force finishing activity com.example.testbitmap/.MainActivity
V/WindowManager(  832): Changing focus from null to Window{30edbf03 u0 com.htc.launcher/com.htc.launcher.Launcher} Callers=com.android.server.wm.WindowManagerService.moveStackWindowsLocked:5706 com.android.server.wm.WindowManagerService.moveTaskToTop:5749 com.android.server.am.ActivityStack.moveHomeStackTaskToTop:3986 com.android.server.am.ActivityStackSupervisor.moveHomeStackTaskToTop:451 
I/WindowManager(  832): Gaining focus: Window{30edbf03 u0 com.htc.launcher/com.htc.launcher.Launcher}
D/ActivityManager(  832): screenshot for ActivityRecord{306a4b8a u0 com.example.testbitmap/.MainActivity t105 f}, bitmap=null, time = 0
E/ActivityManager(  832): Invalid thumbnail dimensions: 540x960
D/PMS     (  832): acquireWakeLockInternal: lock=1070796789, flags=0x1, tag="ActivityManager-Launch", ws=null, uid=1000, pid=832
D/PMS     (  832): acquireWL(2c0766d7): PARTIAL_WAKE_LOCK  ActivityManager-Launch 0x1 832 1000 null
D/PMS     (  832): updateWakeLockSummaryLocked: mWakefulness=Awake, mWakeLockSummary=0x23
D/PMS     (  832): updateUserActivitySummaryLocked: mWakefulness=Awake, mUserActivitySummary=0x1,56126487,1,7000,3600000, nextTimeout=59719323 (in 3592836 ms)
D/PMS     (  832): mDisplayPowerRequest.policy = 3
D/WifiDisplayAdapter(  832): getWifiDisplayStatusLocked: result=WifiDisplayStatus{featureState=2, scanState=0, activeDisplayState=0, activeDisplay=null, displays=[], sessionInfo=WifiDisplaySessionInfo: C/O:Client,GId:,Pp:,SId:0,IP:}
D/PMS     (  832): isWfdEnabled() mWfdStatus=WifiDisplayStatus{featureState=2, scanState=0, activeDisplayState=0, activeDisplay=null, displays=[], sessionInfo=WifiDisplaySessionInfo: C/O:Client,GId:,Pp:,SId:0,IP:}, return false
D/XAN-DPC (  832): requestPowerState: policy=BRIGHT, useProximitySensor=false, screenBrightness=142, screenAutoBrightnessAdjustment=0.0, useAutoBrightness=true, blockScreenOn=false, lowPowerMode=false, dozeScreenBrightness=-1, useOverrideBrightness=false, screenAutoBrightnessPercentage=100, dozeScreenState=UNKNOWN, waitForNegativeProximity=false
I/PMS     (  832): setBrightness mButtonLight 0.
V/InputMethodManagerService(  832): windowGainedFocus: android.os.BinderProxy@1e8c5e4c controlFlags=#0 softInputMode=#20 windowFlags=#d810900
W/InputMethodManagerService(  832): Window already focused, ignoring focus gain of: com.android.internal.view.IInputMethodClient$Stub$Proxy@39f19973 attribute=null, token = android.os.BinderProxy@1bc6c3b2, client pid=1595, inputType=0x(null)
V/WindowManager(  832): Changing focus from Window{30edbf03 u0 com.htc.launcher/com.htc.launcher.Launcher} to Window{2f68e690 u0 Application Error: com.example.testbitmap} Callers=com.android.server.wm.WindowManagerService.addWindow:2921 com.android.server.wm.Session.addToDisplay:168 android.view.ViewRootImpl.setView:657 android.view.WindowManagerGlobal.addView:274 
I/WindowManager(  832): Gaining focus: Window{2f68e690 u0 Application Error: com.example.testbitmap}
V/ActivityManager(  832): Broadcast: Intent { act=android.intent.action.DROPBOX_ENTRY_ADDED flg=0x10 (has extras) } ordered=false userid=0 callerApp=ProcessRecord{3e00014 832:system/1000}
D/PMS     (  832): acquireWakeLockInternal: lock=164686767, flags=0x1, tag="i", ws=null, uid=10153, pid=13748
D/PMS     (  832): acquireWL(e1ddbbc): PARTIAL_WAKE_LOCK  i 0x1 13748 10153 null
D/PMS     (  832): updateWakeLockSummaryLocked: mWakefulness=Awake, mWakeLockSummary=0x23
D/PMS     (  832): updateUserActivitySummaryLocked: mWakefulness=Awake, mUserActivitySummary=0x1,56126613,1,7000,3600000, nextTimeout=59719323 (in 3592710 ms)
D/PMS     (  832): mDisplayPowerRequest.policy = 3
D/WifiDisplayAdapter(  832): getWifiDisplayStatusLocked: result=WifiDisplayStatus{featureState=2, scanState=0, activeDisplayState=0, activeDisplay=null, displays=[], sessionInfo=WifiDisplaySessionInfo: C/O:Client,GId:,Pp:,SId:0,IP:}
D/PMS     (  832): isWfdEnabled() mWfdStatus=WifiDisplayStatus{featureState=2, scanState=0, activeDisplayState=0, activeDisplay=null, displays=[], sessionInfo=WifiDisplaySessionInfo: C/O:Client,GId:,Pp:,SId:0,IP:}, return false
D/XAN-DPC (  832): requestPowerState: policy=BRIGHT, useProximitySensor=false, screenBrightness=142, screenAutoBrightnessAdjustment=0.0, useAutoBrightness=true, blockScreenOn=false, lowPowerMode=false, dozeScreenBrightness=-1, useOverrideBrightness=false, screenAutoBrightnessPercentage=100, dozeScreenState=UNKNOWN, waitForNegativeProximity=false
I/PMS     (  832): setBrightness mButtonLight 0.
D/PMN     (  832): onWakeLockAcquired: flags=1, tag="i", packageName=com.tencent.android.qqdownloader, ownerUid=10153, ownerPid=13748, workSource=null
D/PMS     (  832): releaseWL(e1ddbbc): PARTIAL_WAKE_LOCK  i 0x1 null
D/PMN     (  832): onWakeLockReleased: flags=1, tag="i", packageName=com.tencent.android.qqdownloader, ownerUid=10153, ownerPid=13748, workSource=null
D/PMS     (  832): updateWakeLockSummaryLocked: mWakefulness=Awake, mWakeLockSummary=0x23
D/PMS     (  832): updateUserActivitySummaryLocked: mWakefulness=Awake, mUserActivitySummary=0x1,56126683,1,7000,3600000, nextTimeout=59719323 (in 3592640 ms)
D/PMS     (  832): mDisplayPowerRequest.policy = 3
D/WifiDisplayAdapter(  832): getWifiDisplayStatusLocked: result=WifiDisplayStatus{featureState=2, scanState=0, activeDisplayState=0, activeDisplay=null, displays=[], sessionInfo=WifiDisplaySessionInfo: C/O:Client,GId:,Pp:,SId:0,IP:}
D/PMS     (  832): isWfdEnabled() mWfdStatus=WifiDisplayStatus{featureState=2, scanState=0, activeDisplayState=0, activeDisplay=null, displays=[], sessionInfo=WifiDisplaySessionInfo: C/O:Client,GId:,Pp:,SId:0,IP:}, return false
D/XAN-DPC (  832): requestPowerState: policy=BRIGHT, useProximitySensor=false, screenBrightness=142, screenAutoBrightnessAdjustment=0.0, useAutoBrightness=true, blockScreenOn=false, lowPowerMode=false, dozeScreenBrightness=-1, useOverrideBrightness=false, screenAutoBrightnessPercentage=100, dozeScreenState=UNKNOWN, waitForNegativeProximity=false
I/PMS     (  832): setBrightness mButtonLight 0.
W/ActivityManager(  832): getTasks: caller 10115 does not hold GET_TASKS; limiting output
W/Watchdog(  832): SWT Watchdog after wait current time:56126966
W/Watchdog(  832): **Get SF Time **1
W/Watchdog(  832): SWT Watchdog before synchronized:56126966
W/Watchdog(  832): SWT Watchdog after synchronized:56126966
W/Watchdog(  832): SWT Watchdog before wait timeout:30000
W/Watchdog(  832): SWT Watchdog before wait current time:56126966
W/Watchdog(  832): SWT Watchdog before wait start:56126966
W/Watchdog(  832): SWT Watchdog before wait CHECK_INTERVAL:30000
W/ActivityManager(  832): Activity pause timeout for ActivityRecord{306a4b8a u0 com.example.testbitmap/.MainActivity t105 f}
V/ActivityManager(  832): Broadcast: Intent { act=com.htc.intent.action.NOTIFY_ENTER_HOME flg=0x10 } ordered=false userid=-1 callerApp=null
V/ActivityThread( 1595): Performing resume of ActivityRecord{9825271 token=android.os.BinderProxy@3601b856 {com.htc.launcher/com.htc.launcher.Launcher}}
V/ActivityManager(  832): Broadcast: Intent { act=com.htc.launcher.intent.ACTION_LAUNCHER_RESUME flg=0x10 } ordered=false userid=0 callerApp=ProcessRecord{259f0431 1595:com.htc.launcher/u0a57}
D/ActivityThread( 1595): ACT-AM_ON_RESUME_CALLED ActivityRecord{9825271 token=android.os.BinderProxy@3601b856 {com.htc.launcher/com.htc.launcher.Launcher}}
V/ActivityThread( 1595): Resume ActivityRecord{9825271 token=android.os.BinderProxy@3601b856 {com.htc.launcher/com.htc.launcher.Launcher}} started activity: false, hideForNow: false, finished: false
V/ActivityThread( 1595): Resuming ActivityRecord{9825271 token=android.os.BinderProxy@3601b856 {com.htc.launcher/com.htc.launcher.Launcher}} with isForward=true
V/ActivityThread( 1595): Scheduling idle handler for ActivityRecord{9825271 token=android.os.BinderProxy@3601b856 {com.htc.launcher/com.htc.launcher.Launcher}}
D/ActivityThread( 1595): ACT-RESUME_ACTIVITY handled : 1 / android.os.BinderProxy@3601b856
D/PMS     (  832): releaseWL(2c0766d7): PARTIAL_WAKE_LOCK  ActivityManager-Launch 0x1 null
D/PMN     (  832): onWakeLockReleased: flags=1, tag="ActivityManager-Launch", packageName=android, ownerUid=1000, ownerPid=832, workSource=null
D/PMS     (  832): updateWakeLockSummaryLocked: mWakefulness=Awake, mWakeLockSummary=0x23
D/PMS     (  832): updateUserActivitySummaryLocked: mWakefulness=Awake, mUserActivitySummary=0x1,56127015,1,7000,3600000, nextTimeout=59719323 (in 3592308 ms)
D/PMS     (  832): mDisplayPowerRequest.policy = 3
D/WifiDisplayAdapter(  832): getWifiDisplayStatusLocked: result=WifiDisplayStatus{featureState=2, scanState=0, activeDisplayState=0, activeDisplay=null, displays=[], sessionInfo=WifiDisplaySessionInfo: C/O:Client,GId:,Pp:,SId:0,IP:}
D/PMS     (  832): isWfdEnabled() mWfdStatus=WifiDisplayStatus{featureState=2, scanState=0, activeDisplayState=0, activeDisplay=null, displays=[], sessionInfo=WifiDisplaySessionInfo: C/O:Client,GId:,Pp:,SId:0,IP:}, return false
D/XAN-DPC (  832): requestPowerState: policy=BRIGHT, useProximitySensor=false, screenBrightness=142, screenAutoBrightnessAdjustment=0.0, useAutoBrightness=true, blockScreenOn=false, lowPowerMode=false, dozeScreenBrightness=-1, useOverrideBrightness=false, screenAutoBrightnessPercentage=100, dozeScreenState=UNKNOWN, waitForNegativeProximity=false
I/PMS     (  832): setBrightness mButtonLight 0.
I/ANRManager(  832): updateProcessStats
D/PMS     (  832): userActivityNoUpdateLocked: eventTime=56127379, event=2, flags=0x0, uid=1000
D/PMN     (  832): onUserActivity: event=2, uid=1000
D/PMS     (  832): updateUserActivitySummaryLocked: mWakefulness=Awake, mUserActivitySummary=0x1,56127380,4,7000,3600000, nextTimeout=59720379 (in 3592999 ms)
D/PMS     (  832): mDisplayPowerRequest.policy = 3
D/WifiDisplayAdapter(  832): getWifiDisplayStatusLocked: result=WifiDisplayStatus{featureState=2, scanState=0, activeDisplayState=0, activeDisplay=null, displays=[], sessionInfo=WifiDisplaySessionInfo: C/O:Client,GId:,Pp:,SId:0,IP:}
D/PMS     (  832): isWfdEnabled() mWfdStatus=WifiDisplayStatus{featureState=2, scanState=0, activeDisplayState=0, activeDisplay=null, displays=[], sessionInfo=WifiDisplaySessionInfo: C/O:Client,GId:,Pp:,SId:0,IP:}, return false
D/XAN-DPC (  832): requestPowerState: policy=BRIGHT, useProximitySensor=false, screenBrightness=142, screenAutoBrightnessAdjustment=0.0, useAutoBrightness=true, blockScreenOn=false, lowPowerMode=false, dozeScreenBrightness=-1, useOverrideBrightness=false, screenAutoBrightnessPercentage=100, dozeScreenState=UNKNOWN, waitForNegativeProximity=false
I/PMS     (  832): setBrightness mButtonLight 0.
D/PMS     (  832): releaseHCC(1a299656): CPU_MIN_NUM PrismLaunchActivity_4 0x8000 null
D/PMS     (  832): updateWakeLockSummaryLocked: mWakefulness=Awake, mWakeLockSummary=0x23
D/PMS     (  832): updateUserActivitySummaryLocked: mWakefulness=Awake, mUserActivitySummary=0x1,56127410,1,7000,3600000, nextTimeout=59720379 (in 3592969 ms)
D/PMS     (  832): mDisplayPowerRequest.policy = 3
D/WifiDisplayAdapter(  832): getWifiDisplayStatusLocked: result=WifiDisplayStatus{featureState=2, scanState=0, activeDisplayState=0, activeDisplay=null, displays=[], sessionInfo=WifiDisplaySessionInfo: C/O:Client,GId:,Pp:,SId:0,IP:}
D/PMS     (  832): isWfdEnabled() mWfdStatus=WifiDisplayStatus{featureState=2, scanState=0, activeDisplayState=0, activeDisplay=null, displays=[], sessionInfo=WifiDisplaySessionInfo: C/O:Client,GId:,Pp:,SId:0,IP:}, return false
D/XAN-DPC (  832): requestPowerState: policy=BRIGHT, useProximitySensor=false, screenBrightness=142, screenAutoBrightnessAdjustment=0.0, useAutoBrightness=true, blockScreenOn=false, lowPowerMode=false, dozeScreenBrightness=-1, useOverrideBrightness=false, screenAutoBrightnessPercentage=100, dozeScreenState=UNKNOWN, waitForNegativeProximity=false
I/PMS     (  832): setBrightness mButtonLight 0.
D/PMS     (  832): releaseHCC(18d09aad): CPU_MIN_FREQ PrismLaunchActivity_4 0x2000 null
D/PMS     (  832): updateWakeLockSummaryLocked: mWakefulness=Awake, mWakeLockSummary=0x23
D/PMS     (  832): updateUserActivitySummaryLocked: mWakefulness=Awake, mUserActivitySummary=0x1,56127411,1,7000,3600000, nextTimeout=59720379 (in 3592968 ms)
D/PMS     (  832): mDisplayPowerRequest.policy = 3
D/WifiDisplayAdapter(  832): getWifiDisplayStatusLocked: result=WifiDisplayStatus{featureState=2, scanState=0, activeDisplayState=0, activeDisplay=null, displays=[], sessionInfo=WifiDisplaySessionInfo: C/O:Client,GId:,Pp:,SId:0,IP:}
D/PMS     (  832): isWfdEnabled() mWfdStatus=WifiDisplayStatus{featureState=2, scanState=0, activeDisplayState=0, activeDisplay=null, displays=[], sessionInfo=WifiDisplaySessionInfo: C/O:Client,GId:,Pp:,SId:0,IP:}, return false
D/XAN-DPC (  832): requestPowerState: policy=BRIGHT, useProximitySensor=false, screenBrightness=142, screenAutoBrightnessAdjustment=0.0, useAutoBrightness=true, blockScreenOn=false, lowPowerMode=false, dozeScreenBrightness=-1, useOverrideBrightness=false, screenAutoBrightnessPercentage=100, dozeScreenState=UNKNOWN, waitForNegativeProximity=false
I/PMS     (  832): setBrightness mButtonLight 0.
D/PMS     (  832): acquireWakeLockInternal: lock=91005351, flags=0x1, tag="i", ws=null, uid=10153, pid=13748
D/PMS     (  832): acquireWL(16abe654): PARTIAL_WAKE_LOCK  i 0x1 13748 10153 null
D/PMS     (  832): updateWakeLockSummaryLocked: mWakefulness=Awake, mWakeLockSummary=0x23
D/PMS     (  832): updateUserActivitySummaryLocked: mWakefulness=Awake, mUserActivitySummary=0x1,56127613,1,7000,3600000, nextTimeout=59720379 (in 3592766 ms)
D/PMS     (  832): mDisplayPowerRequest.policy = 3
D/WifiDisplayAdapter(  832): getWifiDisplayStatusLocked: result=WifiDisplayStatus{featureState=2, scanState=0, activeDisplayState=0, activeDisplay=null, displays=[], sessionInfo=WifiDisplaySessionInfo: C/O:Client,GId:,Pp:,SId:0,IP:}
D/PMS     (  832): isWfdEnabled() mWfdStatus=WifiDisplayStatus{featureState=2, scanState=0, activeDisplayState=0, activeDisplay=null, displays=[], sessionInfo=WifiDisplaySessionInfo: C/O:Client,GId:,Pp:,SId:0,IP:}, return false
D/XAN-DPC (  832): requestPowerState: policy=BRIGHT, useProximitySensor=false, screenBrightness=142, screenAutoBrightnessAdjustment=0.0, useAutoBrightness=true, blockScreenOn=false, lowPowerMode=false, dozeScreenBrightness=-1, useOverrideBrightness=false, screenAutoBrightnessPercentage=100, dozeScreenState=UNKNOWN, waitForNegativeProximity=false
I/PMS     (  832): setBrightness mButtonLight 0.
D/PMN     (  832): onWakeLockAcquired: flags=1, tag="i", packageName=com.tencent.android.qqdownloader, ownerUid=10153, ownerPid=13748, workSource=null
W/ActivityManager(  832): getTasks: caller 10115 does not hold GET_TASKS; limiting output
V/ActivityManager(  832): Broadcast sticky: Intent { act=android.intent.action.SIG_STR flg=0x20000010 (has extras) } ordered=false userid=-1 callerApp=ProcessRecord{3e00014 832:system/1000}
I/thermal_repeater(  372): oh, queryMdThermalInfo (0)Bad file number
I/thermal_repeater(  372): [recvMdThermalInfo] ret=29, strLen=127,  2, 32767, -127, -1, 32767, 2
D/PMS     (  832): releaseHCC(23a1618): CPU_MIN_NUM ActivityManager-MultiCore-Num 0x8000 null
D/PMS     (  832): updateWakeLockSummaryLocked: mWakefulness=Awake, mWakeLockSummary=0x23
D/PMS     (  832): updateUserActivitySummaryLocked: mWakefulness=Awake, mUserActivitySummary=0x1,56128399,1,7000,3600000, nextTimeout=59720379 (in 3591980 ms)
D/PMS     (  832): mDisplayPowerRequest.policy = 3
D/WifiDisplayAdapter(  832): getWifiDisplayStatusLocked: result=WifiDisplayStatus{featureState=2, scanState=0, activeDisplayState=0, activeDisplay=null, displays=[], sessionInfo=WifiDisplaySessionInfo: C/O:Client,GId:,Pp:,SId:0,IP:}
D/PMS     (  832): isWfdEnabled() mWfdStatus=WifiDisplayStatus{featureState=2, scanState=0, activeDisplayState=0, activeDisplay=null, displays=[], sessionInfo=WifiDisplaySessionInfo: C/O:Client,GId:,Pp:,SId:0,IP:}, return false
D/XAN-DPC (  832): requestPowerState: policy=BRIGHT, useProximitySensor=false, screenBrightness=142, screenAutoBrightnessAdjustment=0.0, useAutoBrightness=true, blockScreenOn=false, lowPowerMode=false, dozeScreenBrightness=-1, useOverrideBrightness=false, screenAutoBrightnessPercentage=100, dozeScreenState=UNKNOWN, waitForNegativeProximity=false
I/PMS     (  832): setBrightness mButtonLight 0.
D/PMS     (  832): releaseHCC(1406e871): CPU_MIN_FREQ ActivityManager-MultiCore-Freq 0x2000 null
D/PMS     (  832): updateWakeLockSummaryLocked: mWakefulness=Awake, mWakeLockSummary=0x23
D/PMS     (  832): updateUserActivitySummaryLocked: mWakefulness=Awake, mUserActivitySummary=0x1,56128405,1,7000,3600000, nextTimeout=59720379 (in 3591973 ms)
D/PMS     (  832): mDisplayPowerRequest.policy = 3
D/WifiDisplayAdapter(  832): getWifiDisplayStatusLocked: result=WifiDisplayStatus{featureState=2, scanState=0, activeDisplayState=0, activeDisplay=null, displays=[], sessionInfo=WifiDisplaySessionInfo: C/O:Client,GId:,Pp:,SId:0,IP:}
D/PMS     (  832): isWfdEnabled() mWfdStatus=WifiDisplayStatus{featureState=2, scanState=0, activeDisplayState=0, activeDisplay=null, displays=[], sessionInfo=WifiDisplaySessionInfo: C/O:Client,GId:,Pp:,SId:0,IP:}, return false
D/XAN-DPC (  832): requestPowerState: policy=BRIGHT, useProximitySensor=false, screenBrightness=142, screenAutoBrightnessAdjustment=0.0, useAutoBrightness=true, blockScreenOn=false, lowPowerMode=false, dozeScreenBrightness=-1, useOverrideBrightness=false, screenAutoBrightnessPercentage=100, dozeScreenState=UNKNOWN, waitForNegativeProximity=false
I/PMS     (  832): setBrightness mButtonLight 0.
W/ActivityManager(  832): getTasks: caller 10115 does not hold GET_TASKS; limiting output
V/ActivityManager(  832): Broadcast sticky: Intent { act=android.net.wifi.RSSI_CHANGED flg=0x4000010 (has extras) } ordered=false userid=-1 callerApp=ProcessRecord{3e00014 832:system/1000}
D/PMS     (  832): releaseWL(16abe654): PARTIAL_WAKE_LOCK  i 0x1 null
D/PMN     (  832): onWakeLockReleased: flags=1, tag="i", packageName=com.tencent.android.qqdownloader, ownerUid=10153, ownerPid=13748, workSource=null
D/PMS     (  832): updateWakeLockSummaryLocked: mWakefulness=Awake, mWakeLockSummary=0x23
D/PMS     (  832): updateUserActivitySummaryLocked: mWakefulness=Awake, mUserActivitySummary=0x1,56129008,1,7000,3600000, nextTimeout=59720379 (in 3591363 ms)
D/PMS     (  832): mDisplayPowerRequest.policy = 3
D/WifiDisplayAdapter(  832): getWifiDisplayStatusLocked: result=WifiDisplayStatus{featureState=2, scanState=0, activeDisplayState=0, activeDisplay=null, displays=[], sessionInfo=WifiDisplaySessionInfo: C/O:Client,GId:,Pp:,SId:0,IP:}
D/PMS     (  832): isWfdEnabled() mWfdStatus=WifiDisplayStatus{featureState=2, scanState=0, activeDisplayState=0, activeDisplay=null, displays=[], sessionInfo=WifiDisplaySessionInfo: C/O:Client,GId:,Pp:,SId:0,IP:}, return false
D/XAN-DPC (  832): requestPowerState: policy=BRIGHT, useProximitySensor=false, screenBrightness=142, screenAutoBrightnessAdjustment=0.0, useAutoBrightness=true, blockScreenOn=false, lowPowerMode=false, dozeScreenBrightness=-1, useOverrideBrightness=false, screenAutoBrightnessPercentage=100, dozeScreenState=UNKNOWN, waitForNegativeProximity=false
I/PMS     (  832): setBrightness mButtonLight 0.
I/ANRManager(  832): CPU update time < 2.5sec
I/ANRManager(  832): CPU update time < 2.5sec
I/ANRManager(  832): CPU update time < 2.5sec
D/TaskPersister(  832): removeObsoleteFile: deleting file=104_task.xml
I/ANRManager(  832): CPU update time < 2.5sec
I/ANRManager(  832): CPU update time < 2.5sec
I/ANRManager(  832): CPU update time < 2.5sec
I/ANRManager(  832): CPU update time < 2.5sec
I/ANRManager(  832): CPU update time < 2.5sec
I/ANRManager(  832): CPU update time < 2.5sec
I/ANRManager(  832): CPU update time < 2.5sec
I/ANRManager(  832): CPU update time < 2.5sec
D/PMS     (  832): userActivityNoUpdateLocked: eventTime=56129294, event=2, flags=0x0, uid=1000
D/PMN     (  832): onUserActivity: event=2, uid=1000
D/PMS     (  832): updateUserActivitySummaryLocked: mWakefulness=Awake, mUserActivitySummary=0x1,56129302,4,7000,3600000, nextTimeout=59722294 (in 3592992 ms)
D/PMS     (  832): mDisplayPowerRequest.policy = 3
D/WifiDisplayAdapter(  832): getWifiDisplayStatusLocked: result=WifiDisplayStatus{featureState=2, scanState=0, activeDisplayState=0, activeDisplay=null, displays=[], sessionInfo=WifiDisplaySessionInfo: C/O:Client,GId:,Pp:,SId:0,IP:}
D/PMS     (  832): isWfdEnabled() mWfdStatus=WifiDisplayStatus{featureState=2, scanState=0, activeDisplayState=0, activeDisplay=null, displays=[], sessionInfo=WifiDisplaySessionInfo: C/O:Client,GId:,Pp:,SId:0,IP:}, return false
D/XAN-DPC (  832): requestPowerState: policy=BRIGHT, useProximitySensor=false, screenBrightness=142, screenAutoBrightnessAdjustment=0.0, useAutoBrightness=true, blockScreenOn=false, lowPowerMode=false, dozeScreenBrightness=-1, useOverrideBrightness=false, screenAutoBrightnessPercentage=100, dozeScreenState=UNKNOWN, waitForNegativeProximity=false
I/PMS     (  832): setBrightness mButtonLight 0.
I/ANRManager(  832): CPU update time < 2.5sec
V/WindowManager(  832): Changing focus from Window{2f68e690 u0 Application Error: com.example.testbitmap EXITING} to Window{30edbf03 u0 com.htc.launcher/com.htc.launcher.Launcher} Callers=com.android.server.wm.WindowManagerService.removeWindowLocked:3054 com.android.server.wm.WindowManagerService.removeWindow:2991 com.android.server.wm.Session.remove:187 android.view.ViewRootImpl.dispatchDetachedFromWindow:3480 
I/WindowManager(  832): Gaining focus: Window{30edbf03 u0 com.htc.launcher/com.htc.launcher.Launcher}
I/WindowManager(  832): Losing focus: Window{2f68e690 u0 Application Error: com.example.testbitmap EXITING}
V/InputMethodManagerService(  832): windowGainedFocus: android.os.BinderProxy@1e8c5e4c controlFlags=#0 softInputMode=#120 windowFlags=#d810900
W/InputMethodManagerService(  832): Window already focused, ignoring focus gain of: com.android.internal.view.IInputMethodClient$Stub$Proxy@22b7b143 attribute=null, token = android.os.BinderProxy@1bc6c3b2, client pid=1595, inputType=0x(null)
I/ANRManager(  832): CPU update time < 2.5sec
I/ActivityManager(  832): Recipient 10919
D/DisplayManagerService(  832): Display listener for pid 10919 died.
I/ActivityManager(  832): Process com.example.testbitmap (pid 10919) has died
D/ActivityManager(  832): SVC-handleAppDiedLocked: app = ProcessRecord{1d0b13c0 10919:com.example.testbitmap/u0a184}, app.pid = 10919
D/ActivityManager(  832): SVC-mBroadcastQueues: com.android.server.am.BroadcastQueue@3a382d9
D/ActivityManager(  832): SVC-mBroadcastQueues: com.android.server.am.BroadcastQueue@2b53049e
I/ANRManager(  832): CPU update time < 2.5sec
I/ANRManager(  832): CPU update time < 2.5sec
I/ANRManager(  832): CPU update time < 2.5sec
W/ActivityManager(  832): getTasks: caller 10115 does not hold GET_TASKS; limiting output
I/ANRManager(  832): updateProcessStats
W/ActivityManager(  832): getTasks: caller 10115 does not hold GET_TASKS; limiting output
W/ActivityManager(  832): getTasks: caller 10115 does not hold GET_TASKS; limiting output
V/ActivityManager(  832): Broadcast sticky: Intent { act=android.net.wifi.RSSI_CHANGED flg=0x4000010 (has extras) } ordered=false userid=-1 callerApp=ProcessRecord{3e00014 832:system/1000}
D/TaskPersister(  832): removeObsoleteFile: deleting file=105_task.xml
W/ActivityManager(  832): getTasks: caller 10115 does not hold GET_TASKS; limiting output
V/ActivityManager(  832): Broadcast sticky: Intent { act=android.intent.action.SIG_STR flg=0x20000010 (has extras) } ordered=false userid=-1 callerApp=ProcessRecord{3e00014 832:system/1000}
I/thermal_repeater(  372): oh, queryMdThermalInfo (0)Bad file number
I/thermal_repeater(  372): [recvMdThermalInfo] ret=29, strLen=127,  2, 32767, -127, -1, 32767, 2
W/ActivityManager(  832): getTasks: caller 10115 does not hold GET_TASKS; limiting output
W/ActivityManager(  832): getTasks: caller 10115 does not hold GET_TASKS; limiting output
V/ActivityManager(  832): Broadcast sticky: Intent { act=android.net.wifi.RSSI_CHANGED flg=0x4000010 (has extras) } ordered=false userid=-1 callerApp=ProcessRecord{3e00014 832:system/1000}
W/ActivityManager(  832): getTasks: caller 10115 does not hold GET_TASKS; limiting output
D/PMS     (  832): acquireWakeLockInternal: lock=37919379, flags=0x1, tag="BatteryServiceUpdateStats_3", ws=null, uid=1000, pid=832
D/PMS     (  832): acquireWL(43c18f9): PARTIAL_WAKE_LOCK  BatteryServiceUpdateStats_3 0x1 832 1000 null
D/PMS     (  832): updateWakeLockSummaryLocked: mWakefulness=Awake, mWakeLockSummary=0x23
D/PMS     (  832): updateUserActivitySummaryLocked: mWakefulness=Awake, mUserActivitySummary=0x1,56136015,1,7000,3600000, nextTimeout=59722294 (in 3586278 ms)
D/PMS     (  832): mDisplayPowerRequest.policy = 3
D/WifiDisplayAdapter(  832): getWifiDisplayStatusLocked: result=WifiDisplayStatus{featureState=2, scanState=0, activeDisplayState=0, activeDisplay=null, displays=[], sessionInfo=WifiDisplaySessionInfo: C/O:Client,GId:,Pp:,SId:0,IP:}
D/PMS     (  832): isWfdEnabled() mWfdStatus=WifiDisplayStatus{featureState=2, scanState=0, activeDisplayState=0, activeDisplay=null, displays=[], sessionInfo=WifiDisplaySessionInfo: C/O:Client,GId:,Pp:,SId:0,IP:}, return false
D/XAN-DPC (  832): requestPowerState: policy=BRIGHT, useProximitySensor=false, screenBrightness=142, screenAutoBrightnessAdjustment=0.0, useAutoBrightness=true, blockScreenOn=false, lowPowerMode=false, dozeScreenBrightness=-1, useOverrideBrightness=false, screenAutoBrightnessPercentage=100, dozeScreenState=UNKNOWN, waitForNegativeProximity=false
I/PMS     (  832): setBrightness mButtonLight 0.
D/PMN     (  832): onWakeLockAcquired: flags=1, tag="BatteryServiceUpdateStats_3", packageName=android, ownerUid=1000, ownerPid=832, workSource=null
I/BatteryService(  832): n_update end
D/PMS     (  832): releaseWL(43c18f9): PARTIAL_WAKE_LOCK  BatteryServiceUpdateStats_3 0x1 null
D/PMN     (  832): onWakeLockReleased: flags=1, tag="BatteryServiceUpdateStats_3", packageName=android, ownerUid=1000, ownerPid=832, workSource=null
D/PMS     (  832): updateWakeLockSummaryLocked: mWakefulness=Awake, mWakeLockSummary=0x23
D/PMS     (  832): updateUserActivitySummaryLocked: mWakefulness=Awake, mUserActivitySummary=0x1,56136021,1,7000,3600000, nextTimeout=59722294 (in 3586272 ms)
D/PMS     (  832): mDisplayPowerRequest.policy = 3
D/WifiDisplayAdapter(  832): getWifiDisplayStatusLocked: result=WifiDisplayStatus{featureState=2, scanState=0, activeDisplayState=0, activeDisplay=null, displays=[], sessionInfo=WifiDisplaySessionInfo: C/O:Client,GId:,Pp:,SId:0,IP:}
D/PMS     (  832): isWfdEnabled() mWfdStatus=WifiDisplayStatus{featureState=2, scanState=0, activeDisplayState=0, activeDisplay=null, displays=[], sessionInfo=WifiDisplaySessionInfo: C/O:Client,GId:,Pp:,SId:0,IP:}, return false
D/XAN-DPC (  832): requestPowerState: policy=BRIGHT, useProximitySensor=false, screenBrightness=142, screenAutoBrightnessAdjustment=0.0, useAutoBrightness=true, blockScreenOn=false, lowPowerMode=false, dozeScreenBrightness=-1, useOverrideBrightness=false, screenAutoBrightnessPercentage=100, dozeScreenState=UNKNOWN, waitForNegativeProximity=false
I/PMS     (  832): setBrightness mButtonLight 0.
W/ActivityManager(  832): getTasks: caller 10115 does not hold GET_TASKS; limiting output
I/ANRManager(  832): updateProcessStats
W/ActivityManager(  832): getTasks: caller 10115 does not hold GET_TASKS; limiting output
V/ActivityManager(  832): Broadcast sticky: Intent { act=android.net.wifi.RSSI_CHANGED flg=0x4000010 (has extras) } ordered=false userid=-1 callerApp=ProcessRecord{3e00014 832:system/1000}
I/thermal_repeater(  372): oh, queryMdThermalInfo (0)Bad file number
V/ActivityManager(  832): Broadcast sticky: Intent { act=android.intent.action.SIG_STR flg=0x20000010 (has extras) } ordered=false userid=-1 callerApp=ProcessRecord{3e00014 832:system/1000}
I/thermal_repeater(  372): [recvMdThermalInfo] ret=29, strLen=127,  2, 32767, -127, -1, 32767, 2
W/ActivityManager(  832): getTasks: caller 10115 does not hold GET_TASKS; limiting output
W/ActivityManager(  832): getTasks: caller 10115 does not hold GET_TASKS; limiting output
V/ActivityManager(  832): Broadcast: Intent { act=com.android.server.WifiManager.action.START_SCAN flg=0x114 (has extras) } ordered=true userid=0 callerApp=null
D/PMS     (  832): acquireWakeLockInternal: lock=108703641, flags=0x1, tag="*alarm*", ws=WorkSource{1000}, uid=1000, pid=832
D/ActivityThread(  832): BDC-Calling finishReceiver: IIntentReceiver=200693b6
D/AlarmManager(  832): onSendFinished begin
D/PMS     (  832): acquireWL(26c8b03e): PARTIAL_WAKE_LOCK  *alarm* 0x1 832 1000 WorkSource{1000}
D/PMS     (  832): updateWakeLockSummaryLocked: mWakefulness=Awake, mWakeLockSummary=0x23
D/PMS     (  832): updateUserActivitySummaryLocked: mWakefulness=Awake, mUserActivitySummary=0x1,56140796,1,7000,3600000, nextTimeout=59722294 (in 3581497 ms)
D/PMS     (  832): mDisplayPowerRequest.policy = 3
D/WifiDisplayAdapter(  832): getWifiDisplayStatusLocked: result=WifiDisplayStatus{featureState=2, scanState=0, activeDisplayState=0, activeDisplay=null, displays=[], sessionInfo=WifiDisplaySessionInfo: C/O:Client,GId:,Pp:,SId:0,IP:}
D/PMS     (  832): isWfdEnabled() mWfdStatus=WifiDisplayStatus{featureState=2, scanState=0, activeDisplayState=0, activeDisplay=null, displays=[], sessionInfo=WifiDisplaySessionInfo: C/O:Client,GId:,Pp:,SId:0,IP:}, return false
D/XAN-DPC (  832): requestPowerState: policy=BRIGHT, useProximitySensor=false, screenBrightness=142, screenAutoBrightnessAdjustment=0.0, useAutoBrightness=true, blockScreenOn=false, lowPowerMode=false, dozeScreenBrightness=-1, useOverrideBrightness=false, screenAutoBrightnessPercentage=100, dozeScreenState=UNKNOWN, waitForNegativeProximity=false
I/PMS     (  832): setBrightness mButtonLight 0.
D/PMN     (  832): onWakeLockAcquired: flags=1, tag="*alarm*", packageName=android, ownerUid=1000, ownerPid=832, workSource=WorkSource{1000}
V/AlarmManager(  832): sending alarm PendingIntent{3f95aca8: PendingIntentRecord{1f45e3c1 android broadcastIntent}}, i=com.android.server.WifiManager.action.START_SCAN, t=1, cnt=1, w=1458292229480, Int=20000
D/PMS     (  832): releaseWL(26c8b03e): PARTIAL_WAKE_LOCK  *alarm* 0x1 WorkSource{1000}
D/PMN     (  832): onWakeLockReleased: flags=1, tag="*alarm*", packageName=android, ownerUid=1000, ownerPid=832, workSource=WorkSource{1000}
D/PMS     (  832): updateWakeLockSummaryLocked: mWakefulness=Awake, mWakeLockSummary=0x23
D/PMS     (  832): updateUserActivitySummaryLocked: mWakefulness=Awake, mUserActivitySummary=0x1,56140803,1,7000,3600000, nextTimeout=59722294 (in 3581491 ms)
D/PMS     (  832): mDisplayPowerRequest.policy = 3
