E/WifiStateMachine(  832):  ConnectModeState (when=-3ms what=147461!SCAN_RESULTS_EVENT 0 0 found=43 known=1 got=43 bcn=0
E/WifiStateMachine(  832):  DriverStartedState (when=-4ms what=147461!SCAN_RESULTS_EVENT 0 0 found=43 known=1 got=43 bcn=0
E/WifiStateMachine(  832):  SupplicantStartedState (when=-5ms what=147461!SCAN_RESULTS_EVENT 0 0 found=43 known=1 got=43 bcn=0
E/WifiStateMachine(  832): [1,458,292,290,963 ms] noteScanEnd no scan source
D/wpa_supplicant( 1163): wlan0: Control interface command 'BSS RANGE=0- MASK=0x21987'
D/wpa_supplicant( 1163): WPS: attr type=0x104a len=1
D/wpa_supplicant( 1163): WPS: attr type=0x1044 len=1
D/wpa_supplicant( 1163): WPS: attr type=0x103b len=1
D/wpa_supplicant( 1163): WPS: attr type=0x1047 len=16
D/wpa_supplicant( 1163): WPS: attr type=0x1021 len=15
D/wpa_supplicant( 1163): WPS: attr type=0x1023 len=11
D/wpa_supplicant( 1163): WPS: attr type=0x1024 len=3
D/wpa_supplicant( 1163): WPS: attr type=0x1042 len=5
D/wpa_supplicant( 1163): WPS: attr type=0x1054 len=8
D/wpa_supplicant( 1163): WPS: attr type=0x1011 len=18
D/wpa_supplicant( 1163): WPS: attr type=0x1008 len=2
D/wpa_supplicant( 1163): WPS: attr type=0x103c len=1
D/wpa_supplicant( 1163): WPS: attr type=0x1049 len=6
D/wpa_supplicant( 1163): WPS: WFA subelement id=0 len=1
D/wpa_supplicant( 1163): WPS: attr type=0x104a len=1
D/wpa_supplicant( 1163): WPS: attr type=0x1044 len=1
D/wpa_supplicant( 1163): WPS: attr type=0x103b len=1
D/wpa_supplicant( 1163): WPS: attr type=0x1047 len=16
D/wpa_supplicant( 1163): WPS: attr type=0x1021 len=15
D/wpa_supplicant( 1163): WPS: attr type=0x1023 len=11
D/wpa_supplicant( 1163): WPS: attr type=0x1024 len=3
D/wpa_supplicant( 1163): WPS: attr type=0x1042 len=5
D/wpa_supplicant( 1163): WPS: attr type=0x1054 len=8
D/wpa_supplicant( 1163): WPS: attr type=0x1011 len=18
D/wpa_supplicant( 1163): WPS: attr type=0x1008 len=2
D/wpa_supplicant( 1163): WPS: attr type=0x103c len=1
D/wpa_supplicant( 1163): WPS: attr type=0x1049 len=6
D/wpa_supplicant( 1163): WPS: WFA subelement id=0 len=1
D/wpa_supplicant( 1163): WPS: attr type=0x104a len=1
D/wpa_supplicant( 1163): WPS: attr type=0x1044 len=1
D/wpa_supplicant( 1163): WPS: attr type=0x103b len=1
D/wpa_supplicant( 1163): WPS: attr type=0x1047 len=16
D/wpa_supplicant( 1163): WPS: attr type=0x1021 len=15
D/wpa_supplicant( 1163): WPS: attr type=0x1023 len=11
D/wpa_supplicant( 1163): WPS: attr type=0x1024 len=3
D/wpa_supplicant( 1163): WPS: attr type=0x1042 len=5
D/wpa_supplicant( 1163): WPS: attr type=0x1054 len=8
D/wpa_supplicant( 1163): WPS: attr type=0x1011 len=18
D/wpa_supplicant( 1163): WPS: attr type=0x1008 len=2
D/wpa_supplicant( 1163): WPS: attr type=0x103c len=1
D/wpa_supplicant( 1163): WPS: attr type=0x1049 len=6
D/wpa_supplicant( 1163): WPS: WFA subelement id=0 len=1
D/wpa_supplicant( 1163): WPS: attr type=0x104a len=1
D/wpa_supplicant( 1163): WPS: attr type=0x1044 len=1
D/wpa_supplicant( 1163): WPS: attr type=0x103b len=1
D/wpa_supplicant( 1163): WPS: attr type=0x1047 len=16
D/wpa_supplicant( 1163): WPS: attr type=0x1021 len=7
D/wpa_supplicant( 1163): WPS: attr type=0x1023 len=9
D/wpa_supplicant( 1163): WPS: attr type=0x1024 len=7
D/wpa_supplicant( 1163): WPS: attr type=0x1042 len=3
D/wpa_supplicant( 1163): WPS: attr type=0x1054 len=8
D/wpa_supplicant( 1163): WPS: attr type=0x1011 len=25
D/wpa_supplicant( 1163): WPS: attr type=0x1008 len=2
D/wpa_supplicant( 1163): WPS: attr type=0x103c len=1
D/wpa_supplicant( 1163): WPS: attr type=0x104a len=1
D/wpa_supplicant( 1163): WPS: attr type=0x1044 len=1
D/wpa_supplicant( 1163): WPS: attr type=0x103b len=1
D/wpa_supplicant( 1163): WPS: attr type=0x1047 len=16
D/wpa_supplicant( 1163): WPS: attr type=0x1021 len=7
D/wpa_supplicant( 1163): WPS: attr type=0x1023 len=9
D/wpa_supplicant( 1163): WPS: attr type=0x1024 len=7
D/wpa_supplicant( 1163): WPS: attr type=0x1042 len=3
D/wpa_supplicant( 1163): WPS: attr type=0x1054 len=8
D/wpa_supplicant( 1163): WPS: attr type=0x1011 len=25
D/wpa_supplicant( 1163): WPS: attr type=0x1008 len=2
D/wpa_supplicant( 1163): WPS: attr type=0x103c len=1
D/wpa_supplicant( 1163): WPS: attr type=0x104a len=1
D/wpa_supplicant( 1163): WPS: attr type=0x1044 len=1
D/wpa_supplicant( 1163): WPS: attr type=0x103b len=1
D/wpa_supplicant( 1163): WPS: attr type=0x1047 len=16
D/wpa_supplicant( 1163): WPS: attr type=0x1021 len=7
D/wpa_supplicant( 1163): WPS: attr type=0x1023 len=9
D/wpa_supplicant( 1163): WPS: attr type=0x1024 len=7
D/wpa_supplicant( 1163): WPS: attr type=0x1042 len=3
D/wpa_supplicant( 1163): WPS: attr type=0x1054 len=8
D/wpa_supplicant( 1163): WPS: attr type=0x1011 len=25
D/wpa_supplicant( 1163): WPS: attr type=0x1008 len=2
D/wpa_supplicant( 1163): WPS: attr type=0x103c len=1
D/wpa_supplicant( 1163): WPS: attr type=0x104a len=1
D/wpa_supplicant( 1163): WPS: attr type=0x1044 len=1
D/wpa_supplicant( 1163): WPS: attr type=0x103b len=1
D/wpa_supplicant( 1163): WPS: attr type=0x1047 len=16
D/wpa_supplicant( 1163): WPS: attr type=0x1021 len=6
D/wpa_supplicant( 1163): WPS: attr type=0x1023 len=4
D/wpa_supplicant( 1163): WPS: attr type=0x1024 len=4
D/wpa_supplicant( 1163): WPS: attr type=0x1042 len=8
D/wpa_supplicant( 1163): WPS: attr type=0x1054 len=8
D/wpa_supplicant( 1163): WPS: attr type=0x1011 len=12
D/wpa_supplicant( 1163): WPS: attr type=0x1008 len=2
D/wpa_supplicant( 1163): WPS: attr type=0x103c len=1
D/wpa_supplicant( 1163): WPS: attr type=0x1049 len=6
D/wpa_supplicant( 1163): WPS: WFA subelement id=0 len=1
D/wpa_supplicant( 1163): WPS: attr type=0x104a len=1
D/wpa_supplicant( 1163): WPS: attr type=0x1044 len=1
D/wpa_supplicant( 1163): WPS: attr type=0x103b len=1
D/wpa_supplicant( 1163): WPS: attr type=0x1047 len=16
D/wpa_supplicant( 1163): WPS: attr type=0x1021 len=6
D/wpa_supplicant( 1163): WPS: attr type=0x1023 len=4
D/wpa_supplicant( 1163): WPS: attr type=0x1024 len=4
D/wpa_supplicant( 1163): WPS: attr type=0x1042 len=8
D/wpa_supplicant( 1163): WPS: attr type=0x1054 len=8
D/wpa_supplicant( 1163): WPS: attr type=0x1011 len=12
D/wpa_supplicant( 1163): WPS: attr type=0x1008 len=2
D/wpa_supplicant( 1163): WPS: attr type=0x103c len=1
D/wpa_supplicant( 1163): WPS: attr type=0x1049 len=6
D/wpa_supplicant( 1163): WPS: WFA subelement id=0 len=1
D/wpa_supplicant( 1163): WPS: attr type=0x104a len=1
D/wpa_supplicant( 1163): WPS: attr type=0x1044 len=1
D/wpa_supplicant( 1163): WPS: attr type=0x103b len=1
D/wpa_supplicant( 1163): WPS: attr type=0x1047 len=16
D/wpa_supplicant( 1163): WPS: attr type=0x1021 len=6
D/wpa_supplicant( 1163): WPS: attr type=0x1023 len=4
D/wpa_supplicant( 1163): WPS: attr type=0x1024 len=4
D/wpa_supplicant( 1163): WPS: attr type=0x1042 len=8
D/wpa_supplicant( 1163): WPS: attr type=0x1054 len=8
D/wpa_supplicant( 1163): WPS: attr type=0x1011 len=12
D/wpa_supplicant( 1163): WPS: attr type=0x1008 len=2
D/wpa_supplicant( 1163): WPS: attr type=0x103c len=1
D/wpa_supplicant( 1163): WPS: attr type=0x1049 len=6
D/wpa_supplicant( 1163): WPS: WFA subelement id=0 len=1
D/wifiJNI (  832): doStringCommand, buf IFNAME=wlan0 BSS RANGE=0- MASK=0x21987
I/wifiJNI (  832): id=20250
I/wifiJNI (  832): bssid=50:bd:5f:6f:4f:1a
I/wifiJNI (  832): freq=2437
I/wifiJNI (  832): level=-43
I/wifiJNI (  832): tsf=0000113767700017
I/wifiJNI (  832): flags=[WPA2-PSK-CCMP][ESS]
I/wifiJNI (  832): ssid=MIGU-12-02
I/wifiJNI (  832): ====
I/wifiJNI (  832): id=56319
I/wifiJNI (  832): bssid=00:00:00:00:00:00
I/wifiJNI (  832): freq=2412
I/wifiJNI (  832): level=-72
I/wifiJNI (  832): tsf=0000111150542398
I/wifiJNI (  832): flags=[WPA2-PSK-CCMP+TKIP][IBSS]
I/wifiJNI (  832): ssid=
I/wifiJNI (  832): ====
I/wifiJNI (  832): id=60800
I/wifiJNI (  832): bssid=b0:d5:9d:4c:38:ab
I/wifiJNI (  832): freq=2437
I/wifiJNI (  832): level=-47
I/wifiJNI (  832): tsf=0000113767700194
I/wifiJNI (  832): flags=[WPA-PSK-CCMP][WPA2-PSK-CCMP][ESS]
I/wifiJNI (  832): ssid=Luck
I/wifiJNI (  832): ====
I/wifiJNI (  832): id=60801
I/wifiJNI (  832): bssid=fc:db:b3:d6:20:5a
I/wifiJNI (  832): freq=2462
I/wifiJNI (  832): level=-50
I/wifiJNI (  832): tsf=0000113767700082
I/wifiJNI (  832): flags=[WPA2-PSK-CCMP][ESS]
I/wifiJNI (  832): ssid=QQ_SM_193149574
I/wifiJNI (  832): ====
I/wifiJNI (  832): id=60802
I/wifiJNI (  832): bssid=e0:30:05:cb:fe:f9
I/wifiJNI (  832): freq=2412
I/wifiJNI (  832): level=-50
I/wifiJNI (  832): tsf=0000113767700146
I/wifiJNI (  832): flags=[WPA-EAP-TKIP][WPA2-EAP-TKIP][ESS]
I/wifiJNI (  832): ssid=CMCC
I/wifiJNI (  832): ====
I/wifiJNI (  832): id=60803
I/wifiJNI (  832): bssid=b0:d5:9d:46:be:cd
I/wifiJNI (  832): freq=2412
I/wifiJNI (  832): level=-50
I/wifiJNI (  832): tsf=0000113767700073
I/wifiJNI (  832): flags=[WPA-PSK-CCMP][WPA2-PSK-CCMP][ESS]
I/wifiJNI (  832): ssid=WdeWifi
I/wifiJNI (  832): ====
I/wifiJNI (  832): id=60804
I/wifiJNI (  832): bssid=00:36:76:6f:18:0b
I/wifiJNI (  832): freq=2412
I/wifiJNI (  832): level=-50
I/wifiJNI (  832): tsf=0000113767700129
I/wifiJNI (  832): flags=[WPA-PSK-CCMP][WPA2-PSK-CCMP][ESS]
I/wifiJNI (  832): ssid=360WiFi-0B
I/wifiJNI (  832): ====
I/wifiJNI (  832): id=60805
I/wifiJNI (  832): bssid=e0:30:05:cc:42:8f
I/wifiJNI (  832): freq=2437
I/wifiJNI (  832): level=-51
I/wifiJNI (  832): tsf=0000113767700286
I/wifiJNI (  832): flags=[WPA-EAP-TKIP][WPA2-EAP-TKIP][ESS]
I/wifiJNI (  832): ssid=CMCC
I/wifiJNI (  832): ====
I/wifiJNI (  832): id=60806
I/wifiJNI (  832): bssid=8c:be:be:10:ce:33
I/wifiJNI (  832): freq=2412
I/wifiJNI (  832): level=-56
I/wifiJNI (  832): tsf=0000113731483545
I/wifiJNI (  832): flags=[WPA2-PSK-CCMP][ESS]
I/wifiJNI (  832): ssid=CMCCZ
I/wifiJNI (  832): ====
I/wifiJNI (  832): id=60807
I/wifiJNI (  832): bssid=64:a6:51:df:cf:8c
I/wifiJNI (  832): freq=2437
I/wifiJNI (  832): level=-57
I/wifiJNI (  832): tsf=0000113767700034
I/wifiJNI (  832): flags=[WPA-PSK-CCMP+TKIP][WPA2-PSK-CCMP+TKIP][WPS][ESS]
I/wifiJNI (  832): ssid=12F-SDK
I/wifiJNI (  832): ====
I/wifiJNI (  832): id=60808
I/wifiJNI (  832): bssid=e0:30:05:cc:3f:6d
I/wifiJNI (  832): freq=2437
I/wifiJNI (  832): level=-58
I/wifiJNI (  832): tsf=0000113767700316
I/wifiJNI (  832): flags=[WPA-EAP-TKIP][WPA2-EAP-TKIP][ESS]
I/wifiJNI (  832): ssid=CMCC
I/wifiJNI (  832): ====
I/wifiJNI (  832): id=60809
I/wifiJNI (  832): bssid=c8:3a:35:20:59:80
I/wifiJNI (  832): freq=2412
I/wifiJNI (  832): level=-59
I/wifiJNI (  832): tsf=0000113767700260
I/wifiJNI (  832): flags=[WPA-PSK-CCMP][ESS]
I/wifiJNI (  832): ssid=Tenda_205980
I/wifiJNI (  832): ====
I/wifiJNI (  832): id=60810
I/wifiJNI (  832): bssid=e0:05:c5:be:0f:40
I/wifiJNI (  832): freq=2427
I/wifiJNI (  832): level=-63
I/wifiJNI (  832): tsf=0000113767700308
I/wifiJNI (  832): flags=[WPA-PSK-CCMP][WPA2-PSK-CCMP][WPS][ESS]
I/wifiJNI (  832): ssid=DreamWorks
I/wifiJNI (  832): ====
I/wifiJNI (  832): id=60811
I/wifiJNI (  832): bssid=64:09:80:0d:eb:2a
I/wifiJNI (  832): freq=2412
I/wifiJNI (  832): level=-66
I/wifiJNI (  832): tsf=0000113747622850
I/wifiJNI (  832): flags=[WPA2-PSK-CCMP][ESS]
I/wifiJNI (  832): ssid=dh049
I/wifiJNI (  832): ====
I/wifiJNI (  832): id=60812
I/wifiJNI (  832): bssid=e0:30:05:cb:fe:ef
I/wifiJNI (  832): freq=2462
I/wifiJNI (  832): level=-67
I/wifiJNI (  832): tsf=0000113767700048
I/wifiJNI (  832): flags=[WPA-EAP-TKIP][WPA2-EAP-TKIP][ESS]
I/wifiJNI (  832): ssid=CMCC
I/wifiJNI (  832): ====
I/wifiJNI (  832): id=60813
I/wifiJNI (  832): bssid=f0:b4:29:56:14:ce
I/wifiJNI (  832): freq=5785
I/wifiJNI (  832): level=-72
I/wifiJNI (  832): tsf=0000113767700216
I/wifiJNI (  832): flags=[WPA-PSK-CCMP+TKIP][WPA2-PSK-CCMP+TKIP][WPS][ESS]
I/wifiJNI (  832): ssid=Xiaomi_5G
I/wifiJNI (  832): ====
I/wifiJNI (  832): id=60814
I/wifiJNI (  832): bssid=00:87:36:31:20:f8
I/wifiJNI (  832): freq=2462
I/wifiJNI (  832): level=-70
I/wifiJNI (  832): tsf=0000113767700203
I/wifiJNI (  832): flags=[WPA-PSK-CCMP][WPA2-PSK-CCMP][ESS]
I/wifiJNI (  832): ssid=360WiFi-F8
I/wifiJNI (  832): ====
I/wifiJNI (  832): id=60815
I/wifiJNI (  832): bssid=e0:30:05:cb:fe:87
I/wifiJNI (  832): freq=2462
I/wifiJNI (  832): level=-70
I/wifiJNI (  832): tsf=0000113767700325
I/wifiJNI (  832): flags=[WPA-EAP-TKIP][WPA2-EAP-TKIP][ESS]
I/wifiJNI (  832): ssid=CMCC
I/wifiJNI (  832): ====
I/wifiJNI (  832): id=60816
I/wifiJNI (  832): bssid=e0:30:05:cb:fe:4b
I/wifiJNI (  832): freq=2412
I/wifiJNI (  832): level=-72
I/wifiJNI (  832): tsf=0000113767700298
I/wifiJNI (  832): flags=[WPA-EAP-TKIP][WPA2-EAP-TKIP][ESS]
I/wifiJNI (  832): ssid=CMCC
I/wifiJNI (  832): ====
I/wifiJNI (  832): id=60817
I/wifiJNI (  832): bssid=b8:09:8a:ca:e0:a1
I/wifiJNI (  832): freq=2462
I/wifiJNI (  832): level=-75
I/wifiJNI (  832): tsf=0000113767700091
I/wifiJNI (  832): flags=[WPA2-PSK-CCMP][ESS]
I/wifiJNI (  832): ssid=ZHULEiMac
I/wifiJNI (  832): ====
I/wifiJNI (  832): id=60818
I/wifiJNI (  832): bssid=b0:d5:9d:44:30:84
I/wifiJNI (  832): freq=2462
I/wifiJNI (  832): level=-76
I/wifiJNI (  832): tsf=0000113767700353
I/wifiJNI (  832): flags=[WPA2-PSK-CCMP][ESS]
I/wifiJNI (  832): ssid=WIFI
I/wifiJNI (  832): ====
I/wifiJNI (  832): id=60819
I/wifiJNI (  832): bssid=36:de:1a:a5:77:8d
I/wifiJNI (  832): freq=5745
I/wifiJNI (  832): level=-91
I/wifiJNI (  832): tsf=0000113767700364
I/wifiJNI (  832): flags=[WPA2-PSK-CCMP][ESS]
I/wifiJNI (  832): ssid=MOON
I/wifiJNI (  832): ====
I/wifiJNI (  832): id=60820
I/wifiJNI (  832): bssid=e0:30:05:cb:42:8f
I/wifiJNI (  832): freq=2437
I/wifiJNI (  832): level=-50
I/wifiJNI (  832): tsf=0000113766657275
I/wifiJNI (  832): flags=[ESS]
I/wifiJNI (  832): ssid=CMCC-WEB
I/wifiJNI (  832): ====
I/wifiJNI (  832): id=60821
I/wifiJNI (  832): bssid=e0:30:05:cd:42:8f
I/wifiJNI (  832): freq=2437
I/wifiJNI (  832): level=-51
I/wifiJNI (  832): tsf=0000113767700238
I/wifiJNI (  832): flags=[ESS]
I/wifiJNI (  832): ssid=and-free
I/wifiJNI (  832): ====
I/wifiJNI (  832): id=60822
I/wifiJNI (  832): bssid=e0:30:05:ca:fe:f9
I/wifiJNI (  832): freq=2412
I/wifiJNI (  832): level=-52
I/wifiJNI (  832): tsf=0000113767700110
I/wifiJNI (  832): flags=[ESS]
I/wifiJNI (  832): ssid=CMCC-WEB
I/wifiJNI (  832): ====
I/wifiJNI (  832): id=60823
I/wifiJNI (  832): bssid=e0:30:05:cc:fe:f9
I/wifiJNI (  832): freq=2412
I/wifiJNI (  832): level=-53
I/wifiJNI (  832): tsf=0000113767700154
I/wifiJNI (  832): flags=[ESS]
I/wifiJNI (  832): ssid=and-free
I/wifiJNI (  832): ====
I/wifiJNI (  832): id=60824
I/wifiJNI (  832): bssid=e0:30:05:cb:3f:6d
I/wifiJNI (  832): freq=2437
I/wifiJNI (  832): level=-58
I/wifiJNI (  832): tsf=0000113767700185
I/wifiJNI (  832): flags=[ESS]
I/wifiJNI (  832): ssid=CMCC-WEB
I/wifiJNI (  832): ====
I/wifiJNI (  832): id=60825
I/wifiJNI (  832): bssid=e0:30:05:cd:3f:6d
I/wifiJNI (  832): freq=2437
I/wifiJNI (  832): level=-59
I/wifiJNI (  832): tsf=0000113767700165
I/wifiJNI (  832): flags=[ESS]
I/wifiJNI (  832): ssid=and-free
I/wifiJNI (  832): ====
I/wifiJNI (  832): id=60826
I/wifiJNI (  832): bssid=e0:30:05:cc:fe:ef
I/wifiJNI (  832): freq=2462
I/wifiJNI (  832): level=-67
I/wifiJNI (  832): tsf=0000113767700101
I/wifiJNI (  832): flags=[ESS]
I/wifiJNI (  832): ssid=and-free
I/wifiJNI (  832): ====
I/wifiJNI (  832): id=60827
I/wifiJNI (  832): bssid=e0:30:05:ca:fe:ef
I/wifiJNI (  832): freq=2462
I/wifiJNI (  832): level=-67
I/wifiJNI (  832): tsf=0000113767700246
I/wifiJNI (  832): flags=[ESS]
I/wifiJNI (  832): ssid=CMCC-WEB
I/wifiJNI (  832): ====
I/wifiJNI (  832): id=60828
I/wifiJNI (  832): bssid=e0:30:05:cc:fe:87
I/wifiJNI (  832): freq=2462
I/wifiJNI (  832): level=-70
I/wifiJNI (  832): tsf=0000113767700333
I/wifiJNI (  832): flags=[ESS]
I/wifiJNI (  832): ssid=and-free
I/wifiJNI (  832): ====
I/wifiJNI (  832): id=60829
I/wifiJNI (  832): bssid=e0:30:05:ca:fe:83
I/wifiJNI (  832): freq=2437
I/wifiJNI (  832): level=-74
I/wifiJNI (  832): tsf=0000113767700271
I/wifiJNI (  832): flags=[ESS]
I/wifiJNI (  832): ssid=CMCC-WEB
I/wifiJNI (  832): ====
I/wifiJNI (  832): id=60830
I/wifiJNI (  832): bssid=e0:30:05:ca:fe:d3
I/wifiJNI (  832): freq=2462
I/wifiJNI (  832): level=-80
I/wifiJNI (  832): tsf=0000113767700343
I/wifiJNI (  832): flags=[ESS]
I/wifiJNI (  832): ssid=CMCC-WEB
I/wifiJNI (  832): ====
I/wifiJNI (  832): id=60831
I/wifiJNI (  832): bssid=7c:d1:c3:d1:41:c3
I/wifiJNI (  832): freq=5745
I/wifiJNI (  832): level=-94
I/wifiJNI (  832): tsf=0000113767700121
I/wifiJNI (  832): flags=[ESS]
I/wifiJNI (  832): ssid=Apple Network
I/wifiJNI (  832): ####
E/WifiStateMachine(  832): wifi setScanResults statecom.android.server.wifi.WifiStateMachine$ConnectedState@6b27ec sup_state=COMPLETED debouncing=false
E/WifiConfigStore(  832): updateSavedNetworkHistory(): try "MIGU-12-02"WPA_PSK SSID="MIGU-12-02" MIGU-12-02 [WPA2-PSK-CCMP][ESS] ajst=0
E/WifiConfigStore(  832):         got known scan result 50:bd:5f:6f:4f:1a key : "MIGU-12-02"WPA_PSK num: 1 rssi=-43 freq=2437
E/WifiConfigStore(  832): updateSavedNetworkHistory(): SSID mismatch "MIGU-12-02"WPA_PSK SSID="MIGU-12-02" ""
E/WifiConfigStore(  832): associateWithConfiguration(): try ""-WPA_PSK
E/WifiConfigStore(  832): updateSavedNetworkHistory(): SSID mismatch "MIGU-12-02"WPA_PSK SSID="MIGU-12-02" "Luck"
E/WifiConfigStore(  832): associateWithConfiguration(): try "Luck"-WPA_PSK
E/WifiConfigStore(  832): updateSavedNetworkHistory(): SSID mismatch "MIGU-12-02"WPA_PSK SSID="MIGU-12-02" "QQ_SM_193149574"
E/WifiConfigStore(  832): associateWithConfiguration(): try "QQ_SM_193149574"-WPA_PSK
E/WifiConfigStore(  832): updateSavedNetworkHistory(): SSID mismatch "MIGU-12-02"WPA_PSK SSID="MIGU-12-02" "CMCC"
E/WifiConfigStore(  832): associateWithConfiguration(): try "CMCC"-WPA_EAP
E/WifiConfigStore(  832): updateSavedNetworkHistory(): SSID mismatch "MIGU-12-02"WPA_PSK SSID="MIGU-12-02" "WdeWifi"
E/WifiConfigStore(  832): associateWithConfiguration(): try "WdeWifi"-WPA_PSK
E/WifiConfigStore(  832): updateSavedNetworkHistory(): SSID mismatch "MIGU-12-02"WPA_PSK SSID="MIGU-12-02" "360WiFi-0B"
E/WifiConfigStore(  832): associateWithConfiguration(): try "360WiFi-0B"-WPA_PSK
E/WifiConfigStore(  832): updateSavedNetworkHistory(): SSID mismatch "MIGU-12-02"WPA_PSK SSID="MIGU-12-02" "CMCC"
E/WifiConfigStore(  832): associateWithConfiguration(): try "CMCC"-WPA_EAP
E/WifiConfigStore(  832): updateSavedNetworkHistory(): SSID mismatch "MIGU-12-02"WPA_PSK SSID="MIGU-12-02" "CMCCZ"
E/WifiConfigStore(  832): associateWithConfiguration(): try "CMCCZ"-WPA_PSK
E/WifiConfigStore(  832): updateSavedNetworkHistory(): SSID mismatch "MIGU-12-02"WPA_PSK SSID="MIGU-12-02" "12F-SDK"
E/WifiConfigStore(  832): associateWithConfiguration(): try "12F-SDK"-WPA_PSK
E/WifiConfigStore(  832): updateSavedNetworkHistory(): SSID mismatch "MIGU-12-02"WPA_PSK SSID="MIGU-12-02" "CMCC"
E/WifiConfigStore(  832): associateWithConfiguration(): try "CMCC"-WPA_EAP
E/WifiConfigStore(  832): updateSavedNetworkHistory(): SSID mismatch "MIGU-12-02"WPA_PSK SSID="MIGU-12-02" "Tenda_205980"
E/WifiConfigStore(  832): associateWithConfiguration(): try "Tenda_205980"-WPA_PSK
E/WifiConfigStore(  832): updateSavedNetworkHistory(): SSID mismatch "MIGU-12-02"WPA_PSK SSID="MIGU-12-02" "DreamWorks"
E/WifiConfigStore(  832): associateWithConfiguration(): try "DreamWorks"-WPA_PSK
E/WifiConfigStore(  832): updateSavedNetworkHistory(): SSID mismatch "MIGU-12-02"WPA_PSK SSID="MIGU-12-02" "dh049"
E/WifiConfigStore(  832): associateWithConfiguration(): try "dh049"-WPA_PSK
E/WifiConfigStore(  832): updateSavedNetworkHistory(): SSID mismatch "MIGU-12-02"WPA_PSK SSID="MIGU-12-02" "CMCC"
E/WifiConfigStore(  832): associateWithConfiguration(): try "CMCC"-WPA_EAP
E/WifiConfigStore(  832): updateSavedNetworkHistory(): SSID mismatch "MIGU-12-02"WPA_PSK SSID="MIGU-12-02" "Xiaomi_5G"
E/WifiConfigStore(  832): associateWithConfiguration(): try "Xiaomi_5G"-WPA_PSK
E/WifiConfigStore(  832): updateSavedNetworkHistory(): SSID mismatch "MIGU-12-02"WPA_PSK SSID="MIGU-12-02" "360WiFi-F8"
E/WifiConfigStore(  832): associateWithConfiguration(): try "360WiFi-F8"-WPA_PSK
E/WifiConfigStore(  832): updateSavedNetworkHistory(): SSID mismatch "MIGU-12-02"WPA_PSK SSID="MIGU-12-02" "CMCC"
E/WifiConfigStore(  832): associateWithConfiguration(): try "CMCC"-WPA_EAP
E/WifiConfigStore(  832): updateSavedNetworkHistory(): SSID mismatch "MIGU-12-02"WPA_PSK SSID="MIGU-12-02" "CMCC"
E/WifiConfigStore(  832): associateWithConfiguration(): try "CMCC"-WPA_EAP
E/WifiConfigStore(  832): updateSavedNetworkHistory(): SSID mismatch "MIGU-12-02"WPA_PSK SSID="MIGU-12-02" "ZHULEiMac"
E/WifiConfigStore(  832): associateWithConfiguration(): try "ZHULEiMac"-WPA_PSK
E/WifiConfigStore(  832): updateSavedNetworkHistory(): SSID mismatch "MIGU-12-02"WPA_PSK SSID="MIGU-12-02" "WIFI"
E/WifiConfigStore(  832): associateWithConfiguration(): try "WIFI"-WPA_PSK
E/WifiConfigStore(  832): updateSavedNetworkHistory(): SSID mismatch "MIGU-12-02"WPA_PSK SSID="MIGU-12-02" "MOON"
E/WifiConfigStore(  832): associateWithConfiguration(): try "MOON"-WPA_PSK
E/WifiConfigStore(  832): updateSavedNetworkHistory(): SSID mismatch "MIGU-12-02"WPA_PSK SSID="MIGU-12-02" "CMCC-WEB"
E/WifiConfigStore(  832): associateWithConfiguration(): try "CMCC-WEB"
E/WifiConfigStore(  832): updateSavedNetworkHistory(): SSID mismatch "MIGU-12-02"WPA_PSK SSID="MIGU-12-02" "and-free"
E/WifiConfigStore(  832): associateWithConfiguration(): try "and-free"
E/WifiConfigStore(  832): updateSavedNetworkHistory(): SSID mismatch "MIGU-12-02"WPA_PSK SSID="MIGU-12-02" "CMCC-WEB"
E/WifiConfigStore(  832): associateWithConfiguration(): try "CMCC-WEB"
E/WifiConfigStore(  832): updateSavedNetworkHistory(): SSID mismatch "MIGU-12-02"WPA_PSK SSID="MIGU-12-02" "and-free"
E/WifiConfigStore(  832): associateWithConfiguration(): try "and-free"
E/WifiConfigStore(  832): updateSavedNetworkHistory(): SSID mismatch "MIGU-12-02"WPA_PSK SSID="MIGU-12-02" "CMCC-WEB"
E/WifiConfigStore(  832): associateWithConfiguration(): try "CMCC-WEB"
E/WifiConfigStore(  832): updateSavedNetworkHistory(): SSID mismatch "MIGU-12-02"WPA_PSK SSID="MIGU-12-02" "and-free"
E/WifiConfigStore(  832): associateWithConfiguration(): try "and-free"
E/WifiConfigStore(  832): updateSavedNetworkHistory(): SSID mismatch "MIGU-12-02"WPA_PSK SSID="MIGU-12-02" "and-free"
E/WifiConfigStore(  832): associateWithConfiguration(): try "and-free"
E/WifiConfigStore(  832): updateSavedNetworkHistory(): SSID mismatch "MIGU-12-02"WPA_PSK SSID="MIGU-12-02" "CMCC-WEB"
E/WifiConfigStore(  832): associateWithConfiguration(): try "CMCC-WEB"
E/WifiConfigStore(  832): updateSavedNetworkHistory(): SSID mismatch "MIGU-12-02"WPA_PSK SSID="MIGU-12-02" "and-free"
E/WifiConfigStore(  832): associateWithConfiguration(): try "and-free"
E/WifiConfigStore(  832): updateSavedNetworkHistory(): SSID mismatch "MIGU-12-02"WPA_PSK SSID="MIGU-12-02" "CMCC-WEB"
E/WifiConfigStore(  832): associateWithConfiguration(): try "CMCC-WEB"
E/WifiConfigStore(  832): updateSavedNetworkHistory(): SSID mismatch "MIGU-12-02"WPA_PSK SSID="MIGU-12-02" "CMCC-WEB"
E/WifiConfigStore(  832): associateWithConfiguration(): try "CMCC-WEB"
E/WifiConfigStore(  832): updateSavedNetworkHistory(): SSID mismatch "MIGU-12-02"WPA_PSK SSID="MIGU-12-02" "Apple Network"
E/WifiConfigStore(  832): associateWithConfiguration(): try "Apple Network"
D/wpa_supplicant( 1163): wlan0: Control interface command 'STATUS-NO_EVENTS'
D/wifiJNI (  832): doStringCommand, buf IFNAME=wlan0 STATUS-NO_EVENTS
E/WifiAutoJoinController (  832): attemptAutoJoin() num recent config 1 current="MIGU-12-02"WPA_PSK ---> suppNetId=0
E/WifiAutoJoinController (  832): Done attemptAutoJoin status=0
E/WifiConfigStore(  832):  writeKnownNetworkHistory() num networks:1 needWrite=false
D/WifiStateMachine(  832): SCAN_RESULTS_EVENT, mScanForWeakSignal:false
D/PMS     (  832): releaseWL(5675d6c): PARTIAL_WAKE_LOCK  i 0x1 null
D/PMN     (  832): onWakeLockReleased: flags=1, tag="i", packageName=com.tencent.android.qqdownloader, ownerUid=10153, ownerPid=13748, workSource=null
D/PMS     (  832): updateWakeLockSummaryLocked: mWakefulness=Awake, mWakeLockSummary=0x23
D/PMS     (  832): updateUserActivitySummaryLocked: mWakefulness=Awake, mUserActivitySummary=0x1,56202337,1,7000,3600000, nextTimeout=59722294 (in 3519956 ms)
D/PMS     (  832): mDisplayPowerRequest.policy = 3
D/WifiDisplayAdapter(  832): getWifiDisplayStatusLocked: result=WifiDisplayStatus{featureState=2, scanState=0, activeDisplayState=0, activeDisplay=null, displays=[], sessionInfo=WifiDisplaySessionInfo: C/O:Client,GId:,Pp:,SId:0,IP:}
D/PMS     (  832): isWfdEnabled() mWfdStatus=WifiDisplayStatus{featureState=2, scanState=0, activeDisplayState=0, activeDisplay=null, displays=[], sessionInfo=WifiDisplaySessionInfo: C/O:Client,GId:,Pp:,SId:0,IP:}, return false
D/XAN-DPC (  832): requestPowerState: policy=BRIGHT, useProximitySensor=false, screenBrightness=142, screenAutoBrightnessAdjustment=0.0, useAutoBrightness=true, blockScreenOn=false, lowPowerMode=false, dozeScreenBrightness=-1, useOverrideBrightness=false, screenAutoBrightnessPercentage=100, dozeScreenState=UNKNOWN, waitForNegativeProximity=false
I/PMS     (  832): setBrightness mButtonLight 0.
E/WifiTrafficPoller(  832): TRAFFIC_STATS_POLL true Token 226 num clients 11
E/WifiTrafficPoller(  832):  packet count Tx=22570 Rx=26214
W/ADB_SERVICES(30837): create_local_service_socket() name=shell:dumpsys iphonesubinfo
W/ADB_SERVICES(30837): service_to_fd() name=shell:dumpsys iphonesubinfo
W/ADB_SERVICES(30837): read_meminfo() mem_free=56408
W/ADB_SERVICES(30837): create_subproc ret_fd=23 pid=11073
W/ADB_SERVICES(30837): LS(10165): bound to 'shell:dumpsys iphonesubinfo' via 23
W/ADB_SERVICES(11073): adb: unable to update oom_score_adj
D/ADB_SERVICES(30837):  closing because is_eof=1 r=-1 s->fde.force_eof=0
W/ADB_SERVICES(30837): entered. LS(10165) fd=23
D/TaskPersister(  832): removeObsoleteFile: deleting file=106_task_thumbnail.png
W/ActivityManager(  832): getTasks: caller 10115 does not hold GET_TASKS; limiting output
D/Environment( 3970): getStorageVolume,  volume:StorageVolume:
D/Environment( 3970):     mStorageId=65537 mPath=/storage/emulated/0 mDescriptionId=17040782 
D/Environment( 3970):     mPrimary=true mRemovable=false mEmulated=true mMtpReserveSpace=10 
D/Environment( 3970):     mAllowMassStorage=false mMaxFileSize=0 mOwner=UserHandle{0} mUuid=null 
D/Environment( 3970):     mUserLabel=null mState=mounted 
D/Environment( 3970): getStorageVolume,  volume:StorageVolume:
D/Environment( 3970):     mStorageId=131073 mPath=/storage/ext_sd mDescriptionId=17040783 
D/Environment( 3970):     mPrimary=false mRemovable=true mEmulated=false mMtpReserveSpace=0 
D/Environment( 3970):     mAllowMassStorage=false mMaxFileSize=4294967296 mOwner=null mUuid=null 
D/Environment( 3970):     mUserLabel=null mState=removed 
D/Environment( 3970): getStorageVolume,  volume:StorageVolume:
D/Environment( 3970):     mStorageId=196609 mPath=/storage/usb mDescriptionId=17040784 
D/Environment( 3970):     mPrimary=false mRemovable=true mEmulated=false mMtpReserveSpace=0 
D/Environment( 3970):     mAllowMassStorage=false mMaxFileSize=4294967296 mOwner=null mUuid=null 
D/Environment( 3970):     mUserLabel=null mState=removed 
D/Environment( 3970): getStorageVolume,  volume:StorageVolume:
D/Environment( 3970):     mStorageId=65537 mPath=/storage/emulated/0 mDescriptionId=17040782 
D/Environment( 3970):     mPrimary=true mRemovable=false mEmulated=true mMtpReserveSpace=10 
D/Environment( 3970):     mAllowMassStorage=false mMaxFileSize=0 mOwner=UserHandle{0} mUuid=null 
D/Environment( 3970):     mUserLabel=null mState=mounted 
D/Environment( 3970): getStorageVolume,  volume:StorageVolume:
D/Environment( 3970):     mStorageId=131073 mPath=/storage/ext_sd mDescriptionId=17040783 
D/Environment( 3970):     mPrimary=false mRemovable=true mEmulated=false mMtpReserveSpace=0 
D/Environment( 3970):     mAllowMassStorage=false mMaxFileSize=4294967296 mOwner=null mUuid=null 
D/Environment( 3970):     mUserLabel=null mState=removed 
D/Environment( 3970): getStorageVolume,  volume:StorageVolume:
D/Environment( 3970):     mStorageId=196609 mPath=/storage/usb mDescriptionId=17040784 
D/Environment( 3970):     mPrimary=false mRemovable=true mEmulated=false mMtpReserveSpace=0 
D/Environment( 3970):     mAllowMassStorage=false mMaxFileSize=4294967296 mOwner=null mUuid=null 
D/Environment( 3970):     mUserLabel=null mState=removed 
E/WifiTrafficPoller(  832): TRAFFIC_STATS_POLL true Token 226 num clients 11
E/WifiTrafficPoller(  832):  packet count Tx=22571 Rx=26214
E/WifiTrafficPoller(  832): notifying of data activity 2
D/NetworkController( 1233): [WifiActivity] Connectd: 2
D/SignalClusterView( 1233): vpn: GONE
D/SignalClusterView( 1233): wifi=V,stat_sys_wifi_signal_out_4 air=G,stat_sys_signal_flightmode data[0]=G,(null) sig[0]=V,stat_sys_no_sim data[1]=G,(null) sig[1]=G,(null)
D/SignalClusterView( 1233): vpn: GONE
D/SignalClusterView( 1233): wifi=V,stat_sys_wifi_signal_out_4 air=G,stat_sys_signal_flightmode data[0]=G,(null) sig[0]=V,stat_sys_no_sim data[1]=G,(null) sig[1]=G,(null)
D/PerfServiceManager(  832): [PerfService] notifyFrameUpdate - bDuringTouchBoost:false 
I/BufferQueueProducer(  325): [StatusBar](this:0x5580ac0de0,id:6,api:1,p:1233,c:325) queueBuffer: fps=4.74 dur=4430.81 max=4024.73 min=14.78
D/Environment(13748): getStorageVolume,  volume:StorageVolume:
D/Environment(13748):     mStorageId=65537 mPath=/storage/emulated/0 mDescriptionId=17040782 
D/Environment(13748):     mPrimary=true mRemovable=false mEmulated=true mMtpReserveSpace=10 
D/Environment(13748):     mAllowMassStorage=false mMaxFileSize=0 mOwner=UserHandle{0} mUuid=null 
D/Environment(13748):     mUserLabel=null mState=mounted 
D/Environment(13748): getStorageVolume,  volume:StorageVolume:
D/Environment(13748):     mStorageId=131073 mPath=/storage/ext_sd mDescriptionId=17040783 
D/Environment(13748):     mPrimary=false mRemovable=true mEmulated=false mMtpReserveSpace=0 
D/Environment(13748):     mAllowMassStorage=false mMaxFileSize=4294967296 mOwner=null mUuid=null 
D/Environment(13748):     mUserLabel=null mState=removed 
D/Environment(13748): getStorageVolume,  volume:StorageVolume:
D/Environment(13748):     mStorageId=196609 mPath=/storage/usb mDescriptionId=17040784 
D/Environment(13748):     mPrimary=false mRemovable=true mEmulated=false mMtpReserveSpace=0 
D/Environment(13748):     mAllowMassStorage=false mMaxFileSize=4294967296 mOwner=null mUuid=null 
D/Environment(13748):     mUserLabel=null mState=removed 
W/ADB_SERVICES(30837): create_local_service_socket() name=shell:dumpsys iphonesubinfo
W/ADB_SERVICES(30837): service_to_fd() name=shell:dumpsys iphonesubinfo
W/ADB_SERVICES(30837): read_meminfo() mem_free=57068
W/ADB_SERVICES(30837): create_subproc ret_fd=23 pid=11074
W/ADB_SERVICES(30837): LS(10166): bound to 'shell:dumpsys iphonesubinfo' via 23
W/ADB_SERVICES(11074): adb: unable to update oom_score_adj
D/ADB_SERVICES(30837):  closing because is_eof=1 r=-1 s->fde.force_eof=0
W/ADB_SERVICES(30837): entered. LS(10166) fd=23
I/thermal_repeater(  372): oh, queryMdThermalInfo (0)Bad file number
I/thermal_repeater(  372): [recvMdThermalInfo] ret=29, strLen=127,  2, 32767, -127, -1, 32767, 2
W/ActivityManager(  832): getTasks: caller 10115 does not hold GET_TASKS; limiting output
D/Environment( 3970): getStorageVolume,  volume:StorageVolume:
D/Environment( 3970):     mStorageId=65537 mPath=/storage/emulated/0 mDescriptionId=17040782 
D/Environment( 3970):     mPrimary=true mRemovable=false mEmulated=true mMtpReserveSpace=10 
D/Environment( 3970):     mAllowMassStorage=false mMaxFileSize=0 mOwner=UserHandle{0} mUuid=null 
D/Environment( 3970):     mUserLabel=null mState=mounted 
D/Environment( 3970): getStorageVolume,  volume:StorageVolume:
D/Environment( 3970):     mStorageId=131073 mPath=/storage/ext_sd mDescriptionId=17040783 
D/Environment( 3970):     mPrimary=false mRemovable=true mEmulated=false mMtpReserveSpace=0 
D/Environment( 3970):     mAllowMassStorage=false mMaxFileSize=4294967296 mOwner=null mUuid=null 
D/Environment( 3970):     mUserLabel=null mState=removed 
D/Environment( 3970): getStorageVolume,  volume:StorageVolume:
D/Environment( 3970):     mStorageId=196609 mPath=/storage/usb mDescriptionId=17040784 
D/Environment( 3970):     mPrimary=false mRemovable=true mEmulated=false mMtpReserveSpace=0 
D/Environment( 3970):     mAllowMassStorage=false mMaxFileSize=4294967296 mOwner=null mUuid=null 
D/Environment( 3970):     mUserLabel=null mState=removed 
D/Environment( 3970): getStorageVolume,  volume:StorageVolume:
D/Environment( 3970):     mStorageId=65537 mPath=/storage/emulated/0 mDescriptionId=17040782 
D/Environment( 3970):     mPrimary=true mRemovable=false mEmulated=true mMtpReserveSpace=10 
D/Environment( 3970):     mAllowMassStorage=false mMaxFileSize=0 mOwner=UserHandle{0} mUuid=null 
D/Environment( 3970):     mUserLabel=null mState=mounted 
D/Environment( 3970): getStorageVolume,  volume:StorageVolume:
D/Environment( 3970):     mStorageId=131073 mPath=/storage/ext_sd mDescriptionId=17040783 
D/Environment( 3970):     mPrimary=false mRemovable=true mEmulated=false mMtpReserveSpace=0 
D/Environment( 3970):     mAllowMassStorage=false mMaxFileSize=4294967296 mOwner=null mUuid=null 
D/Environment( 3970):     mUserLabel=null mState=removed 
D/Environment( 3970): getStorageVolume,  volume:StorageVolume:
D/Environment( 3970):     mStorageId=196609 mPath=/storage/usb mDescriptionId=17040784 
D/Environment( 3970):     mPrimary=false mRemovable=true mEmulated=false mMtpReserveSpace=0 
D/Environment( 3970):     mAllowMassStorage=false mMaxFileSize=4294967296 mOwner=null mUuid=null 
D/Environment( 3970):     mUserLabel=null mState=removed 
E/WifiTrafficPoller(  832): TRAFFIC_STATS_POLL true Token 226 num clients 11
E/WifiTrafficPoller(  832):  packet count Tx=22571 Rx=26214
E/WifiTrafficPoller(  832): notifying of data activity 0
D/NetworkController( 1233): [WifiActivity] Connectd: 0
D/SignalClusterView( 1233): vpn: GONE
D/SignalClusterView( 1233): wifi=V,stat_sys_wifi_signal_connected_4 air=G,stat_sys_signal_flightmode data[0]=G,(null) sig[0]=V,stat_sys_no_sim data[1]=G,(null) sig[1]=G,(null)
D/SignalClusterView( 1233): vpn: GONE
D/SignalClusterView( 1233): wifi=V,stat_sys_wifi_signal_connected_4 air=G,stat_sys_signal_flightmode data[0]=G,(null) sig[0]=V,stat_sys_no_sim data[1]=G,(null) sig[1]=G,(null)
D/PerfServiceManager(  832): [PerfService] notifyFrameUpdate - bDuringTouchBoost:false 
I/BufferQueueProducer(  325): [StatusBar](this:0x5580ac0de0,id:6,api:1,p:1233,c:325) queueBuffer: fps=1.00 dur=1004.52 max=1004.52 min=1004.52
W/ADB_SERVICES(30837): create_local_service_socket() name=shell:dumpsys iphonesubinfo
W/ADB_SERVICES(30837): service_to_fd() name=shell:dumpsys iphonesubinfo
W/ADB_SERVICES(30837): read_meminfo() mem_free=64416
W/ADB_SERVICES(30837): create_subproc ret_fd=23 pid=11075
W/ADB_SERVICES(30837): LS(10167): bound to 'shell:dumpsys iphonesubinfo' via 23
W/ADB_SERVICES(11075): adb: unable to update oom_score_adj
D/ADB_SERVICES(30837):  closing because is_eof=1 r=-1 s->fde.force_eof=0
W/ADB_SERVICES(30837): entered. LS(10167) fd=23
E/WifiStateMachine(  832):  ConnectedState (when=-3ms what=131155 arg1=26!CMD_RSSI_POLL 26 0 "MIGU-12-02" 50:bd:5f:6f:4f:1a rssi=-42 f=2437 sc=60 link=135 tx=9.6, 0.0, 0.0  rx=5.1 bcn=0 [on:0 tx:0 rx:0 period:2995] from screen [on:0 period:-1996587313] gl hn u24 rssi=-37 ag=0 hr ticks 0,0,0 ls-=0 [56,56,60,60,65] brc=0 lrc=0
E/WifiStateMachine(  832):  L2ConnectedState (when=-5ms what=131155 arg1=26!CMD_RSSI_POLL 26 0 "MIGU-12-02" 50:bd:5f:6f:4f:1a rssi=-42 f=2437 sc=60 link=135 tx=9.6, 0.0, 0.0  rx=5.1 bcn=0 [on:0 tx:0 rx:0 period:2] from screen [on:0 period:-1996587311] gl hn u24 rssi=-37 ag=0 hr ticks 0,0,0 ls-=0 [56,56,60,60,65] brc=0 lrc=0
E/WifiStateMachine(  832):  get link layer stats 0
D/wpa_supplicant( 1163): wlan0: Control interface command 'SIGNAL_POLL'
D/wifiJNI (  832): doStringCommand, buf IFNAME=wlan0 SIGNAL_POLL
I/WifiStateMachine(  832): fetchRssiLinkSpeedAndFrequencyNative, newRssi:-43, newLinkSpeed:135, SSID:"MIGU-12-02"
D/WifiRssiLevel(  832):  update rssi:-43, level:3
D/WifiStateMachine(  832): mLastSignalLevel:3, newSignalLevel:3
D/WifiStateMachine(  832): fetchRssiLinkSpeedAndFrequencyNative, ipAddr:1677830336
E/WifiConfigStore(  832): updateConfiguration freq=2437 BSSID=50:bd:5f:6f:4f:1a RSSI=-43 "MIGU-12-02"WPA_PSK
D/WifiRssiLevel(  832):  update rssi:-43, level:4
V/ActivityManager(  832): Broadcast sticky: Intent { act=android.net.wifi.RSSI_CHANGED flg=0x4000010 (has extras) } ordered=false userid=-1 callerApp=ProcessRecord{3e00014 832:system/1000}
D/WifiRssiLevel(  832):  update rssi:-43, level:3
D/WifiRssiLevel( 1233):  update rssi:-43, level:3
D/WifiWatchdogStateMachine(  832): RSSI current: 3 new: -43, 3
D/NetworkController( 1233): updateWifiState: newRssi=-43 newLevel=3 lastWifiLevel=3 offload=false numLevels=4
D/SignalClusterView( 1233): vpn: GONE
D/SignalClusterView( 1233): wifi=V,stat_sys_wifi_signal_connected_4 air=G,stat_sys_signal_flightmode data[0]=G,(null) sig[0]=V,stat_sys_no_sim data[1]=G,(null) sig[1]=G,(null)
D/SignalClusterView( 1233): vpn: GONE
D/SignalClusterView( 1233): wifi=V,stat_sys_wifi_signal_connected_4 air=G,stat_sys_signal_flightmode data[0]=G,(null) sig[0]=V,stat_sys_no_sim data[1]=G,(null) sig[1]=G,(null)
D/NetworkController( 1233): [Strength][0][GSM] SignalStrength: 23 49 -120 -160 -2 0 -1 99 2147483647 2147483647 2147483647 2147483647 gsm|lte 1 -256 0 23 gsm|lte
D/SignalClusterView( 1233): vpn: GONE
D/SignalClusterView( 1233): wifi=V,stat_sys_wifi_signal_connected_4 air=G,stat_sys_signal_flightmode data[0]=G,(null) sig[0]=V,stat_sys_no_sim data[1]=G,(null) sig[1]=G,(null)
D/SignalClusterView( 1233): vpn: GONE
D/SignalClusterView( 1233): wifi=V,stat_sys_wifi_signal_connected_4 air=G,stat_sys_signal_flightmode data[0]=G,(null) sig[0]=V,stat_sys_no_sim data[1]=G,(null) sig[1]=G,(null)
V/ActivityManager(  832): Broadcast sticky: Intent { act=android.intent.action.SIG_STR flg=0x20000010 (has extras) } ordered=false userid=-1 callerApp=ProcessRecord{3e00014 832:system/1000}
D/Environment(13748): getStorageVolume,  volume:StorageVolume:
D/Environment(13748):     mStorageId=65537 mPath=/storage/emulated/0 mDescriptionId=17040782 
D/Environment(13748):     mPrimary=true mRemovable=false mEmulated=true mMtpReserveSpace=10 
D/Environment(13748):     mAllowMassStorage=false mMaxFileSize=0 mOwner=UserHandle{0} mUuid=null 
D/Environment(13748):     mUserLabel=null mState=mounted 
D/Environment(13748): getStorageVolume,  volume:StorageVolume:
D/Environment(13748):     mStorageId=131073 mPath=/storage/ext_sd mDescriptionId=17040783 
D/Environment(13748):     mPrimary=false mRemovable=true mEmulated=false mMtpReserveSpace=0 
D/Environment(13748):     mAllowMassStorage=false mMaxFileSize=4294967296 mOwner=null mUuid=null 
D/Environment(13748):     mUserLabel=null mState=removed 
D/Environment(13748): getStorageVolume,  volume:StorageVolume:
D/Environment(13748):     mStorageId=196609 mPath=/storage/usb mDescriptionId=17040784 
D/Environment(13748):     mPrimary=false mRemovable=true mEmulated=false mMtpReserveSpace=0 
D/Environment(13748):     mAllowMassStorage=false mMaxFileSize=4294967296 mOwner=null mUuid=null 
D/Environment(13748):     mUserLabel=null mState=removed 
W/ActivityManager(  832): getTasks: caller 10115 does not hold GET_TASKS; limiting output
D/Environment( 3970): getStorageVolume,  volume:StorageVolume:
D/Environment( 3970):     mStorageId=65537 mPath=/storage/emulated/0 mDescriptionId=17040782 
D/Environment( 3970):     mPrimary=true mRemovable=false mEmulated=true mMtpReserveSpace=10 
D/Environment( 3970):     mAllowMassStorage=false mMaxFileSize=0 mOwner=UserHandle{0} mUuid=null 
D/Environment( 3970):     mUserLabel=null mState=mounted 
D/Environment( 3970): getStorageVolume,  volume:StorageVolume:
D/Environment( 3970):     mStorageId=131073 mPath=/storage/ext_sd mDescriptionId=17040783 
D/Environment( 3970):     mPrimary=false mRemovable=true mEmulated=false mMtpReserveSpace=0 
D/Environment( 3970):     mAllowMassStorage=false mMaxFileSize=4294967296 mOwner=null mUuid=null 
D/Environment( 3970):     mUserLabel=null mState=removed 
D/Environment( 3970): getStorageVolume,  volume:StorageVolume:
D/Environment( 3970):     mStorageId=196609 mPath=/storage/usb mDescriptionId=17040784 
D/Environment( 3970):     mPrimary=false mRemovable=true mEmulated=false mMtpReserveSpace=0 
D/Environment( 3970):     mAllowMassStorage=false mMaxFileSize=4294967296 mOwner=null mUuid=null 
D/Environment( 3970):     mUserLabel=null mState=removed 
D/Environment( 3970): getStorageVolume,  volume:StorageVolume:
D/Environment( 3970):     mStorageId=65537 mPath=/storage/emulated/0 mDescriptionId=17040782 
D/Environment( 3970):     mPrimary=true mRemovable=false mEmulated=true mMtpReserveSpace=10 
D/Environment( 3970):     mAllowMassStorage=false mMaxFileSize=0 mOwner=UserHandle{0} mUuid=null 
D/Environment( 3970):     mUserLabel=null mState=mounted 
D/Environment( 3970): getStorageVolume,  volume:StorageVolume:
D/Environment( 3970):     mStorageId=131073 mPath=/storage/ext_sd mDescriptionId=17040783 
D/Environment( 3970):     mPrimary=false mRemovable=true mEmulated=false mMtpReserveSpace=0 
D/Environment( 3970):     mAllowMassStorage=false mMaxFileSize=4294967296 mOwner=null mUuid=null 
D/Environment( 3970):     mUserLabel=null mState=removed 
D/Environment( 3970): getStorageVolume,  volume:StorageVolume:
D/Environment( 3970):     mStorageId=196609 mPath=/storage/usb mDescriptionId=17040784 
D/Environment( 3970):     mPrimary=false mRemovable=true mEmulated=false mMtpReserveSpace=0 
D/Environment( 3970):     mAllowMassStorage=false mMaxFileSize=4294967296 mOwner=null mUuid=null 
D/Environment( 3970):     mUserLabel=null mState=removed 
E/WifiTrafficPoller(  832): TRAFFIC_STATS_POLL true Token 226 num clients 11
E/WifiTrafficPoller(  832):  packet count Tx=22572 Rx=26214
E/WifiTrafficPoller(  832): notifying of data activity 2
D/NetworkController( 1233): [WifiActivity] Connectd: 2
D/SignalClusterView( 1233): vpn: GONE
D/SignalClusterView( 1233): wifi=V,stat_sys_wifi_signal_out_4 air=G,stat_sys_signal_flightmode data[0]=G,(null) sig[0]=V,stat_sys_no_sim data[1]=G,(null) sig[1]=G,(null)
D/SignalClusterView( 1233): vpn: GONE
D/SignalClusterView( 1233): wifi=V,stat_sys_wifi_signal_out_4 air=G,stat_sys_signal_flightmode data[0]=G,(null) sig[0]=V,stat_sys_no_sim data[1]=G,(null) sig[1]=G,(null)
D/PerfServiceManager(  832): [PerfService] notifyFrameUpdate - bDuringTouchBoost:false 
W/ADB_SERVICES(30837): create_local_service_socket() name=shell:dumpsys iphonesubinfo
W/ADB_SERVICES(30837): service_to_fd() name=shell:dumpsys iphonesubinfo
W/ADB_SERVICES(30837): read_meminfo() mem_free=64432
W/ADB_SERVICES(30837): create_subproc ret_fd=23 pid=11076
W/ADB_SERVICES(30837): LS(10168): bound to 'shell:dumpsys iphonesubinfo' via 23
W/ADB_SERVICES(11076): adb: unable to update oom_score_adj
D/ADB_SERVICES(30837):  closing because is_eof=1 r=-1 s->fde.force_eof=0
W/ADB_SERVICES(30837): entered. LS(10168) fd=23
W/ActivityManager(  832): getTasks: caller 10115 does not hold GET_TASKS; limiting output
D/PMS     (  832): acquireWakeLockInternal: lock=37919379, flags=0x1, tag="BatteryServiceUpdateStats_3", ws=null, uid=1000, pid=832
D/PMS     (  832): acquireWL(3901df35): PARTIAL_WAKE_LOCK  BatteryServiceUpdateStats_3 0x1 832 1000 null
D/PMS     (  832): updateWakeLockSummaryLocked: mWakefulness=Awake, mWakeLockSummary=0x23
D/PMS     (  832): updateUserActivitySummaryLocked: mWakefulness=Awake, mUserActivitySummary=0x1,56206016,1,7000,3600000, nextTimeout=59722294 (in 3516278 ms)
D/PMS     (  832): mDisplayPowerRequest.policy = 3
D/WifiDisplayAdapter(  832): getWifiDisplayStatusLocked: result=WifiDisplayStatus{featureState=2, scanState=0, activeDisplayState=0, activeDisplay=null, displays=[], sessionInfo=WifiDisplaySessionInfo: C/O:Client,GId:,Pp:,SId:0,IP:}
D/PMS     (  832): isWfdEnabled() mWfdStatus=WifiDisplayStatus{featureState=2, scanState=0, activeDisplayState=0, activeDisplay=null, displays=[], sessionInfo=WifiDisplaySessionInfo: C/O:Client,GId:,Pp:,SId:0,IP:}, return false
D/XAN-DPC (  832): requestPowerState: policy=BRIGHT, useProximitySensor=false, screenBrightness=142, screenAutoBrightnessAdjustment=0.0, useAutoBrightness=true, blockScreenOn=false, lowPowerMode=false, dozeScreenBrightness=-1, useOverrideBrightness=false, screenAutoBrightnessPercentage=100, dozeScreenState=UNKNOWN, waitForNegativeProximity=false
I/PMS     (  832): setBrightness mButtonLight 0.
D/PMN     (  832): onWakeLockAcquired: flags=1, tag="BatteryServiceUpdateStats_3", packageName=android, ownerUid=1000, ownerPid=832, workSource=null
I/BatteryService(  832): n_update end
D/PMS     (  832): releaseWL(3901df35): PARTIAL_WAKE_LOCK  BatteryServiceUpdateStats_3 0x1 null
D/PMN     (  832): onWakeLockReleased: flags=1, tag="BatteryServiceUpdateStats_3", packageName=android, ownerUid=1000, ownerPid=832, workSource=null
D/PMS     (  832): updateWakeLockSummaryLocked: mWakefulness=Awake, mWakeLockSummary=0x23
D/PMS     (  832): updateUserActivitySummaryLocked: mWakefulness=Awake, mUserActivitySummary=0x1,56206022,1,7000,3600000, nextTimeout=59722294 (in 3516272 ms)
D/PMS     (  832): mDisplayPowerRequest.policy = 3
D/WifiDisplayAdapter(  832): getWifiDisplayStatusLocked: result=WifiDisplayStatus{featureState=2, scanState=0, activeDisplayState=0, activeDisplay=null, displays=[], sessionInfo=WifiDisplaySessionInfo: C/O:Client,GId:,Pp:,SId:0,IP:}
D/PMS     (  832): isWfdEnabled() mWfdStatus=WifiDisplayStatus{featureState=2, scanState=0, activeDisplayState=0, activeDisplay=null, displays=[], sessionInfo=WifiDisplaySessionInfo: C/O:Client,GId:,Pp:,SId:0,IP:}, return false
D/XAN-DPC (  832): requestPowerState: policy=BRIGHT, useProximitySensor=false, screenBrightness=142, screenAutoBrightnessAdjustment=0.0, useAutoBrightness=true, blockScreenOn=false, lowPowerMode=false, dozeScreenBrightness=-1, useOverrideBrightness=false, screenAutoBrightnessPercentage=100, dozeScreenState=UNKNOWN, waitForNegativeProximity=false
I/PMS     (  832): setBrightness mButtonLight 0.
D/Environment( 3970): getStorageVolume,  volume:StorageVolume:
D/Environment( 3970):     mStorageId=65537 mPath=/storage/emulated/0 mDescriptionId=17040782 
D/Environment( 3970):     mPrimary=true mRemovable=false mEmulated=true mMtpReserveSpace=10 
D/Environment( 3970):     mAllowMassStorage=false mMaxFileSize=0 mOwner=UserHandle{0} mUuid=null 
D/Environment( 3970):     mUserLabel=null mState=mounted 
D/Environment( 3970): getStorageVolume,  volume:StorageVolume:
D/Environment( 3970):     mStorageId=131073 mPath=/storage/ext_sd mDescriptionId=17040783 
D/Environment( 3970):     mPrimary=false mRemovable=true mEmulated=false mMtpReserveSpace=0 
D/Environment( 3970):     mAllowMassStorage=false mMaxFileSize=4294967296 mOwner=null mUuid=null 
D/Environment( 3970):     mUserLabel=null mState=removed 
D/Environment( 3970): getStorageVolume,  volume:StorageVolume:
D/Environment( 3970):     mStorageId=196609 mPath=/storage/usb mDescriptionId=17040784 
D/Environment( 3970):     mPrimary=false mRemovable=true mEmulated=false mMtpReserveSpace=0 
D/Environment( 3970):     mAllowMassStorage=false mMaxFileSize=4294967296 mOwner=null mUuid=null 
D/Environment( 3970):     mUserLabel=null mState=removed 
D/Environment( 3970): getStorageVolume,  volume:StorageVolume:
D/Environment( 3970):     mStorageId=65537 mPath=/storage/emulated/0 mDescriptionId=17040782 
D/Environment( 3970):     mPrimary=true mRemovable=false mEmulated=true mMtpReserveSpace=10 
D/Environment( 3970):     mAllowMassStorage=false mMaxFileSize=0 mOwner=UserHandle{0} mUuid=null 
D/Environment( 3970):     mUserLabel=null mState=mounted 
D/Environment( 3970): getStorageVolume,  volume:StorageVolume:
D/Environment( 3970):     mStorageId=131073 mPath=/storage/ext_sd mDescriptionId=17040783 
D/Environment( 3970):     mPrimary=false mRemovable=true mEmulated=false mMtpReserveSpace=0 
D/Environment( 3970):     mAllowMassStorage=false mMaxFileSize=4294967296 mOwner=null mUuid=null 
D/Environment( 3970):     mUserLabel=null mState=removed 
D/Environment( 3970): getStorageVolume,  volume:StorageVolume:
D/Environment( 3970):     mStorageId=196609 mPath=/storage/usb mDescriptionId=17040784 
D/Environment( 3970):     mPrimary=false mRemovable=true mEmulated=false mMtpReserveSpace=0 
D/Environment( 3970):     mAllowMassStorage=false mMaxFileSize=4294967296 mOwner=null mUuid=null 
D/Environment( 3970):     mUserLabel=null mState=removed 
E/WifiTrafficPoller(  832): TRAFFIC_STATS_POLL true Token 226 num clients 11
E/WifiTrafficPoller(  832):  packet count Tx=22572 Rx=26214
E/WifiTrafficPoller(  832): notifying of data activity 0
D/NetworkController( 1233): [WifiActivity] Connectd: 0
D/SignalClusterView( 1233): vpn: GONE
D/SignalClusterView( 1233): wifi=V,stat_sys_wifi_signal_connected_4 air=G,stat_sys_signal_flightmode data[0]=G,(null) sig[0]=V,stat_sys_no_sim data[1]=G,(null) sig[1]=G,(null)
D/SignalClusterView( 1233): vpn: GONE
D/SignalClusterView( 1233): wifi=V,stat_sys_wifi_signal_connected_4 air=G,stat_sys_signal_flightmode data[0]=G,(null) sig[0]=V,stat_sys_no_sim data[1]=G,(null) sig[1]=G,(null)
I/BufferQueueProducer(  325): [StatusBar](this:0x5580ac0de0,id:6,api:1,p:1233,c:325) queueBuffer: fps=1.00 dur=1994.87 max=1005.67 min=989.20
