V/ActivityManager(  832): Broadcast sticky: Intent { act=android.intent.action.SIG_STR flg=0x20000010 (has extras) } ordered=false userid=-1 callerApp=ProcessRecord{3e00014 832:system/1000}
V/ActivityManager(  832): Broadcast sticky: Intent { act=android.net.wifi.RSSI_CHANGED flg=0x4000010 (has extras) } ordered=false userid=-1 callerApp=ProcessRecord{3e00014 832:system/1000}
D/AutomaticBrightnessController(  832): onSensorChanged: lux = 225.0
W/ActivityManager(  832): getTasks: caller 10115 does not hold GET_TASKS; limiting output
D/AutomaticBrightnessController(  832): onSensorChanged: lux = 320.0
W/ActivityManager(  832): getTasks: caller 10115 does not hold GET_TASKS; limiting output
W/ActivityManager(  832): getTasks: caller 10115 does not hold GET_TASKS; limiting output
V/ActivityManager(  832): Broadcast sticky: Intent { act=android.net.wifi.RSSI_CHANGED flg=0x4000010 (has extras) } ordered=false userid=-1 callerApp=ProcessRecord{3e00014 832:system/1000}
W/ActivityManager(  832): getTasks: caller 10115 does not hold GET_TASKS; limiting output
I/thermal_repeater(  372): oh, queryMdThermalInfo (0)Bad file number
I/thermal_repeater(  372): [recvMdThermalInfo] ret=29, strLen=127,  2, 32767, -127, -1, 32767, 2
W/ActivityManager(  832): getTasks: caller 10115 does not hold GET_TASKS; limiting output
V/ActivityManager(  832): Broadcast sticky: Intent { act=android.intent.action.SIG_STR flg=0x20000010 (has extras) } ordered=false userid=-1 callerApp=ProcessRecord{3e00014 832:system/1000}
D/AlarmManager(  832): set alarm to RTC 113766239
V/ActivityManager(  832): Broadcast: Intent { act=com.tencent.android.qqdownloader.action.SCHEDULE_JOB flg=0x114 (has extras) } ordered=true userid=0 callerApp=null
D/PMS     (  832): acquireWakeLockInternal: lock=108703641, flags=0x1, tag="*alarm*", ws=WorkSource{10153}, uid=1000, pid=832
D/ActivityThread(13748): BDC-Calling onReceive: intent=Intent { act=com.tencent.android.qqdownloader.action.SCHEDULE_JOB flg=0x114 cmp=com.tencent.android.qqdownloader/com.tencent.assistant.module.timer.ScheduleJobReceiver (has extras) }, receiver=com.tencent.assistant.module.timer.ScheduleJobReceiver@3363d0a0
D/ActivityThread(13748): BDC-RECEIVER handled : 0 / ReceiverData{intent=Intent { act=com.tencent.android.qqdownloader.action.SCHEDULE_JOB flg=0x114 cmp=com.tencent.android.qqdownloader/com.tencent.assistant.module.timer.ScheduleJobReceiver (has extras) } packageName=com.tencent.android.qqdownloader resultCode=0 resultData=null resultExtras=null}
D/AlarmManager(  832): onSendFinished begin
D/PMS     (  832): acquireWL(3ec5d3ab): PARTIAL_WAKE_LOCK  *alarm* 0x1 832 1000 WorkSource{10153}
D/PMS     (  832): updateWakeLockSummaryLocked: mWakefulness=Awake, mWakeLockSummary=0x23
D/PMS     (  832): updateUserActivitySummaryLocked: mWakefulness=Awake, mUserActivitySummary=0x1,56194562,1,7000,3600000, nextTimeout=59722294 (in 3527731 ms)
D/PMS     (  832): mDisplayPowerRequest.policy = 3
D/WifiDisplayAdapter(  832): getWifiDisplayStatusLocked: result=WifiDisplayStatus{featureState=2, scanState=0, activeDisplayState=0, activeDisplay=null, displays=[], sessionInfo=WifiDisplaySessionInfo: C/O:Client,GId:,Pp:,SId:0,IP:}
D/PMS     (  832): isWfdEnabled() mWfdStatus=WifiDisplayStatus{featureState=2, scanState=0, activeDisplayState=0, activeDisplay=null, displays=[], sessionInfo=WifiDisplaySessionInfo: C/O:Client,GId:,Pp:,SId:0,IP:}, return false
D/XAN-DPC (  832): requestPowerState: policy=BRIGHT, useProximitySensor=false, screenBrightness=142, screenAutoBrightnessAdjustment=0.0, useAutoBrightness=true, blockScreenOn=false, lowPowerMode=false, dozeScreenBrightness=-1, useOverrideBrightness=false, screenAutoBrightnessPercentage=100, dozeScreenState=UNKNOWN, waitForNegativeProximity=false
I/PMS     (  832): setBrightness mButtonLight 0.
D/PMN     (  832): onWakeLockAcquired: flags=1, tag="*alarm*", packageName=android, ownerUid=1000, ownerPid=832, workSource=WorkSource{10153}
V/AlarmManager(  832): sending alarm PendingIntent{15e0c89b: PendingIntentRecord{24f9ece5 com.tencent.android.qqdownloader broadcastIntent}}, i=com.tencent.android.qqdownloader.action.SCHEDULE_JOB, t=3, cnt=1, w=113760000, Int=180000
D/PMS     (  832): releaseWL(3ec5d3ab): PARTIAL_WAKE_LOCK  *alarm* 0x1 WorkSource{10153}
D/PMN     (  832): onWakeLockReleased: flags=1, tag="*alarm*", packageName=android, ownerUid=1000, ownerPid=832, workSource=WorkSource{10153}
D/PMS     (  832): updateWakeLockSummaryLocked: mWakefulness=Awake, mWakeLockSummary=0x23
D/PMS     (  832): updateUserActivitySummaryLocked: mWakefulness=Awake, mUserActivitySummary=0x1,56194571,1,7000,3600000, nextTimeout=59722294 (in 3527722 ms)
D/PMS     (  832): mDisplayPowerRequest.policy = 3
D/WifiDisplayAdapter(  832): getWifiDisplayStatusLocked: result=WifiDisplayStatus{featureState=2, scanState=0, activeDisplayState=0, activeDisplay=null, displays=[], sessionInfo=WifiDisplaySessionInfo: C/O:Client,GId:,Pp:,SId:0,IP:}
D/PMS     (  832): isWfdEnabled() mWfdStatus=WifiDisplayStatus{featureState=2, scanState=0, activeDisplayState=0, activeDisplay=null, displays=[], sessionInfo=WifiDisplaySessionInfo: C/O:Client,GId:,Pp:,SId:0,IP:}, return false
D/XAN-DPC (  832): requestPowerState: policy=BRIGHT, useProximitySensor=false, screenBrightness=142, screenAutoBrightnessAdjustment=0.0, useAutoBrightness=true, blockScreenOn=false, lowPowerMode=false, dozeScreenBrightness=-1, useOverrideBrightness=false, screenAutoBrightnessPercentage=100, dozeScreenState=UNKNOWN, waitForNegativeProximity=false
I/PMS     (  832): setBrightness mButtonLight 0.
I/ANRManager(  832): updateProcessStats
I/ANRManager(  832): CPU update time < 2.5sec
I/ANRManager(  832): CPU update time < 2.5sec
W/ActivityManager(  832): getTasks: caller 10115 does not hold GET_TASKS; limiting output
V/ActivityManager(  832): Broadcast sticky: Intent { act=android.net.wifi.RSSI_CHANGED flg=0x4000010 (has extras) } ordered=false userid=-1 callerApp=ProcessRecord{3e00014 832:system/1000}
W/ActivityManager(  832): getTasks: caller 10115 does not hold GET_TASKS; limiting output
D/PMS     (  832): acquireWakeLockInternal: lock=37919379, flags=0x1, tag="BatteryServiceUpdateStats_3", ws=null, uid=1000, pid=832
D/PMS     (  832): acquireWL(21fb6a08): PARTIAL_WAKE_LOCK  BatteryServiceUpdateStats_3 0x1 832 1000 null
D/PMS     (  832): updateWakeLockSummaryLocked: mWakefulness=Awake, mWakeLockSummary=0x23
D/PMS     (  832): updateUserActivitySummaryLocked: mWakefulness=Awake, mUserActivitySummary=0x1,56196015,1,7000,3600000, nextTimeout=59722294 (in 3526278 ms)
D/PMS     (  832): mDisplayPowerRequest.policy = 3
D/WifiDisplayAdapter(  832): getWifiDisplayStatusLocked: result=WifiDisplayStatus{featureState=2, scanState=0, activeDisplayState=0, activeDisplay=null, displays=[], sessionInfo=WifiDisplaySessionInfo: C/O:Client,GId:,Pp:,SId:0,IP:}
D/PMS     (  832): isWfdEnabled() mWfdStatus=WifiDisplayStatus{featureState=2, scanState=0, activeDisplayState=0, activeDisplay=null, displays=[], sessionInfo=WifiDisplaySessionInfo: C/O:Client,GId:,Pp:,SId:0,IP:}, return false
D/XAN-DPC (  832): requestPowerState: policy=BRIGHT, useProximitySensor=false, screenBrightness=142, screenAutoBrightnessAdjustment=0.0, useAutoBrightness=true, blockScreenOn=false, lowPowerMode=false, dozeScreenBrightness=-1, useOverrideBrightness=false, screenAutoBrightnessPercentage=100, dozeScreenState=UNKNOWN, waitForNegativeProximity=false
I/PMS     (  832): setBrightness mButtonLight 0.
D/PMN     (  832): onWakeLockAcquired: flags=1, tag="BatteryServiceUpdateStats_3", packageName=android, ownerUid=1000, ownerPid=832, workSource=null
I/BatteryService(  832): n_update end
D/PMS     (  832): releaseWL(21fb6a08): PARTIAL_WAKE_LOCK  BatteryServiceUpdateStats_3 0x1 null
D/PMN     (  832): onWakeLockReleased: flags=1, tag="BatteryServiceUpdateStats_3", packageName=android, ownerUid=1000, ownerPid=832, workSource=null
D/PMS     (  832): updateWakeLockSummaryLocked: mWakefulness=Awake, mWakeLockSummary=0x23
D/PMS     (  832): updateUserActivitySummaryLocked: mWakefulness=Awake, mUserActivitySummary=0x1,56196021,1,7000,3600000, nextTimeout=59722294 (in 3526273 ms)
D/PMS     (  832): mDisplayPowerRequest.policy = 3
D/WifiDisplayAdapter(  832): getWifiDisplayStatusLocked: result=WifiDisplayStatus{featureState=2, scanState=0, activeDisplayState=0, activeDisplay=null, displays=[], sessionInfo=WifiDisplaySessionInfo: C/O:Client,GId:,Pp:,SId:0,IP:}
D/PMS     (  832): isWfdEnabled() mWfdStatus=WifiDisplayStatus{featureState=2, scanState=0, activeDisplayState=0, activeDisplay=null, displays=[], sessionInfo=WifiDisplaySessionInfo: C/O:Client,GId:,Pp:,SId:0,IP:}, return false
D/XAN-DPC (  832): requestPowerState: policy=BRIGHT, useProximitySensor=false, screenBrightness=142, screenAutoBrightnessAdjustment=0.0, useAutoBrightness=true, blockScreenOn=false, lowPowerMode=false, dozeScreenBrightness=-1, useOverrideBrightness=false, screenAutoBrightnessPercentage=100, dozeScreenState=UNKNOWN, waitForNegativeProximity=false
I/PMS     (  832): setBrightness mButtonLight 0.
D/ActivityThread( 3632): SVC-Creating service: CreateServiceData{token=android.os.BinderProxy@1056bda2 className=com.android.defcontainer.DefaultContainerService packageName=com.android.defcontainer intent=null}
D/ActivityThread( 3632): SVC-CREATE_SERVICE handled : 0 / CreateServiceData{token=android.os.BinderProxy@1056bda2 className=com.android.defcontainer.DefaultContainerService packageName=com.android.defcontainer intent=null}
D/ActivityThread( 3632): SVC-BIND_SERVICE handled : 0 / BindServiceData{token=android.os.BinderProxy@1056bda2 intent=Intent { cmp=com.android.defcontainer/.DefaultContainerService }}
D/DefContainer( 3632): Copying /data/local/tmp/testBitmap.apk to base.apk
W/ActivityManager(  832): getTasks: caller 10115 does not hold GET_TASKS; limiting output
D/PackageManager(  832): Renaming /data/app/vmdl1702690432.tmp to /data/app/com.example.testbitmap-2
I/ActivityManager(  832): Force stopping com.example.testbitmap appid=10184 user=-1: uninstall pkg
I/PackageManager(  832): Package com.example.testbitmap codePath changed from /data/app/com.example.testbitmap-1 to /data/app/com.example.testbitmap-2; Retaining data and using new
--------- beginning of main
I/dex2oat (11039): /system/bin/dex2oat --zip-fd=5 --zip-location=/data/app/com.example.testbitmap-2/base.apk --oat-fd=6 --oat-location=/data/dalvik-cache/arm64/data@app@com.example.testbitmap-2@base.apk@classes.dex --instruction-set=arm64 --instruction-set-features=default --runtime-arg -Xms64m --runtime-arg -Xmx512m
D/Environment( 3970): getStorageVolume,  volume:StorageVolume:
D/Environment( 3970):     mStorageId=65537 mPath=/storage/emulated/0 mDescriptionId=17040782 
D/Environment( 3970):     mPrimary=true mRemovable=false mEmulated=true mMtpReserveSpace=10 
D/Environment( 3970):     mAllowMassStorage=false mMaxFileSize=0 mOwner=UserHandle{0} mUuid=null 
D/Environment( 3970):     mUserLabel=null mState=mounted 
D/Environment( 3970): getStorageVolume,  volume:StorageVolume:
D/Environment( 3970):     mStorageId=131073 mPath=/storage/ext_sd mDescriptionId=17040783 
D/Environment( 3970):     mPrimary=false mRemovable=true mEmulated=false mMtpReserveSpace=0 
D/Environment( 3970):     mAllowMassStorage=false mMaxFileSize=4294967296 mOwner=null mUuid=null 
D/Environment( 3970):     mUserLabel=null mState=removed 
D/Environment( 3970): getStorageVolume,  volume:StorageVolume:
D/Environment( 3970):     mStorageId=196609 mPath=/storage/usb mDescriptionId=17040784 
D/Environment( 3970):     mPrimary=false mRemovable=true mEmulated=false mMtpReserveSpace=0 
D/Environment( 3970):     mAllowMassStorage=false mMaxFileSize=4294967296 mOwner=null mUuid=null 
D/Environment( 3970):     mUserLabel=null mState=removed 
D/Environment( 3970): getStorageVolume,  volume:StorageVolume:
D/Environment( 3970):     mStorageId=65537 mPath=/storage/emulated/0 mDescriptionId=17040782 
D/Environment( 3970):     mPrimary=true mRemovable=false mEmulated=true mMtpReserveSpace=10 
D/Environment( 3970):     mAllowMassStorage=false mMaxFileSize=0 mOwner=UserHandle{0} mUuid=null 
D/Environment( 3970):     mUserLabel=null mState=mounted 
D/Environment( 3970): getStorageVolume,  volume:StorageVolume:
D/Environment( 3970):     mStorageId=131073 mPath=/storage/ext_sd mDescriptionId=17040783 
D/Environment( 3970):     mPrimary=false mRemovable=true mEmulated=false mMtpReserveSpace=0 
D/Environment( 3970):     mAllowMassStorage=false mMaxFileSize=4294967296 mOwner=null mUuid=null 
D/Environment( 3970):     mUserLabel=null mState=removed 
D/Environment( 3970): getStorageVolume,  volume:StorageVolume:
D/Environment( 3970):     mStorageId=196609 mPath=/storage/usb mDescriptionId=17040784 
D/Environment( 3970):     mPrimary=false mRemovable=true mEmulated=false mMtpReserveSpace=0 
D/Environment( 3970):     mAllowMassStorage=false mMaxFileSize=4294967296 mOwner=null mUuid=null 
D/Environment( 3970):     mUserLabel=null mState=removed 
W/ADB_SERVICES(30837): create_local_service_socket() name=shell:dumpsys iphonesubinfo
W/ADB_SERVICES(30837): service_to_fd() name=shell:dumpsys iphonesubinfo
W/ADB_SERVICES(30837): read_meminfo() mem_free=43604
W/ADB_SERVICES(30837): create_subproc ret_fd=26 pid=11044
W/ADB_SERVICES(30837): LS(10159): bound to 'shell:dumpsys iphonesubinfo' via 26
W/ADB_SERVICES(11044): adb: unable to update oom_score_adj
D/ADB_SERVICES(30837):  closing because is_eof=1 r=-1 s->fde.force_eof=0
W/ADB_SERVICES(30837): entered. LS(10159) fd=26
E/WifiTrafficPoller(  832): TRAFFIC_STATS_POLL true Token 226 num clients 11
E/WifiTrafficPoller(  832):  packet count Tx=22547 Rx=26198
D/Environment(13748): getStorageVolume,  volume:StorageVolume:
D/Environment(13748):     mStorageId=65537 mPath=/storage/emulated/0 mDescriptionId=17040782 
D/Environment(13748):     mPrimary=true mRemovable=false mEmulated=true mMtpReserveSpace=10 
D/Environment(13748):     mAllowMassStorage=false mMaxFileSize=0 mOwner=UserHandle{0} mUuid=null 
D/Environment(13748):     mUserLabel=null mState=mounted 
D/Environment(13748): getStorageVolume,  volume:StorageVolume:
D/Environment(13748):     mStorageId=131073 mPath=/storage/ext_sd mDescriptionId=17040783 
D/Environment(13748):     mPrimary=false mRemovable=true mEmulated=false mMtpReserveSpace=0 
D/Environment(13748):     mAllowMassStorage=false mMaxFileSize=4294967296 mOwner=null mUuid=null 
D/Environment(13748):     mUserLabel=null mState=removed 
D/Environment(13748): getStorageVolume,  volume:StorageVolume:
D/Environment(13748):     mStorageId=65537 mPath=/storage/emulated/0 mDescriptionId=17040782 
D/Environment(13748):     mPrimary=true mRemovable=false mEmulated=true mMtpReserveSpace=10 
D/Environment(13748):     mAllowMassStorage=false mMaxFileSize=0 mOwner=UserHandle{0} mUuid=null 
D/Environment(13748):     mUserLabel=null mState=mounted 
D/Environment(13748): getStorageVolume,  volume:StorageVolume:
D/Environment(13748):     mStorageId=131073 mPath=/storage/ext_sd mDescriptionId=17040783 
D/Environment(13748):     mPrimary=false mRemovable=true mEmulated=false mMtpReserveSpace=0 
D/Environment(13748):     mAllowMassStorage=false mMaxFileSize=4294967296 mOwner=null mUuid=null 
D/Environment(13748):     mUserLabel=null mState=removed 
D/Environment(13748): getStorageVolume,  volume:StorageVolume:
D/Environment(13748):     mStorageId=196609 mPath=/storage/usb mDescriptionId=17040784 
D/Environment(13748):     mPrimary=false mRemovable=true mEmulated=false mMtpReserveSpace=0 
D/Environment(13748):     mAllowMassStorage=false mMaxFileSize=4294967296 mOwner=null mUuid=null 
D/Environment(13748):     mUserLabel=null mState=removed 
D/Environment(13748): getStorageVolume,  volume:StorageVolume:
D/Environment(13748):     mStorageId=196609 mPath=/storage/usb mDescriptionId=17040784 
D/Environment(13748):     mPrimary=false mRemovable=true mEmulated=false mMtpReserveSpace=0 
D/Environment(13748):     mAllowMassStorage=false mMaxFileSize=4294967296 mOwner=null mUuid=null 
D/Environment(13748):     mUserLabel=null mState=removed 
D/Environment(13748): getStorageVolume,  volume:StorageVolume:
D/Environment(13748):     mStorageId=65537 mPath=/storage/emulated/0 mDescriptionId=17040782 
D/Environment(13748):     mPrimary=true mRemovable=false mEmulated=true mMtpReserveSpace=10 
D/Environment(13748):     mAllowMassStorage=false mMaxFileSize=0 mOwner=UserHandle{0} mUuid=null 
D/Environment(13748):     mUserLabel=null mState=mounted 
D/Environment(13748): getStorageVolume,  volume:StorageVolume:
D/Environment(13748):     mStorageId=131073 mPath=/storage/ext_sd mDescriptionId=17040783 
D/Environment(13748):     mPrimary=false mRemovable=true mEmulated=false mMtpReserveSpace=0 
D/Environment(13748):     mAllowMassStorage=false mMaxFileSize=4294967296 mOwner=null mUuid=null 
D/Environment(13748):     mUserLabel=null mState=removed 
D/Environment(13748): getStorageVolume,  volume:StorageVolume:
D/Environment(13748):     mStorageId=196609 mPath=/storage/usb mDescriptionId=17040784 
D/Environment(13748):     mPrimary=false mRemovable=true mEmulated=false mMtpReserveSpace=0 
D/Environment(13748):     mAllowMassStorage=false mMaxFileSize=4294967296 mOwner=null mUuid=null 
D/Environment(13748):     mUserLabel=null mState=removed 
W/ActivityManager(  832): getTasks: caller 10115 does not hold GET_TASKS; limiting output
D/Environment( 3970): getStorageVolume,  volume:StorageVolume:
D/Environment( 3970):     mStorageId=65537 mPath=/storage/emulated/0 mDescriptionId=17040782 
D/Environment( 3970):     mPrimary=true mRemovable=false mEmulated=true mMtpReserveSpace=10 
D/Environment( 3970):     mAllowMassStorage=false mMaxFileSize=0 mOwner=UserHandle{0} mUuid=null 
D/Environment( 3970):     mUserLabel=null mState=mounted 
D/Environment( 3970): getStorageVolume,  volume:StorageVolume:
D/Environment( 3970):     mStorageId=131073 mPath=/storage/ext_sd mDescriptionId=17040783 
D/Environment( 3970):     mPrimary=false mRemovable=true mEmulated=false mMtpReserveSpace=0 
D/Environment( 3970):     mAllowMassStorage=false mMaxFileSize=4294967296 mOwner=null mUuid=null 
D/Environment( 3970):     mUserLabel=null mState=removed 
D/Environment( 3970): getStorageVolume,  volume:StorageVolume:
D/Environment( 3970):     mStorageId=196609 mPath=/storage/usb mDescriptionId=17040784 
D/Environment( 3970):     mPrimary=false mRemovable=true mEmulated=false mMtpReserveSpace=0 
D/Environment( 3970):     mAllowMassStorage=false mMaxFileSize=4294967296 mOwner=null mUuid=null 
D/Environment( 3970):     mUserLabel=null mState=removed 
D/Environment( 3970): getStorageVolume,  volume:StorageVolume:
D/Environment( 3970):     mStorageId=65537 mPath=/storage/emulated/0 mDescriptionId=17040782 
D/Environment( 3970):     mPrimary=true mRemovable=false mEmulated=true mMtpReserveSpace=10 
D/Environment( 3970):     mAllowMassStorage=false mMaxFileSize=0 mOwner=UserHandle{0} mUuid=null 
D/Environment( 3970):     mUserLabel=null mState=mounted 
D/Environment( 3970): getStorageVolume,  volume:StorageVolume:
D/Environment( 3970):     mStorageId=131073 mPath=/storage/ext_sd mDescriptionId=17040783 
D/Environment( 3970):     mPrimary=false mRemovable=true mEmulated=false mMtpReserveSpace=0 
D/Environment( 3970):     mAllowMassStorage=false mMaxFileSize=4294967296 mOwner=null mUuid=null 
D/Environment( 3970):     mUserLabel=null mState=removed 
D/Environment( 3970): getStorageVolume,  volume:StorageVolume:
D/Environment( 3970):     mStorageId=196609 mPath=/storage/usb mDescriptionId=17040784 
D/Environment( 3970):     mPrimary=false mRemovable=true mEmulated=false mMtpReserveSpace=0 
D/Environment( 3970):     mAllowMassStorage=false mMaxFileSize=4294967296 mOwner=null mUuid=null 
D/Environment( 3970):     mUserLabel=null mState=removed 
W/ADB_SERVICES(30837): create_local_service_socket() name=shell:dumpsys iphonesubinfo
W/ADB_SERVICES(30837): service_to_fd() name=shell:dumpsys iphonesubinfo
W/ADB_SERVICES(30837): read_meminfo() mem_free=37280
W/ADB_SERVICES(30837): create_subproc ret_fd=26 pid=11045
W/ADB_SERVICES(30837): LS(10160): bound to 'shell:dumpsys iphonesubinfo' via 26
W/ADB_SERVICES(11045): adb: unable to update oom_score_adj
D/ADB_SERVICES(30837):  closing because is_eof=1 r=-1 s->fde.force_eof=0
W/ADB_SERVICES(30837): entered. LS(10160) fd=26
E/WifiTrafficPoller(  832): TRAFFIC_STATS_POLL true Token 226 num clients 11
E/WifiTrafficPoller(  832):  packet count Tx=22547 Rx=26198
I/dex2oat (11039): dex2oat took 1.494s (threads: 4)
W/PackageManager(  832): Code path for pkg : com.example.testbitmap changing from /data/app/com.example.testbitmap-1 to /data/app/com.example.testbitmap-2
W/PackageManager(  832): Resource path for pkg : com.example.testbitmap changing from /data/app/com.example.testbitmap-1 to /data/app/com.example.testbitmap-2
I/ActivityManager(  832): Force stopping com.example.testbitmap appid=10184 user=-1: update pkg
E/WifiStateMachine(  832):  ConnectedState (when=-2ms what=131155 arg1=26!CMD_RSSI_POLL 26 0 "MIGU-12-02" 50:bd:5f:6f:4f:1a rssi=-42 f=2437 sc=60 link=150 tx=0.4, 0.0, 0.0  rx=0.4 bcn=0 [on:0 tx:0 rx:0 period:2994] from screen [on:0 period:-1996593344] gl hn u24 rssi=-37 ag=0 hr ticks 0,0,0 ls-=0 [56,56,56,56,61] brc=0 lrc=0
E/WifiStateMachine(  832):  L2ConnectedState (when=-3ms what=131155 arg1=26!CMD_RSSI_POLL 26 0 "MIGU-12-02" 50:bd:5f:6f:4f:1a rssi=-42 f=2437 sc=60 link=150 tx=0.4, 0.0, 0.0  rx=0.4 bcn=0 [on:0 tx:0 rx:0 period:1] from screen [on:0 period:-1996593343] gl hn u24 rssi=-37 ag=0 hr ticks 0,0,0 ls-=0 [56,56,56,56,61] brc=0 lrc=0
E/WifiStateMachine(  832):  get link layer stats 0
D/wpa_supplicant( 1163): wlan0: Control interface command 'SIGNAL_POLL'
I/thermal_repeater(  372): oh, queryMdThermalInfo (0)Bad file number
D/wifiJNI (  832): doStringCommand, buf IFNAME=wlan0 SIGNAL_POLL
I/WifiStateMachine(  832): fetchRssiLinkSpeedAndFrequencyNative, newRssi:-42, newLinkSpeed:150, SSID:"MIGU-12-02"
D/WifiRssiLevel(  832):  update rssi:-42, level:3
D/WifiStateMachine(  832): mLastSignalLevel:3, newSignalLevel:3
D/WifiStateMachine(  832): fetchRssiLinkSpeedAndFrequencyNative, ipAddr:1677830336
E/WifiConfigStore(  832): updateConfiguration freq=2437 BSSID=50:bd:5f:6f:4f:1a RSSI=-41 "MIGU-12-02"WPA_PSK
D/WifiRssiLevel(  832):  update rssi:-42, level:4
V/ActivityManager(  832): Broadcast sticky: Intent { act=android.net.wifi.RSSI_CHANGED flg=0x4000010 (has extras) } ordered=false userid=-1 callerApp=ProcessRecord{3e00014 832:system/1000}
I/thermal_repeater(  372): [recvMdThermalInfo] ret=29, strLen=127,  2, 32767, -127, -1, 32767, 2
V/ActivityManager(  832): Broadcast: Intent { act=android.intent.action.PACKAGE_REMOVED dat=package: flg=0x4000010 (has extras) } ordered=false userid=0 callerApp=null
I/ActivityManager(  832): Force stopping com.example.testbitmap appid=10184 user=0: pkg removed
V/ActivityManager(  832): Broadcast: Intent { act=com.htc.intent.action.pm.PACKAGE_INSTALLED dat=package: flg=0x10 } ordered=false userid=-1 callerApp=ProcessRecord{3e00014 832:system/1000}
V/ActivityManager(  832): Broadcast: Intent { act=android.intent.action.PACKAGE_ADDED dat=package: flg=0x4000010 (has extras) } ordered=false userid=0 callerApp=null
I/art     (13874): Explicit concurrent mark sweep GC freed 1071(113KB) AllocSpace objects, 5(165KB) LOS objects, 70% free, 1726KB/5MB, paused 1.079ms total 41.878ms
V/ActivityManager(  832): Broadcast: Intent { act=android.intent.action.PACKAGE_REPLACED dat=package: flg=0x4000010 (has extras) } ordered=false userid=0 callerApp=null
D/WifiRssiLevel( 1233):  update rssi:-42, level:3
D/DotMatrix( 1358): [EventService] mPackageInfoReceiver.onReceive, packageName: com.example.testbitmap
V/NetworkPolicy(  832): ACTION_PACKAGE_ADDED for uid=10184
I/[MirrorLinkServer]MirrorLinkServer(10228): Broadcast Received::Intent { act=android.intent.action.PACKAGE_REMOVED dat=package: flg=0x4000010 (has extras) }
D/[MirrorLinkServer]MirrorLinkServer(10228): ACTION_PACKAGE_REMOVED intent received
D/[MirrorLinkServer]MirrorLinkServer(10228): Counter : 1
D/[MirrorLinkServer]MirrorLinkConnectionReceiver(10228): notifyMlSevrer
D/NetworkController( 1233): updateWifiState: newRssi=-42 newLevel=3 lastWifiLevel=3 offload=false numLevels=4
D/DotMatrix( 1358): [EventService] mPackageInfoReceiver.onReceive, replacing: true, mCoverOn: false
D/SignalClusterView( 1233): vpn: GONE
D/SignalClusterView( 1233): wifi=V,stat_sys_wifi_signal_connected_4 air=G,stat_sys_signal_flightmode data[0]=G,(null) sig[0]=V,stat_sys_no_sim data[1]=G,(null) sig[1]=G,(null)
D/SignalClusterView( 1233): vpn: GONE
D/SignalClusterView( 1233): wifi=V,stat_sys_wifi_signal_connected_4 air=G,stat_sys_signal_flightmode data[0]=G,(null) sig[0]=V,stat_sys_no_sim data[1]=G,(null) sig[1]=G,(null)
I/plugin  ( 3970): com.example.testbitmapuninstall
D/ActivityThread( 1718): BDC-Calling onReceive: intent=Intent { act=android.intent.action.PACKAGE_REMOVED dat=package: flg=0x4000010 cmp=com.android.providers.contacts/.PackageIntentReceiver (has extras) }, receiver=com.android.providers.contacts.PackageIntentReceiver@98939b3
D/ActivityThread( 1718): BDC-RECEIVER handled : 0 / ReceiverData{intent=Intent { act=android.intent.action.PACKAGE_REMOVED dat=package: flg=0x4000010 cmp=com.android.providers.contacts/.PackageIntentReceiver (has extras) } packageName=com.android.providers.contacts resultCode=0 resultData=null resultExtras=null}
I/plugin  ( 3970): com.example.testbitmap install
W/AccTypeManager( 1323): No authenticator found for type=com.htc.friendstream.sinaweiboplugin, ignoring it.
D/AccTypeManager( 1323): Registering external account type=com.htc.linkedin, packageName=com.htc.sense.linkedin
I/art     ( 1595): Explicit concurrent mark sweep GC freed 39559(2MB) AllocSpace objects, 23(800KB) LOS objects, 39% free, 16MB/27MB, paused 1.107ms total 81.425ms
D/ActivityThread(10228): SVC-Calling onStartCommand: com.htc.mirrorlinkserver.MirrorLinkServer@20219845, flags=0, startId=6
I/art     (13748): Explicit concurrent mark sweep GC freed 34025(2MB) AllocSpace objects, 1(14KB) LOS objects, 43% free, 5MB/9MB, paused 1.484ms total 72.396ms
I/[MirrorLinkServer]MirrorLinkServer(10228): onStartCommand() Action : android.intent.action.PACKAGE_REMOVED
E/OpenGLRenderer( 1595): CacheDebug: releaseTexture, bitmap = 0xac2f34b8, ID = 1322
E/OpenGLRenderer( 1595): CacheDebug: releaseTexture, bitmap = 0xac2bc510, ID = 1318
E/OpenGLRenderer( 1595): CacheDebug: releaseTexture, bitmap = 0xac0ef940, ID = 1316
E/OpenGLRenderer( 1595): CacheDebug: releaseTexture, bitmap = 0xac1cf0b0, ID = 1315
W/Launcher.IconCache( 1595): error loading icon ActivityInfo{a968d69 com.example.testbitmap.MainActivity}
E/OpenGLRenderer( 1595): CacheDebug: releaseTexture, bitmap = 0xac04d388, ID = 1312
E/OpenGLRenderer( 1595): CacheDebug: releaseTexture, bitmap = 0xac0d5f50, ID = 1309
E/OpenGLRenderer( 1595): CacheDebug: releaseTexture, bitmap = 0xabe83d78, ID = 1297
D/ActivityThread(10228): SVC-SERVICE_ARGS handled : 0 / ServiceArgsData{token=android.os.BinderProxy@305d10bc startId=6 args=Intent { act=android.intent.action.PACKAGE_REMOVED cmp=com.htc.mirrorlinkserver/.MirrorLinkServer (has extras) }}
D/[MirrorLinkServer]MirrorLinkServer(10228): Application Removed
D/[MirrorLinkServer]MirrorLinkServer(10228):  Application removed : com.example.testbitmap
D/[MirrorLinkServer]d(10228): onApplicationRemoved
I/[MirrorLinkServer]d(10228): Package name found : com.example.testbitmap
I/Prism.ItemManager( 1595): loadItemsIfNotLoaded() isDelayLoad: false, isLoaded: true, isToLoad: false
I/Prism.ItemManager( 1595): loadItemsIfNotLoaded() isDelayLoad: true, isLoaded: false, isToLoad: false
W/Prism.AllAppsManager( 1595): AllAppsMgr addApps, already exist: ApplicationInfo(id=122, title=testBitmap, componentNameComponentInfo{com.example.testbitmap/com.example.testbitmap.MainActivity} appsContainer=<ALLAPPS>)
D/ActivityThread(10598): BDC-Calling onReceive: intent=Intent { act=android.intent.action.PACKAGE_REMOVED dat=package: flg=0x4000010 cmp=com.htc.home.personalize/com.htc.font.util.receiver.ApplyFontStyleReceiver (has extras) }, receiver=com.htc.font.util.receiver.ApplyFontStyleReceiver@1ce70ccb
D/ActivityThread(10598): BDC-RECEIVER handled : 0 / ReceiverData{intent=Intent { act=android.intent.action.PACKAGE_REMOVED dat=package: flg=0x4000010 cmp=com.htc.home.personalize/com.htc.font.util.receiver.ApplyFontStyleReceiver (has extras) } packageName=com.htc.home.personalize resultCode=0 resultData=null resultExtras=null}
I/[MirrorLinkServer]c(10228): onApplicationUpdationCompleted, sending broadcast
I/[MirrorLinkServer]MirrorLinkServer(10228): Broadcast Received::Intent { act=com.htc.HTCMirrorLinkServer.PACKAGE_UPDATE_COMPLETED }
D/[MirrorLinkServer]MirrorLinkServer(10228): ML_PACKAGE_UPDATE_COMPLETED intent received
D/[MirrorLinkServer]MirrorLinkServer(10228): Counter : 0
I/[MirrorLinkServer]MirrorLinkConnectionReceiver(10228): checkAndStopMLSession
I/[MirrorLinkServer]MirrorLinkConnectionReceiver(10228): Stopping Service
D/SQLiteDatabase( 1718): beginTransaction()
V/ActivityManager(  832): Broadcast: Intent { act=android.intent.action.MY_PACKAGE_REPLACED flg=0x4000010 pkg=com.example.testbitmap (has extras) } ordered=false userid=0 callerApp=null
W/Settings(  832): Setting install_non_market_apps has moved from android.provider.Settings.Global to android.provider.Settings.Secure, returning read-only value.
D/SQLiteDatabase( 1718): endTransaction()
D/ActivityThread( 1518): BDC-Calling onReceive: intent=Intent { act=android.intent.action.PACKAGE_REMOVED dat=package: flg=0x4000010 cmp=com.htc.sense.hsp/.opensense.pluginmanager.RegisterReceiver (has extras) }, receiver=com.htc.sense.hsp.opensense.pluginmanager.RegisterReceiver@b546691
I/art     (16216): Explicit concurrent mark sweep GC freed 416(23KB) AllocSpace objects, 0(0B) LOS objects, 33% free, 3MB/5MB, paused 284us total 89.854ms
D/PerfServiceManager(  832): [PerfService] notifyFrameUpdate - bDuringTouchBoost:false 
E/OpenGLRenderer( 1595): CacheDebug: clearGarbage, ID = 1322
E/OpenGLRenderer( 1595): CacheDebug: clearGarbage, ID = 1318
E/OpenGLRenderer( 1595): CacheDebug: clearGarbage, ID = 1316
E/OpenGLRenderer( 1595): CacheDebug: clearGarbage, ID = 1315
E/OpenGLRenderer( 1595): CacheDebug: clearGarbage, ID = 1312
E/OpenGLRenderer( 1595): CacheDebug: clearGarbage, ID = 1309
E/OpenGLRenderer( 1595): CacheDebug: clearGarbage, ID = 1297
I/BufferQueueProducer(  325): [com.htc.launcher/com.htc.launcher.Launcher](this:0x5580ab23d0,id:1024,api:1,p:1595,c:325) queueBuffer: fps=0.04 dur=27425.40 max=27425.40 min=27425.40
W/SystemReader(  832): Cannot find grip_rejection_width, use default value instead
D/ActivityThread( 1518): BDC-RECEIVER handled : 0 / ReceiverData{intent=Intent { act=android.intent.action.PACKAGE_REMOVED dat=package: flg=0x4000010 cmp=com.htc.sense.hsp/.opensense.pluginmanager.RegisterService (has extras) } packageName=com.htc.sense.hsp resultCode=0 resultData=null resultExtras=null}
D/ActivityThread( 1518): SVC-Creating service: CreateServiceData{token=android.os.BinderProxy@2f5609f6 className=com.htc.sense.hsp.opensense.pluginmanager.RegisterService packageName=com.htc.sense.hsp intent=null}
W/SystemReader(  832): Cannot find grip_rejection_width, use default value instead
W/ResourceType(  832): ResTable_typeSpec entry count inconsistent: given 1, previously 1426
D/ActivityThread( 1595): BDC-Calling onReceive: intent=Intent { act=android.intent.action.PACKAGE_REMOVED dat=package: flg=0x4000010 cmp=com.htc.launcher/.receiver.PackageStateReceiver (has extras) }, receiver=com.htc.launcher.receiver.PackageStateReceiver@3f943f1c
D/Prism.PackageStateRece_( 1595): action: android.intent.action.PACKAGE_REMOVED
D/ActivityThread( 1595): BDC-RECEIVER handled : 0 / ReceiverData{intent=Intent { act=android.intent.action.PACKAGE_REMOVED dat=package: flg=0x4000010 cmp=com.htc.launcher/.receiver.PackageStateReceiver (has extras) } packageName=com.htc.launcher resultCode=0 resultData=null resultExtras=null}
W/SystemReader(  832): Cannot find grip_rejection_width, use default value instead
D/ActivityThread( 1518): SVC-CREATE_SERVICE handled : 0 / CreateServiceData{token=android.os.BinderProxy@2f5609f6 className=com.htc.sense.hsp.opensense.pluginmanager.RegisterService packageName=com.htc.sense.hsp intent=null}
D/ActivityThread( 1518): SVC-Calling onStartCommand: com.htc.sense.hsp.opensense.pluginmanager.RegisterService@8ef61f7, flags=0, startId=1
W/AccTypeManager( 1323): No authenticator found for type=com.htc.friendstream.sinaweiboplugin, ignoring it.
D/ActivityThread( 1518): SVC-SERVICE_ARGS handled : 0 / ServiceArgsData{token=android.os.BinderProxy@2f5609f6 startId=1 args=Intent { act=android.intent.action.PACKAGE_REMOVED dat=package: flg=0x4000010 cmp=com.htc.sense.hsp/.opensense.pluginmanager.RegisterService (has extras) }}
D/AccTypeManager( 1323): Registering external account type=com.htc.linkedin, packageName=com.htc.sense.linkedin
I/[PluginManager]RegisterService( 1518): onHandleIntent, action: android.intent.action.PACKAGE_REMOVED, data: package:com.example.testbitmap
D/ActivityThread(10307): BDC-Calling onReceive: intent=Intent { act=android.intent.action.PACKAGE_REMOVED dat=package: flg=0x4000010 cmp=com.htc.sense.weiboplugin/.SSnsReceiver (has extras) }, receiver=com.htc.sense.weiboplugin.SSnsReceiver@274c3539
I/InputMethodManagerService(  832): [buildInputMethodListLocked] defaultImiId=com.iflytek.inputmethod/.FlyIME, resetDefaultEnabledIme=false
I/Comm    (10307): [ main: null:-1 onReceive ] - package changed 
I/Comm    (10307): [ main: null:-1 onReceive ] - check package change
D/ActivityThread(10307): BDC-RECEIVER handled : 0 / ReceiverData{intent=Intent { act=android.intent.action.PACKAGE_REMOVED dat=package: flg=0x4000010 cmp=com.htc.sense.weiboplugin/.SSnsReceiver (has extras) } packageName=com.htc.sense.weiboplugin resultCode=0 resultData=null resultExtras=null}
I/[PluginManager]RegisterService( 1518): handle notify Blinkfeed plugin client changed
D/libc-netbsd(13748): [getaddrinfo]: hostname=117.144.242.122; servname=(null); cache_mode=(null), netid=0; mark=0
D/libc-netbsd(13748): [getaddrinfo]: ai_addrlen=0; ai_canonname=(null); ai_flags=4; ai_family=0
D/Comm    (10307): [ AsyncTask #8: null:-1 m ] - get account of type length = com.htc.friendstream.sinaweiboplugin 0
D/libc-netbsd(13748): [getaddrinfo]: hostname=117.135.172.221; servname=(null); cache_mode=(null), netid=0; mark=0
D/libc-netbsd(13748): [getaddrinfo]: ai_addrlen=0; ai_canonname=(null); ai_flags=4; ai_family=0
D/ActivityThread(10623): BDC-Calling onReceive: intent=Intent { act=android.intent.action.PACKAGE_REMOVED dat=package: flg=0x4000010 cmp=com.android.keychain/.KeyChainBroadcastReceiver (has extras) }, receiver=com.android.keychain.KeyChainBroadcastReceiver@33a78afd
W/ContextImpl(10623): Calling a method in the system process without a qualified user: android.app.ContextImpl.startService:1780 android.content.ContextWrapper.startService:515 android.content.ContextWrapper.startService:515 com.android.keychain.KeyChainBroadcastReceiver.onReceive:12 android.app.ActivityThread.handleReceiver:2808 
V/ActivityManager(  832): Broadcast: Intent { act=com.htc.plugin.ACTION_SCAN_FINISH flg=0x10 (has extras) } ordered=false userid=0 callerApp=ProcessRecord{30df3e52 1518:com.htc.sense.hsp/u0a39}
E/Comm    (10307): [ AsyncTask #8: null:-1 d ] - Package not found: com.sina.weibo
D/Environment(13748): getStorageVolume,  volume:StorageVolume:
D/Environment(13748):     mStorageId=65537 mPath=/storage/emulated/0 mDescriptionId=17040782 
D/Environment(13748):     mPrimary=true mRemovable=false mEmulated=true mMtpReserveSpace=10 
D/Environment(13748):     mAllowMassStorage=false mMaxFileSize=0 mOwner=UserHandle{0} mUuid=null 
D/Environment(13748):     mUserLabel=null mState=mounted 
D/Environment(13748): getStorageVolume,  volume:StorageVolume:
D/Environment(13748):     mStorageId=131073 mPath=/storage/ext_sd mDescriptionId=17040783 
D/Environment(13748):     mPrimary=false mRemovable=true mEmulated=false mMtpReserveSpace=0 
D/Environment(13748):     mAllowMassStorage=false mMaxFileSize=4294967296 mOwner=null mUuid=null 
D/Environment(13748):     mUserLabel=null mState=removed 
D/Environment(13748): getStorageVolume,  volume:StorageVolume:
D/Environment(13748):     mStorageId=196609 mPath=/storage/usb mDescriptionId=17040784 
D/Environment(13748):     mPrimary=false mRemovable=true mEmulated=false mMtpReserveSpace=0 
D/Environment(13748):     mAllowMassStorage=false mMaxFileSize=4294967296 mOwner=null mUuid=null 
D/Environment(13748):     mUserLabel=null mState=removed 
D/ActivityThread(10623): BDC-RECEIVER handled : 0 / ReceiverData{intent=Intent { act=android.intent.action.PACKAGE_REMOVED dat=package: flg=0x4000010 cmp=com.android.keychain/.KeyChainService (has extras) } packageName=com.android.keychain resultCode=0 resultData=null resultExtras=null}
E/Comm    (10307): [ AsyncTask #8: null:-1 d ] - Package not found: com.sina.weibog3
I/Comm    (10307): [ AsyncTask #8: null:-1 a ] - Sina clients are not installed
D/ActivityThread(10623): SVC-Creating service: CreateServiceData{token=android.os.BinderProxy@75d73f2 className=com.android.keychain.KeyChainService packageName=com.android.keychain intent=null}
D/PMS     (  832): acquireWakeLockInternal: lock=395171959, flags=0x1, tag="i", ws=null, uid=10153, pid=13748
D/PMS     (  832): acquireWL(22639ce4): PARTIAL_WAKE_LOCK  i 0x1 13748 10153 null
D/PMS     (  832): updateWakeLockSummaryLocked: mWakefulness=Awake, mWakeLockSummary=0x23
D/PMS     (  832): updateUserActivitySummaryLocked: mWakefulness=Awake, mUserActivitySummary=0x1,56198817,1,7000,3600000, nextTimeout=59722294 (in 3523477 ms)
D/PMS     (  832): mDisplayPowerRequest.policy = 3
D/WifiDisplayAdapter(  832): getWifiDisplayStatusLocked: result=WifiDisplayStatus{featureState=2, scanState=0, activeDisplayState=0, activeDisplay=null, displays=[], sessionInfo=WifiDisplaySessionInfo: C/O:Client,GId:,Pp:,SId:0,IP:}
D/PMS     (  832): isWfdEnabled() mWfdStatus=WifiDisplayStatus{featureState=2, scanState=0, activeDisplayState=0, activeDisplay=null, displays=[], sessionInfo=WifiDisplaySessionInfo: C/O:Client,GId:,Pp:,SId:0,IP:}, return false
D/XAN-DPC (  832): requestPowerState: policy=BRIGHT, useProximitySensor=false, screenBrightness=142, screenAutoBrightnessAdjustment=0.0, useAutoBrightness=true, blockScreenOn=false, lowPowerMode=false, dozeScreenBrightness=-1, useOverrideBrightness=false, screenAutoBrightnessPercentage=100, dozeScreenState=UNKNOWN, waitForNegativeProximity=false
I/PMS     (  832): setBrightness mButtonLight 0.
D/PMN     (  832): onWakeLockAcquired: flags=1, tag="i", packageName=com.tencent.android.qqdownloader, ownerUid=10153, ownerPid=13748, workSource=null
I/System.out(13748): this.mCheckHandler:null
D/libc-netbsd(13748): [getaddrinfo]: hostname=117.144.242.122; servname=(null); cache_mode=(null), netid=0; mark=0
D/libc-netbsd(13748): [getaddrinfo]: ai_addrlen=0; ai_canonname=(null); ai_flags=4; ai_family=0
D/ActivityThread( 2514): BDC-Calling onReceive: intent=Intent { act=android.intent.action.PACKAGE_REMOVED dat=package: flg=0x4000010 cmp=com.halfbrick.fruitninja/cn.egame.terminal.sdk.EgameCoreReceiver (has extras) }, receiver=cn.egame.terminal.sdk.EgameCoreReceiver@2c9ece3d
D/ActivityThread(10623): SVC-CREATE_SERVICE handled : 0 / CreateServiceData{token=android.os.BinderProxy@75d73f2 className=com.android.keychain.KeyChainService packageName=com.android.keychain intent=null}
D/ActivityThread(10623): SVC-Calling onStartCommand: com.android.keychain.KeyChainService@3b4a4a43, flags=0, startId=1
D/ActivityThread(10623): SVC-SERVICE_ARGS handled : 0 / ServiceArgsData{token=android.os.BinderProxy@75d73f2 startId=1 args=Intent { act=android.intent.action.PACKAGE_REMOVED dat=package: flg=0x4000010 cmp=com.android.keychain/.KeyChainService (has extras) }}
I/System.out(13748): [CDS]close[57543]
D/libc-netbsd(13748): [getaddrinfo]: hostname=117.144.242.122; servname=(null); cache_mode=(null), netid=0; mark=0
D/libc-netbsd(13748): [getaddrinfo]: ai_addrlen=0; ai_canonname=(null); ai_flags=4; ai_family=0
I/System.out(13748): openConnection:1
D/libc-netbsd(13748): [getaddrinfo]: hostname=117.144.242.122; servname=(null); cache_mode=(null), netid=0; mark=0
D/libc-netbsd(13748): [getaddrinfo]: ai_addrlen=0; ai_canonname=(null); ai_flags=4; ai_family=0
I/System.out(13748): [socket][213] connection /117.144.242.122:80;LocalPort=56019(5000)
I/System.out(13748): [CDS]connect[/117.144.242.122:80] tm:5
D/SocketClient(  347): SocketClient sendData done: 
D/ActivityThread( 1518): SVC-Destroying service: com.htc.sense.hsp.opensense.pluginmanager.RegisterService@8ef61f7
D/ActivityThread( 1518): SVC-STOP_SERVICE handled : 0 / android.os.BinderProxy@2f5609f6
W/ResourcesManager(  832): Asset path '/system/framework/android.test.runner.jar' does not exist or contains no resources.
D/PhoneApp( 1485): -- PackageChangeBroadcastReceiver  action = android.intent.action.PACKAGE_REMOVED
D/Environment(13748): getStorageVolume,  volume:StorageVolume:
D/Environment(13748):     mStorageId=65537 mPath=/storage/emulated/0 mDescriptionId=17040782 
D/Environment(13748):     mPrimary=true mRemovable=false mEmulated=true mMtpReserveSpace=10 
D/Environment(13748):     mAllowMassStorage=false mMaxFileSize=0 mOwner=UserHandle{0} mUuid=null 
D/Environment(13748):     mUserLabel=null mState=mounted 
D/Environment(13748): getStorageVolume,  volume:StorageVolume:
D/Environment(13748):     mStorageId=131073 mPath=/storage/ext_sd mDescriptionId=17040783 
D/Environment(13748):     mPrimary=false mRemovable=true mEmulated=false mMtpReserveSpace=0 
D/Environment(13748):     mAllowMassStorage=false mMaxFileSize=4294967296 mOwner=null mUuid=null 
D/Environment(13748):     mUserLabel=null mState=removed 
D/Environment(13748): getStorageVolume,  volume:StorageVolume:
D/Environment(13748):     mStorageId=196609 mPath=/storage/usb mDescriptionId=17040784 
D/Environment(13748):     mPrimary=false mRemovable=true mEmulated=false mMtpReserveSpace=0 
D/Environment(13748):     mAllowMassStorage=false mMaxFileSize=4294967296 mOwner=null mUuid=null 
D/Environment(13748):     mUserLabel=null mState=removed 
D/SQLiteDatabase(10623): beginTransaction()
D/SQLiteDatabase(10623): endTransaction()
D/ActivityThread( 2514): BDC-RECEIVER handled : 0 / ReceiverData{intent=Intent { act=android.intent.action.PACKAGE_REMOVED dat=package: flg=0x4000010 cmp=com.halfbrick.fruitninja/cn.egame.terminal.sdk.EgameCoreReceiver (has extras) } packageName=com.halfbrick.fruitninja resultCode=0 resultData=null resultExtras=null}
D/ActivityThread( 2619): SVC-Calling onStartCommand: cn.egame.terminal.sdk.EgameCoreService@aa2fbd0, flags=0, startId=66
D/ActivityThread(10623): SVC-Destroying service: com.android.keychain.KeyChainService@3b4a4a43
D/ActivityThread(10623): SVC-STOP_SERVICE handled : 0 / android.os.BinderProxy@75d73f2
D/ActivityThread(13874): BDC-Calling onReceive: intent=Intent { act=android.intent.action.PACKAGE_REMOVED dat=package: flg=0x4000010 cmp=com.tencent.android.qqdownloader/com.qq.AppService.APKReceiver (has extras) }, receiver=com.qq.AppService.APKReceiver@2856a510
W/Searchables(  832): No global search activity found
V/ActivityManager(  832): Broadcast: Intent { act=android.search.action.SEARCHABLES_CHANGED flg=0x24000010 } ordered=false userid=0 callerApp=ProcessRecord{3e00014 832:system/1000}
W/Searchables(  832): No global search activity found
V/ActivityManager(  832): Broadcast: Intent { act=android.search.action.SEARCHABLES_CHANGED flg=0x24000010 } ordered=false userid=0 callerApp=ProcessRecord{3e00014 832:system/1000}
D/Environment(13748): getStorageVolume,  volume:StorageVolume:
D/Environment(13748):     mStorageId=65537 mPath=/storage/emulated/0 mDescriptionId=17040782 
D/Environment(13748):     mPrimary=true mRemovable=false mEmulated=true mMtpReserveSpace=10 
D/Environment(13748):     mAllowMassStorage=false mMaxFileSize=0 mOwner=UserHandle{0} mUuid=null 
D/Environment(13748):     mUserLabel=null mState=mounted 
D/Environment(13748): getStorageVolume,  volume:StorageVolume:
D/Environment(13748):     mStorageId=131073 mPath=/storage/ext_sd mDescriptionId=17040783 
D/Environment(13748):     mPrimary=false mRemovable=true mEmulated=false mMtpReserveSpace=0 
D/Environment(13748):     mAllowMassStorage=false mMaxFileSize=4294967296 mOwner=null mUuid=null 
D/Environment(13748):     mUserLabel=null mState=removed 
D/Environment(13748): getStorageVolume,  volume:StorageVolume:
D/Environment(13748):     mStorageId=196609 mPath=/storage/usb mDescriptionId=17040784 
D/Environment(13748):     mPrimary=false mRemovable=true mEmulated=false mMtpReserveSpace=0 
D/Environment(13748):     mAllowMassStorage=false mMaxFileSize=4294967296 mOwner=null mUuid=null 
D/Environment(13748):     mUserLabel=null mState=removed 
D/Environment(13748): getStorageVolume,  volume:StorageVolume:
D/Environment(13748):     mStorageId=65537 mPath=/storage/emulated/0 mDescriptionId=17040782 
D/Environment(13748):     mPrimary=true mRemovable=false mEmulated=true mMtpReserveSpace=10 
D/Environment(13748):     mAllowMassStorage=false mMaxFileSize=0 mOwner=UserHandle{0} mUuid=null 
D/Environment(13748):     mUserLabel=null mState=mounted 
D/Environment(13748): getStorageVolume,  volume:StorageVolume:
D/Environment(13748):     mStorageId=131073 mPath=/storage/ext_sd mDescriptionId=17040783 
D/Environment(13748):     mPrimary=false mRemovable=true mEmulated=false mMtpReserveSpace=0 
D/Environment(13748):     mAllowMassStorage=false mMaxFileSize=4294967296 mOwner=null mUuid=null 
D/Environment(13748):     mUserLabel=null mState=removed 
D/Environment(13748): getStorageVolume,  volume:StorageVolume:
D/Environment(13748):     mStorageId=196609 mPath=/storage/usb mDescriptionId=17040784 
D/Environment(13748):     mPrimary=false mRemovable=true mEmulated=false mMtpReserveSpace=0 
D/Environment(13748):     mAllowMassStorage=false mMaxFileSize=4294967296 mOwner=null mUuid=null 
D/Environment(13748):     mUserLabel=null mState=removed 
I/System.out(13748): [socket][/192.168.1.100:56019] connected
I/System.out(13748): [CDS]rx timeout:30000
I/System.out(13748): [CDS]SO_SND_TIMEOUT:0
I/System.out(13748): [CDS]SO_SNDBUF:8192
I/System.out(13748): snd buffer size:8192
I/System.out(13748): >doSendRequest
I/System.out(13748): <doSendRequest
D/ColorDrawable( 1595): Color = -16238508, canvas = android.view.GLES20RecordingCanvas@68cc7d0, mTintMode = SRC_IN, mTint = null, ColorDrawable = android.graphics.drawable.ColorDrawable@1c59fd6b
D/PhoneApp( 1485): -- PackageChangeBroadcastReceiver  action = android.intent.action.PACKAGE_ADDED
D/PhoneApp( 1485): -- PackageChangeBroadcastReceiver  action = android.intent.action.PACKAGE_REPLACED
D/Environment(13748): getStorageVolume,  volume:StorageVolume:
D/Environment(13748):     mStorageId=65537 mPath=/storage/emulated/0 mDescriptionId=17040782 
D/Environment(13748):     mPrimary=true mRemovable=false mEmulated=true mMtpReserveSpace=10 
D/Environment(13748):     mAllowMassStorage=false mMaxFileSize=0 mOwner=UserHandle{0} mUuid=null 
D/Environment(13748):     mUserLabel=null mState=mounted 
D/Environment(13748): getStorageVolume,  volume:StorageVolume:
D/Environment(13748):     mStorageId=131073 mPath=/storage/ext_sd mDescriptionId=17040783 
D/Environment(13748):     mPrimary=false mRemovable=true mEmulated=false mMtpReserveSpace=0 
D/Environment(13748):     mAllowMassStorage=false mMaxFileSize=4294967296 mOwner=null mUuid=null 
D/Environment(13748):     mUserLabel=null mState=removed 
D/Environment(13748): getStorageVolume,  volume:StorageVolume:
D/Environment(13748):     mStorageId=196609 mPath=/storage/usb mDescriptionId=17040784 
D/Environment(13748):     mPrimary=false mRemovable=true mEmulated=false mMtpReserveSpace=0 
D/Environment(13748):     mAllowMassStorage=false mMaxFileSize=4294967296 mOwner=null mUuid=null 
D/Environment(13748):     mUserLabel=null mState=removed 
D/Environment(13748): getStorageVolume,  volume:StorageVolume:
D/Environment(13748):     mStorageId=65537 mPath=/storage/emulated/0 mDescriptionId=17040782 
D/Environment(13748):     mPrimary=true mRemovable=false mEmulated=true mMtpReserveSpace=10 
D/Environment(13748):     mAllowMassStorage=false mMaxFileSize=0 mOwner=UserHandle{0} mUuid=null 
D/Environment(13748):     mUserLabel=null mState=mounted 
D/Environment(13748): getStorageVolume,  volume:StorageVolume:
D/Environment(13748):     mStorageId=131073 mPath=/storage/ext_sd mDescriptionId=17040783 
D/Environment(13748):     mPrimary=false mRemovable=true mEmulated=false mMtpReserveSpace=0 
D/Environment(13748):     mAllowMassStorage=false mMaxFileSize=4294967296 mOwner=null mUuid=null 
D/Environment(13748):     mUserLabel=null mState=removed 
D/Environment(13748): getStorageVolume,  volume:StorageVolume:
D/Environment(13748):     mStorageId=196609 mPath=/storage/usb mDescriptionId=17040784 
D/Environment(13748):     mPrimary=false mRemovable=true mEmulated=false mMtpReserveSpace=0 
D/Environment(13748):     mAllowMassStorage=false mMaxFileSize=4294967296 mOwner=null mUuid=null 
D/Environment(13748):     mUserLabel=null mState=removed 
D/ActivityThread(13874): BDC-RECEIVER handled : 0 / ReceiverData{intent=Intent { act=android.intent.action.PACKAGE_REMOVED dat=package: flg=0x4000010 cmp=com.tencent.android.qqdownloader/com.qq.AppService.APKReceiver (has extras) } packageName=com.tencent.android.qqdownloader resultCode=0 resultData=null resultExtras=null}
